07-19 07:22:04.048 31290 31408 E Cello   : [31408:NonCelloThread] drive_v2_cloud_store.cc:4865:DumpToLog resp.hdr 0xb400006fff2060f0: x-frame-options=SAMEORIGIN
07-19 07:22:04.048 31290 31408 E Cello   : [31408:NonCelloThread] drive_v2_cloud_store.cc:4865:DumpToLog resp.hdr 0xb400006fff2060f0: cache-control=private, max-age=0
07-19 07:22:04.048 31290 31408 E Cello   : [31408:NonCelloThread] drive_v2_cloud_store.cc:4865:DumpToLog resp.hdr 0xb400006fff2060f0: date=Tue, 18 Jul 2023 23:22:04 GMT
07-19 07:22:04.048 31290 31408 E Cello   : [31408:NonCelloThread] drive_v2_cloud_store.cc:4865:DumpToLog resp.hdr 0xb400006fff2060f0: content-type=application/json; charset=UTF-8
07-19 07:22:04.048 31290 31408 E Cello   : [31408:NonCelloThread] drive_v2_cloud_store.cc:4865:DumpToLog resp.hdr 0xb400006fff2060f0: x-xss-protection=0
07-19 07:22:04.048 31290 31408 E Cello   : [31408:NonCelloThread] drive_v2_cloud_store.cc:4865:DumpToLog Response body 0xb400006fff2060f0: {
07-19 07:22:04.048 31290 31408 E Cello   :   "error": {
07-19 07:22:04.048 31290 31408 E Cello   :     "code": 404,
07-19 07:22:04.048 31290 31408 E Cello   :     "message": "File not found: 1NWX8i9svYeUvpZcxpAYcAbnPV5K3OUj75eRCYis207c",
07-19 07:22:04.048 31290 31408 E Cello   :     "errors": [
07-19 07:22:04.048 31290 31408 E Cello   :       {
07-19 07:22:04.048 31290 31408 E Cello   :         "message": "File not found: 1NWX8i9svYeUvpZcxpAYcAbnPV5K3OUj75eRCYis207c",
07-19 07:22:04.048 31290 31408 E Cello   :         "domain": "global",
07-19 07:22:04.048 31290 31408 E Cello   :         "reason": "notFound",
07-19 07:22:04.048 31290 31408 E Cello   :         "location": "file",
07-19 07:22:04.048 31290 31408 E Cello   :         "locationType": "other"
07-19 07:22:04.048 31290 31408 E Cello   :       }
07-19 07:22:04.048 31290 31408 E Cello   :     ]
07-19 07:22:04.048 31290 31408 E Cello   :   }
07-19 07:22:04.048 31290 31408 E Cello   : }
07-19 07:22:04.048 31290 31408 E Cello   : 
07-19 07:22:04.048 31290 31408 E Cello   : [31408:NonCelloThread] label_handler.cc:75:operator() Fetch labels from cloud failed with status: drive::ds::Status::UNAVAILABLE_RESOURCE
07-19 07:22:04.891   576   667 I libPowerHal: [updateFPS] pid(31290) : 60 => 90
07-19 07:22:04.892   576   689 I libPowerHal: [perfNotifyAppState] pack:com.google.android.apps.docs.editors.docs, act:com.google.android.apps.docs.editors.kix.KixEditorActivity, state:5, pid:31290, uid:10195, fps:90
07-19 07:22:05.891   576   667 I libPowerHal: [updateFPS] pid(31290) : 90 => -1
07-19 07:22:05.892   576   689 I libPowerHal: [perfNotifyAppState] pack:com.google.android.apps.docs.editors.docs, act:com.google.android.apps.docs.editors.kix.KixEditorActivity, state:5, pid:31290, uid:10195, fps:-1
07-19 07:22:06.908 31290 31929 E Cello   : [31929:NonCelloThread] drive_v2_cloud_store.cc:4865:DumpToLog Request 0xb400006fff1d2950: 0 https://drivefrontend-pa.googleapis.com/v1/account transport: drive::ds::Status::CANCELLED reader: drive::ds::Status::SUCCESS
07-19 07:22:06.908 31290 31929 E Cello   : [31929:NonCelloThread] drive_v2_cloud_store.cc:4865:DumpToLog req.hdr 0xb400006fff1d2950: Content-Type=application/x-protobuf
07-19 07:22:06.908 31290 31929 E Cello   : [31929:NonCelloThread] drive_v2_cloud_store.cc:4865:DumpToLog req.hdr 0xb400006fff1d2950: X-Goog-Ext-472780938-bin=CgRCAEgB
07-19 07:22:06.908 31290 31929 E Cello   : [31929:NonCelloThread] drive_v2_cloud_store.cc:4865:DumpToLog req.hdr 0xb400006fff1d2950: X-Goog-FieldMask=account.metadata.quota.quota_bytes_total,account.metadata.quota.individual_bytes_limit,account.metadata.quota.quota_bytes_used,account.metadata.quota.quota_bytes_used_aggregate,account.metadata.quota.service_usage.bytes_used,account.metadata.quota.service_usage.service_key,account.metadata.quota.bytes_used_by_user,account.metadata.quota.bytes_used_by_team,account.metadata.quota.bytes_used_by_all_services,account.metadata.quota.quota_type,account.metadata.quota.quota_status,account.metadata.quota.grace_period_info.active,account.metadata.quota.grace_period_info.end_timestamp_millis,account.metadata.export_format,account.metadata.import_format,account.metadata.max_upload_size,account.user.domain,account.enterprise_settings.is_dasher_user,account.shared_drives_settings.can_create_shared_drives,account.shared_drives_settings.has_shared_drives,account.shared_drives_settings.can_interact_with_shared_drives,ac
07-19 07:22:06.908 31290 31929 E Cello   : [31929:NonCelloThread] drive_v2_cloud_store.cc:4865:DumpToLog Response body 0xb400006fff1d2950: (no response body)
07-19 07:22:06.941 31290 32583 E CelloAccountMetadataUpd: Failed to get account data.
07-19 07:22:06.941 31290 32583 E CelloAccountMetadataUpd: kkt: Cello error 8. Error. Failed task: getAccountAndUserSettings_15177827(Proto=# com.google.apps.drive.dataservice.AccountAndUserSettingsRequest@810936ed,)
07-19 07:22:06.941 31290 32583 E CelloAccountMetadataUpd: 	at ksv.a(PG:3)
07-19 07:22:06.941 31290 32583 E CelloAccountMetadataUpd: 	at ksz.f(PG:7)
07-19 07:22:06.941 31290 32583 E CelloAccountMetadataUpd: 	at kti$1.a(Unknown Source:2)
07-19 07:22:06.941 31290 32583 E CelloAccountMetadataUpd: 	at com.google.android.libraries.drive.core.impl.cello.jni.SlimJni__Cello_GetAccountAndUserSettingsCallback.call(PG:1)
07-19 07:22:06.941 31290 32583 E CelloAccountMetadataUpd: 	at com.google.android.libraries.drive.core.impl.cello.jni.SlimJni__HttpRequestContext.native_onError(Native Method)
07-19 07:22:06.941 31290 32583 E CelloAccountMetadataUpd: 	at com.google.android.libraries.drive.core.impl.cello.jni.SlimJni__HttpRequestContext.onError(Unknown Source:9)
07-19 07:22:06.941 31290 32583 E CelloAccountMetadataUpd: 	at gl.run(PG:23)
07-19 07:22:06.941 31290 32583 E CelloAccountMetadataUpd: 	at kub.c(PG:1)
07-19 07:22:06.941 31290 32583 E CelloAccountMetadataUpd: 	at mqz.call(PG:32)
07-19 07:22:06.941 31290 32583 E CelloAccountMetadataUpd: 	at acgl$b.a(Unknown Source:2)
07-19 07:22:06.941 31290 32583 E CelloAccountMetadataUpd: 	at acfx.run(PG:3)
07-19 07:22:06.941 31290 32583 E CelloAccountMetadataUpd: 	at acgl.run(Unknown Source:4)
07-19 07:22:06.941 31290 32583 E CelloAccountMetadataUpd: 	at java.util.concurrent.Executors$RunnableAdapter.call(Executors.java:462)
07-19 07:22:06.941 31290 32583 E CelloAccountMetadataUpd: 	at java.util.concurrent.FutureTask.run(FutureTask.java:266)
07-19 07:22:06.941 31290 32583 E CelloAccountMetadataUpd: 	at java.util.concurrent.ScheduledThreadPoolExecutor$ScheduledFutureTask.run(ScheduledThreadPoolExecutor.java:301)
07-19 07:22:06.941 31290 32583 E CelloAccountMetadataUpd: 	at java.util.concurrent.ThreadPoolExecutor.runWorker(ThreadPoolExecutor.java:1167)
07-19 07:22:06.941 31290 32583 E CelloAccountMetadataUpd: 	at java.util.concurrent.ThreadPoolExecutor$Worker.run(ThreadPoolExecutor.java:641)
07-19 07:22:06.941 31290 32583 E CelloAccountMetadataUpd: 	at java.lang.Thread.run(Thread.java:922)
07-19 07:22:06.941 31290 32583 E CelloAccountMetadataUpd: 	at kno.run(Unknown Source:5)
07-19 07:22:07.669 31290 31408 E Cello   : [31408:NonCelloThread] mutation_util.cc:269:ValidateMutateRequest Removing internal local property key: do-not-upload
07-19 07:22:09.254 31290 32516 E XmlHttpRequestRelay: (4) Thread interrupted
07-19 07:22:09.254 31290 32516 E XmlHttpRequestRelay: java.lang.InterruptedException
07-19 07:22:09.254 31290 32516 E XmlHttpRequestRelay: 	at iqi$3.run(PG:122)
07-19 07:22:09.254 31290 32516 E XmlHttpRequestRelay: 	at java.util.concurrent.ThreadPoolExecutor.runWorker(ThreadPoolExecutor.java:1167)
07-19 07:22:09.254 31290 32516 E XmlHttpRequestRelay: 	at java.util.concurrent.ThreadPoolExecutor$Worker.run(ThreadPoolExecutor.java:641)
07-19 07:22:09.254 31290 32516 E XmlHttpRequestRelay: 	at java.lang.Thread.run(Thread.java:922)
07-19 07:22:09.362 31290 31929 E Cello   : [31929:NonCelloThread] drive_v2_cloud_store.cc:4865:DumpToLog Request 0xb400006fff1d1770: 0 https://drivefrontend-pa.googleapis.com/v1/account transport: drive::ds::Status::CANCELLED reader: drive::ds::Status::SUCCESS
07-19 07:22:09.363 31290 31929 E Cello   : [31929:NonCelloThread] drive_v2_cloud_store.cc:4865:DumpToLog req.hdr 0xb400006fff1d1770: Content-Type=application/x-protobuf
07-19 07:22:09.363 31290 31929 E Cello   : [31929:NonCelloThread] drive_v2_cloud_store.cc:4865:DumpToLog req.hdr 0xb400006fff1d1770: X-Goog-Ext-472780938-bin=CgRCAEgB
07-19 07:22:09.363 31290 31929 E Cello   : [31929:NonCelloThread] drive_v2_cloud_store.cc:4865:DumpToLog req.hdr 0xb400006fff1d1770: X-Goog-FieldMask=account.metadata.quota.quota_bytes_total,account.metadata.quota.individual_bytes_limit,account.metadata.quota.quota_bytes_used,account.metadata.quota.quota_bytes_used_aggregate,account.metadata.quota.service_usage.bytes_used,account.metadata.quota.service_usage.service_key,account.metadata.quota.bytes_used_by_user,account.metadata.quota.bytes_used_by_team,account.metadata.quota.bytes_used_by_all_services,account.metadata.quota.quota_type,account.metadata.quota.quota_status,account.metadata.quota.grace_period_info.active,account.metadata.quota.grace_period_info.end_timestamp_millis,account.metadata.export_format,account.metadata.import_format,account.metadata.max_upload_size,account.user.domain,account.enterprise_settings.is_dasher_user,account.shared_drives_settings.can_create_shared_drives,account.shared_drives_settings.has_shared_drives,account.shared_drives_settings.can_interact_with_shared_drives,ac
07-19 07:22:09.363 31290 31929 E Cello   : [31929:NonCelloThread] drive_v2_cloud_store.cc:4865:DumpToLog Response body 0xb400006fff1d1770: (no response body)
07-19 07:22:09.365 31290 32583 E CelloAccountMetadataUpd: Failed to get account settings.
07-19 07:22:09.365 31290 32583 E CelloAccountMetadataUpd: kkt: Cello error 8. Error. Failed task: getAccountAndUserSettings_232689293(Proto=# com.google.apps.drive.dataservice.AccountAndUserSettingsRequest@810936ed,)
07-19 07:22:09.365 31290 32583 E CelloAccountMetadataUpd: 	at ksv.a(PG:3)
07-19 07:22:09.365 31290 32583 E CelloAccountMetadataUpd: 	at ksz.f(PG:7)
07-19 07:22:09.365 31290 32583 E CelloAccountMetadataUpd: 	at kti$1.a(Unknown Source:2)
07-19 07:22:09.365 31290 32583 E CelloAccountMetadataUpd: 	at com.google.android.libraries.drive.core.impl.cello.jni.SlimJni__Cello_GetAccountAndUserSettingsCallback.call(PG:1)
07-19 07:22:09.365 31290 32583 E CelloAccountMetadataUpd: 	at com.google.android.libraries.drive.core.impl.cello.jni.SlimJni__HttpRequestContext.native_onError(Native Method)
07-19 07:22:09.365 31290 32583 E CelloAccountMetadataUpd: 	at com.google.android.libraries.drive.core.impl.cello.jni.SlimJni__HttpRequestContext.onError(Unknown Source:9)
07-19 07:22:09.365 31290 32583 E CelloAccountMetadataUpd: 	at gl.run(PG:23)
07-19 07:22:09.365 31290 32583 E CelloAccountMetadataUpd: 	at kub.c(PG:1)
07-19 07:22:09.365 31290 32583 E CelloAccountMetadataUpd: 	at mqz.call(PG:32)
07-19 07:22:09.365 31290 32583 E CelloAccountMetadataUpd: 	at acgl$b.a(Unknown Source:2)
07-19 07:22:09.365 31290 32583 E CelloAccountMetadataUpd: 	at acfx.run(PG:3)
07-19 07:22:09.365 31290 32583 E CelloAccountMetadataUpd: 	at acgl.run(Unknown Source:4)
07-19 07:22:09.365 31290 32583 E CelloAccountMetadataUpd: 	at java.util.concurrent.Executors$RunnableAdapter.call(Executors.java:462)
07-19 07:22:09.365 31290 32583 E CelloAccountMetadataUpd: 	at java.util.concurrent.FutureTask.run(FutureTask.java:266)
07-19 07:22:09.365 31290 32583 E CelloAccountMetadataUpd: 	at java.util.concurrent.ScheduledThreadPoolExecutor$ScheduledFutureTask.run(ScheduledThreadPoolExecutor.java:301)
07-19 07:22:09.365 31290 32583 E CelloAccountMetadataUpd: 	at java.util.concurrent.ThreadPoolExecutor.runWorker(ThreadPoolExecutor.java:1167)
07-19 07:22:09.365 31290 32583 E CelloAccountMetadataUpd: 	at java.util.concurrent.ThreadPoolExecutor$Worker.run(ThreadPoolExecutor.java:641)
07-19 07:22:09.365 31290 32583 E CelloAccountMetadataUpd: 	at java.lang.Thread.run(Thread.java:922)
07-19 07:22:09.365 31290 32583 E CelloAccountMetadataUpd: 	at kno.run(Unknown Source:5)
07-19 07:22:09.373 31290 31575 E Cello   : [31575:NonCelloThread] item_query_handler.cc:78:CheckQueryAgainstInternalItemLocalProperty Querying on internal item local property key: pinned
07-19 07:22:09.404 31290 31866 E Cello   : [31866:NonCelloThread] item_query_handler.cc:78:CheckQueryAgainstInternalItemLocalProperty Querying on internal item local property key: pinned
07-19 07:22:09.432 31290 31888 E Cello   : [31888:NonCelloThread] item_query_handler.cc:78:CheckQueryAgainstInternalItemLocalProperty Querying on internal item local property key: pinned
07-19 07:22:09.460 31290 31788 E Cello   : [31788:NonCelloThread] item_query_handler.cc:78:CheckQueryAgainstInternalItemLocalProperty Querying on internal item local property key: pinned
07-19 07:22:09.500 31290 31750 E Cello   : [31750:NonCelloThread] item_query_handler.cc:78:CheckQueryAgainstInternalItemLocalProperty Querying on internal item local property key: pinned
07-19 07:22:09.561 31290 31721 E Cello   : [31721:NonCelloThread] item_query_handler.cc:78:CheckQueryAgainstInternalItemLocalProperty Querying on internal item local property key: pinned
07-19 07:22:09.592 31290 31929 E Cello   : [31929:NonCelloThread] item_query_handler.cc:78:CheckQueryAgainstInternalItemLocalProperty Querying on internal item local property key: pinned
07-19 07:22:09.610 31290 31408 E Cello   : [31408:NonCelloThread] item_query_handler.cc:78:CheckQueryAgainstInternalItemLocalProperty Querying on internal item local property key: pinned
07-19 07:22:10.616 31290 31668 E Cello   : [31668:NonCelloThread] item_query_handler.cc:78:CheckQueryAgainstInternalItemLocalProperty Querying on internal item local property key: pinned
07-19 07:22:11.328 31290 31290 E SyncAppJsvmLoader: Unable to process access request.
07-19 07:22:11.332 31290 31555 E SyncAppLoader: JSVM load failed
07-19 07:22:11.332 31290 31555 E SyncAppLoader: ihq: JSVM load error
07-19 07:22:11.332 31290 31555 E SyncAppLoader: 	at hpv.c(PG:1)
07-19 07:22:11.332 31290 31555 E SyncAppLoader: 	at ecm.c(PG:1)
07-19 07:22:11.332 31290 31555 E SyncAppLoader: 	at aeqf.hR(PG:3)
07-19 07:22:11.332 31290 31555 E SyncAppLoader: 	at aeqs$a.run(PG:2)
07-19 07:22:11.332 31290 31555 E SyncAppLoader: 	at aenv$b.run(PG:1)
07-19 07:22:11.332 31290 31555 E SyncAppLoader: 	at android.os.Handler.handleCallback(Handler.java:938)
07-19 07:22:11.332 31290 31555 E SyncAppLoader: 	at android.os.Handler.dispatchMessage(Handler.java:99)
07-19 07:22:11.332 31290 31555 E SyncAppLoader: 	at android.os.Looper.loopOnce(Looper.java:233)
07-19 07:22:11.332 31290 31555 E SyncAppLoader: 	at android.os.Looper.loop(Looper.java:334)
07-19 07:22:11.332 31290 31555 E SyncAppLoader: 	at android.app.ActivityThread.main(ActivityThread.java:8396)
07-19 07:22:11.332 31290 31555 E SyncAppLoader: 	at java.lang.reflect.Method.invoke(Native Method)
07-19 07:22:11.332 31290 31555 E SyncAppLoader: 	at com.android.internal.os.RuntimeInit$MethodAndArgsCaller.run(RuntimeInit.java:582)
07-19 07:22:11.332 31290 31555 E SyncAppLoader: 	at com.android.internal.os.ZygoteInit.main(ZygoteInit.java:1068)
07-19 07:22:12.007 31290 31929 E Cello   : [31929:NonCelloThread] drive_v2_cloud_store.cc:4865:DumpToLog Request 0xb400006fff238970: 0 https://www.googleapis.com/drive/v2internal/changes?supportsAllDrives=true&includeItemsFromAllDrives=true&includeCorpusRemovals=true&includeDeleted=true&includeSubscribed=true&spaces=DRIVE&startChangeId=1&fields=kind%2clargestChangeId%2cselfLink&maxResults=1&reason=939&featureLabel=android-sync-native transport: drive::ds::Status::CANCELLED reader: drive::ds::Status::SUCCESS
07-19 07:22:12.007 31290 31929 E Cello   : [31929:NonCelloThread] drive_v2_cloud_store.cc:4865:DumpToLog Response body 0xb400006fff238970: (no response body)
07-19 07:22:12.008 31290 31929 E Cello   : [31929:NonCelloThread] fetch_task.cc:985:FetchCloudChangeIds Can't get largest change id: drive::ds::Status::CANCELLED
07-19 07:22:12.018 31290 32583 E SyncManagerImpl: SyncException
07-19 07:22:12.018 31290 32583 E SyncManagerImpl: fbs: kkt: Cello error 8. Error. Failed task: pollForChanges_105132585(PollForChangesOptions={"requestDescriptor": {"reason": 939},"pollOnce": true,"maxRetryCount": 3,"pollReason": 0,"skipPollingTeamDrives": true},)
07-19 07:22:12.018 31290 32583 E SyncManagerImpl: 	at exw.e(PG:22)
07-19 07:22:12.018 31290 32583 E SyncManagerImpl: 	at fbx.e(PG:23)
07-19 07:22:12.018 31290 32583 E SyncManagerImpl: 	at fbt.run(PG:14)
07-19 07:22:12.018 31290 32583 E SyncManagerImpl: 	at fbx.f(PG:11)
07-19 07:22:12.018 31290 32583 E SyncManagerImpl: 	at fbv.run(PG:5)
07-19 07:22:12.018 31290 32583 E SyncManagerImpl: Caused by: kkt: Cello error 8. Error. Failed task: pollForChanges_105132585(PollForChangesOptions={"requestDescriptor": {"reason": 939},"pollOnce": true,"maxRetryCount": 3,"pollReason": 0,"skipPollingTeamDrives": true},)
07-19 07:22:12.018 31290 32583 E SyncManagerImpl: 	at ksv.a(PG:3)
07-19 07:22:12.018 31290 32583 E SyncManagerImpl: 	at ksz.f(PG:7)
07-19 07:22:12.018 31290 32583 E SyncManagerImpl: 	at kxw.a(Unknown Source:2)
07-19 07:22:12.018 31290 32583 E SyncManagerImpl: 	at com.google.android.libraries.drive.core.impl.cello.jni.SlimJni__Cello_PollForChangesCallback.call(PG:1)
07-19 07:22:12.018 31290 32583 E SyncManagerImpl: 	at com.google.android.libraries.drive.core.impl.cello.jni.SlimJni__PlatformDelegate_Task.native_run(Native Method)
07-19 07:22:12.018 31290 32583 E SyncManagerImpl: 	at com.google.android.libraries.drive.core.impl.cello.jni.SlimJni__PlatformDelegate_Task.run(Unknown Source:9)
07-19 07:22:12.018 31290 32583 E SyncManagerImpl: 	at kdk.run(PG:182)
07-19 07:22:12.018 31290 32583 E SyncManagerImpl: 	at java.util.concurrent.Executors$RunnableAdapter.call(Executors.java:462)
07-19 07:22:12.018 31290 32583 E SyncManagerImpl: 	at acgl$b.a(Unknown Source:2)
07-19 07:22:12.018 31290 32583 E SyncManagerImpl: 	at acfx.run(PG:3)
07-19 07:22:12.018 31290 32583 E SyncManagerImpl: 	at acgl.run(Unknown Source:4)
07-19 07:22:12.018 31290 32583 E SyncManagerImpl: 	at java.util.concurrent.Executors$RunnableAdapter.call(Executors.java:462)
07-19 07:22:12.018 31290 32583 E SyncManagerImpl: 	at java.util.concurrent.FutureTask.run(FutureTask.java:266)
07-19 07:22:12.018 31290 32583 E SyncManagerImpl: 	at java.util.concurrent.ScheduledThreadPoolExecutor$ScheduledFutureTask.run(ScheduledThreadPoolExecutor.java:301)
07-19 07:22:12.018 31290 32583 E SyncManagerImpl: 	at java.util.concurrent.ThreadPoolExecutor.runWorker(ThreadPoolExecutor.java:1167)
07-19 07:22:12.018 31290 32583 E SyncManagerImpl: 	at java.util.concurrent.ThreadPoolExecutor$Worker.run(ThreadPoolExecutor.java:641)
07-19 07:22:12.018 31290 32583 E SyncManagerImpl: 	at java.lang.Thread.run(Thread.java:922)
07-19 07:22:12.018 31290 32583 E SyncManagerImpl: 	at kno.run(Unknown Source:5)
07-19 07:22:12.774 31290 31290 E SyncAppJsvmLoader: Unable to process access request.
07-19 07:22:12.775 31290 31555 E SyncAppLoader: JSVM load failed
07-19 07:22:12.775 31290 31555 E SyncAppLoader: ihq: JSVM load error
07-19 07:22:12.775 31290 31555 E SyncAppLoader: 	at hpv.c(PG:1)
07-19 07:22:12.775 31290 31555 E SyncAppLoader: 	at ecm.c(PG:1)
07-19 07:22:12.775 31290 31555 E SyncAppLoader: 	at aeqf.hR(PG:3)
07-19 07:22:12.775 31290 31555 E SyncAppLoader: 	at aeqs$a.run(PG:2)
07-19 07:22:12.775 31290 31555 E SyncAppLoader: 	at aenv$b.run(PG:1)
07-19 07:22:12.775 31290 31555 E SyncAppLoader: 	at android.os.Handler.handleCallback(Handler.java:938)
07-19 07:22:12.775 31290 31555 E SyncAppLoader: 	at android.os.Handler.dispatchMessage(Handler.java:99)
07-19 07:22:12.775 31290 31555 E SyncAppLoader: 	at android.os.Looper.loopOnce(Looper.java:233)
07-19 07:22:12.775 31290 31555 E SyncAppLoader: 	at android.os.Looper.loop(Looper.java:334)
07-19 07:22:12.775 31290 31555 E SyncAppLoader: 	at android.app.ActivityThread.main(ActivityThread.java:8396)
07-19 07:22:12.775 31290 31555 E SyncAppLoader: 	at java.lang.reflect.Method.invoke(Native Method)
07-19 07:22:12.775 31290 31555 E SyncAppLoader: 	at com.android.internal.os.RuntimeInit$MethodAndArgsCaller.run(RuntimeInit.java:582)
07-19 07:22:12.775 31290 31555 E SyncAppLoader: 	at com.android.internal.os.ZygoteInit.main(ZygoteInit.java:1068)
07-19 07:22:13.315 31290 31290 E SyncAppJsvmLoader: Unable to process access request.
07-19 07:22:13.316 31290 31555 E SyncAppLoader: JSVM load failed
07-19 07:22:13.316 31290 31555 E SyncAppLoader: ihq: JSVM load error
07-19 07:22:13.316 31290 31555 E SyncAppLoader: 	at hpv.c(PG:1)
07-19 07:22:13.316 31290 31555 E SyncAppLoader: 	at ecm.c(PG:1)
07-19 07:22:13.316 31290 31555 E SyncAppLoader: 	at aeqf.hR(PG:3)
07-19 07:22:13.316 31290 31555 E SyncAppLoader: 	at aeqs$a.run(PG:2)
07-19 07:22:13.316 31290 31555 E SyncAppLoader: 	at aenv$b.run(PG:1)
07-19 07:22:13.316 31290 31555 E SyncAppLoader: 	at android.os.Handler.handleCallback(Handler.java:938)
07-19 07:22:13.316 31290 31555 E SyncAppLoader: 	at android.os.Handler.dispatchMessage(Handler.java:99)
07-19 07:22:13.316 31290 31555 E SyncAppLoader: 	at android.os.Looper.loopOnce(Looper.java:233)
07-19 07:22:13.316 31290 31555 E SyncAppLoader: 	at android.os.Looper.loop(Looper.java:334)
07-19 07:22:13.316 31290 31555 E SyncAppLoader: 	at android.app.ActivityThread.main(ActivityThread.java:8396)
07-19 07:22:13.316 31290 31555 E SyncAppLoader: 	at java.lang.reflect.Method.invoke(Native Method)
07-19 07:22:13.316 31290 31555 E SyncAppLoader: 	at com.android.internal.os.RuntimeInit$MethodAndArgsCaller.run(RuntimeInit.java:582)
07-19 07:22:13.316 31290 31555 E SyncAppLoader: 	at com.android.internal.os.ZygoteInit.main(ZygoteInit.java:1068)
07-19 07:22:15.837 31290 31408 E Cello   : [31408:NonCelloThread] drive_v2_cloud_store.cc:4865:DumpToLog Request 0xb400006fff2c8cb0: 412 https://www.googleapis.com/drive/v2internal/files/1NWX8i9svYeUvpZcxpAYcAbnPV5K3OUj75eRCYis207c?enforceSingleParent=true&languageCode=en-US&modifiedDateBehavior=DRIVE_UI_OFFLINE&supportsAllDrives=true&updateViewedDate=false&fields=customerId%2cactionItems%2chasAugmentedPermissions%2ccreatedDate%2cmodifiedDate%2creadersCanSeeComments%2cabuseNoticeReason%2ccapabilities%28canReadDrive%2ccanBlockOwner%2ccanMoveChildrenWithinDrive%2ccanTrash%2ccanAcceptOwnership%2ccanDeleteChildren%2ccanDownload%2ccanMoveChildrenOutOfDrive%2ccanRemoveChildren%2ccanModifyContent%2ccanShare%2ccanComment%2ccanShareChildFiles%2ccanShareToAllUsers%2ccanRequestApproval%2ccanUntrash%2ccanDelete%2ccanMoveItemWithinDrive%2ccanListChildren%2ccanReportSpamOrAbuse%2ccanChangePermissionExpiration%2ccanShareChildFolders%2ccanManageVisitors%2ccanPrint%2ccanAddMyDriveParent%2ccanMoveItemOutOfDrive%2ccanShareAsCommenter%2ccanShareAsFileOrganizer%2ccanShar
07-19 07:22:15.837 31290 31408 E Cello   : [31408:NonCelloThread] drive_v2_cloud_store.cc:4865:DumpToLog req.hdr 0xb400006fff2c8cb0: Content-Type=application/json
07-19 07:22:15.837 31290 31408 E Cello   : [31408:NonCelloThread] drive_v2_cloud_store.cc:4865:DumpToLog req.hdr 0xb400006fff2c8cb0: If-Match="1689722526755"
07-19 07:22:15.837 31290 31408 E Cello   : [31408:NonCelloThread] drive_v2_cloud_store.cc:4865:DumpToLog resp.hdr 0xb400006fff2c8cb0: date=Tue, 18 Jul 2023 23:22:16 GMT
07-19 07:22:15.837 31290 31408 E Cello   : [31408:NonCelloThread] drive_v2_cloud_store.cc:4865:DumpToLog resp.hdr 0xb400006fff2c8cb0: vary=Origin, X-Origin
07-19 07:22:15.837 31290 31408 E Cello   : [31408:NonCelloThread] drive_v2_cloud_store.cc:4865:DumpToLog resp.hdr 0xb400006fff2c8cb0: alt-svc=h3=":443"; ma=2592000,h3-29=":443"; ma=2592000
07-19 07:22:15.837 31290 31408 E Cello   : [31408:NonCelloThread] drive_v2_cloud_store.cc:4865:DumpToLog resp.hdr 0xb400006fff2c8cb0: x-xss-protection=0
07-19 07:22:15.837 31290 31408 E Cello   : [31408:NonCelloThread] drive_v2_cloud_store.cc:4865:DumpToLog resp.hdr 0xb400006fff2c8cb0: x-frame-options=SAMEORIGIN
07-19 07:22:15.837 31290 31408 E Cello   : [31408:NonCelloThread] drive_v2_cloud_store.cc:4865:DumpToLog resp.hdr 0xb400006fff2c8cb0: expires=Tue, 18 Jul 2023 23:22:16 GMT
07-19 07:22:15.837 31290 31408 E Cello   : [31408:NonCelloThread] drive_v2_cloud_store.cc:4865:DumpToLog resp.hdr 0xb400006fff2c8cb0: content-length=165
07-19 07:22:15.837 31290 31408 E Cello   : [31408:NonCelloThread] drive_v2_cloud_store.cc:4865:DumpToLog resp.hdr 0xb400006fff2c8cb0: server=ESF
07-19 07:22:15.837 31290 31408 E Cello   : [31408:NonCelloThread] drive_v2_cloud_store.cc:4865:DumpToLog resp.hdr 0xb400006fff2c8cb0: content-encoding=gzip
07-19 07:22:15.838 31290 31408 E Cello   : [31408:NonCelloThread] drive_v2_cloud_store.cc:4865:DumpToLog resp.hdr 0xb400006fff2c8cb0: x-content-type-options=nosniff
07-19 07:22:15.838 31290 31408 E Cello   : [31408:NonCelloThread] drive_v2_cloud_store.cc:4865:DumpToLog resp.hdr 0xb400006fff2c8cb0: content-type=application/json; charset=UTF-8
07-19 07:22:15.838 31290 31408 E Cello   : [31408:NonCelloThread] drive_v2_cloud_store.cc:4865:DumpToLog resp.hdr 0xb400006fff2c8cb0: cache-control=private, max-age=0
07-19 07:22:15.838 31290 31408 E Cello   : [31408:NonCelloThread] drive_v2_cloud_store.cc:4865:DumpToLog Response body 0xb400006fff2c8cb0: {
07-19 07:22:15.838 31290 31408 E Cello   :   "error": {
07-19 07:22:15.838 31290 31408 E Cello   :     "code": 412,
07-19 07:22:15.838 31290 31408 E Cello   :     "message": "Precondition Failed",
07-19 07:22:15.838 31290 31408 E Cello   :     "errors": [
07-19 07:22:15.838 31290 31408 E Cello   :       {
07-19 07:22:15.838 31290 31408 E Cello   :         "message": "Precondition Failed",
07-19 07:22:15.838 31290 31408 E Cello   :         "domain": "global",
07-19 07:22:15.838 31290 31408 E Cello   :         "reason": "conditionNotMet",
07-19 07:22:15.838 31290 31408 E Cello   :         "location": "If-Match",
07-19 07:22:15.838 31290 31408 E Cello   :         "locationType": "header"
07-19 07:22:15.838 31290 31408 E Cello   :       }
07-19 07:22:15.838 31290 31408 E Cello   :     ]
07-19 07:22:15.838 31290 31408 E Cello   :   }
07-19 07:22:15.838 31290 31408 E Cello   : }
07-19 07:22:15.838 31290 31408 E Cello   : 
07-19 07:22:15.838 31290 31408 E Cello   : [31408:NonCelloThread] push_task.cc:2484:ProcessSingleBatchResponse Batched update failed. Response:
07-19 07:22:15.838 31290 31408 E Cello   : MessageLite at 0xb400006fbf3e72d0
07-19 07:22:15.839 31290 31408 E Cello   : [31408:NonCelloThread] push_task.cc:2506:ProcessSingleBatchResponse Precondition failed, etag sent was: "1689722526755"
07-19 07:22:26.521 31290 31929 E Cello   : [31929:NonCelloThread] drive_v2_cloud_store.cc:4865:DumpToLog Request 0xb400006fff31f290: 0 https://drivefrontend-pa.googleapis.com/v1/account transport: drive::ds::Status::CANCELLED reader: drive::ds::Status::SUCCESS
07-19 07:22:26.521 31290 31929 E Cello   : [31929:NonCelloThread] drive_v2_cloud_store.cc:4865:DumpToLog req.hdr 0xb400006fff31f290: Content-Type=application/x-protobuf
07-19 07:22:26.521 31290 31929 E Cello   : [31929:NonCelloThread] drive_v2_cloud_store.cc:4865:DumpToLog req.hdr 0xb400006fff31f290: X-Goog-Ext-472780938-bin=CgRCAEgB
07-19 07:22:26.521 31290 31929 E Cello   : [31929:NonCelloThread] drive_v2_cloud_store.cc:4865:DumpToLog req.hdr 0xb400006fff31f290: X-Goog-FieldMask=account.metadata.quota.quota_bytes_total,account.metadata.quota.individual_bytes_limit,account.metadata.quota.quota_bytes_used,account.metadata.quota.quota_bytes_used_aggregate,account.metadata.quota.service_usage.bytes_used,account.metadata.quota.service_usage.service_key,account.metadata.quota.bytes_used_by_user,account.metadata.quota.bytes_used_by_team,account.metadata.quota.bytes_used_by_all_services,account.metadata.quota.quota_type,account.metadata.quota.quota_status,account.metadata.quota.grace_period_info.active,account.metadata.quota.grace_period_info.end_timestamp_millis,account.metadata.export_format,account.metadata.import_format,account.metadata.max_upload_size,account.user.domain,account.enterprise_settings.is_dasher_user,account.shared_drives_settings.can_create_shared_drives,account.shared_drives_settings.has_shared_drives,account.shared_drives_settings.can_interact_with_shared_drives,ac
07-19 07:22:26.522 31290 31929 E Cello   : [31929:NonCelloThread] drive_v2_cloud_store.cc:4865:DumpToLog Response body 0xb400006fff31f290: (no response body)
07-19 07:22:26.526 31290   967 E CelloAccountMetadataUpd: Failed to get account data.
07-19 07:22:26.526 31290   967 E CelloAccountMetadataUpd: kkt: Cello error 8. Error. Failed task: getAccountAndUserSettings_113012685(Proto=# com.google.apps.drive.dataservice.AccountAndUserSettingsRequest@810936ed,)
07-19 07:22:26.526 31290   967 E CelloAccountMetadataUpd: 	at ksv.a(PG:3)
07-19 07:22:26.526 31290   967 E CelloAccountMetadataUpd: 	at ksz.f(PG:7)
07-19 07:22:26.526 31290   967 E CelloAccountMetadataUpd: 	at kti$1.a(Unknown Source:2)
07-19 07:22:26.526 31290   967 E CelloAccountMetadataUpd: 	at com.google.android.libraries.drive.core.impl.cello.jni.SlimJni__Cello_GetAccountAndUserSettingsCallback.call(PG:1)
07-19 07:22:26.526 31290   967 E CelloAccountMetadataUpd: 	at com.google.android.libraries.drive.core.impl.cello.jni.SlimJni__HttpRequestContext.native_onError(Native Method)
07-19 07:22:26.526 31290   967 E CelloAccountMetadataUpd: 	at com.google.android.libraries.drive.core.impl.cello.jni.SlimJni__HttpRequestContext.onError(Unknown Source:9)
07-19 07:22:26.526 31290   967 E CelloAccountMetadataUpd: 	at gl.run(PG:23)
07-19 07:22:26.526 31290   967 E CelloAccountMetadataUpd: 	at kub.c(PG:1)
07-19 07:22:26.526 31290   967 E CelloAccountMetadataUpd: 	at mqz.call(PG:32)
07-19 07:22:26.526 31290   967 E CelloAccountMetadataUpd: 	at acgl$b.a(Unknown Source:2)
07-19 07:22:26.526 31290   967 E CelloAccountMetadataUpd: 	at acfx.run(PG:3)
07-19 07:22:26.526 31290   967 E CelloAccountMetadataUpd: 	at acgl.run(Unknown Source:4)
07-19 07:22:26.526 31290   967 E CelloAccountMetadataUpd: 	at java.util.concurrent.Executors$RunnableAdapter.call(Executors.java:462)
07-19 07:22:26.526 31290   967 E CelloAccountMetadataUpd: 	at java.util.concurrent.FutureTask.run(FutureTask.java:266)
07-19 07:22:26.526 31290   967 E CelloAccountMetadataUpd: 	at java.util.concurrent.ScheduledThreadPoolExecutor$ScheduledFutureTask.run(ScheduledThreadPoolExecutor.java:301)
07-19 07:22:26.526 31290   967 E CelloAccountMetadataUpd: 	at java.util.concurrent.ThreadPoolExecutor.runWorker(ThreadPoolExecutor.java:1167)
07-19 07:22:26.526 31290   967 E CelloAccountMetadataUpd: 	at java.util.concurrent.ThreadPoolExecutor$Worker.run(ThreadPoolExecutor.java:641)
07-19 07:22:26.526 31290   967 E CelloAccountMetadataUpd: 	at java.lang.Thread.run(Thread.java:922)
07-19 07:22:26.526 31290   967 E CelloAccountMetadataUpd: 	at kno.run(Unknown Source:5)
07-19 07:22:26.800 31290 31929 E Cello   : [31929:NonCelloThread] drive_v2_cloud_store.cc:4865:DumpToLog Request 0xb400006fff32d570: 0 https://drivefrontend-pa.googleapis.com/v1/account transport: drive::ds::Status::CANCELLED reader: drive::ds::Status::SUCCESS
07-19 07:22:26.800 31290 31929 E Cello   : [31929:NonCelloThread] drive_v2_cloud_store.cc:4865:DumpToLog req.hdr 0xb400006fff32d570: Content-Type=application/x-protobuf
07-19 07:22:26.800 31290 31929 E Cello   : [31929:NonCelloThread] drive_v2_cloud_store.cc:4865:DumpToLog req.hdr 0xb400006fff32d570: X-Goog-Ext-472780938-bin=CgRCAEgB
07-19 07:22:26.800 31290 31929 E Cello   : [31929:NonCelloThread] drive_v2_cloud_store.cc:4865:DumpToLog req.hdr 0xb400006fff32d570: X-Goog-FieldMask=account.metadata.quota.quota_bytes_total,account.metadata.quota.individual_bytes_limit,account.metadata.quota.quota_bytes_used,account.metadata.quota.quota_bytes_used_aggregate,account.metadata.quota.service_usage.bytes_used,account.metadata.quota.service_usage.service_key,account.metadata.quota.bytes_used_by_user,account.metadata.quota.bytes_used_by_team,account.metadata.quota.bytes_used_by_all_services,account.metadata.quota.quota_type,account.metadata.quota.quota_status,account.metadata.quota.grace_period_info.active,account.metadata.quota.grace_period_info.end_timestamp_millis,account.metadata.export_format,account.metadata.import_format,account.metadata.max_upload_size,account.user.domain,account.enterprise_settings.is_dasher_user,account.shared_drives_settings.can_create_shared_drives,account.shared_drives_settings.has_shared_drives,account.shared_drives_settings.can_interact_with_shared_drives,ac
07-19 07:22:26.800 31290 31929 E Cello   : [31929:NonCelloThread] drive_v2_cloud_store.cc:4865:DumpToLog Response body 0xb400006fff32d570: (no response body)
07-19 07:22:26.801 31290   967 E CelloAccountMetadataUpd: Failed to get account settings.
07-19 07:22:26.801 31290   967 E CelloAccountMetadataUpd: kkt: Cello error 8. Error. Failed task: getAccountAndUserSettings_109812481(Proto=# com.google.apps.drive.dataservice.AccountAndUserSettingsRequest@810936ed,)
07-19 07:22:26.801 31290   967 E CelloAccountMetadataUpd: 	at ksv.a(PG:3)
07-19 07:22:26.801 31290   967 E CelloAccountMetadataUpd: 	at ksz.f(PG:7)
07-19 07:22:26.801 31290   967 E CelloAccountMetadataUpd: 	at kti$1.a(Unknown Source:2)
07-19 07:22:26.801 31290   967 E CelloAccountMetadataUpd: 	at com.google.android.libraries.drive.core.impl.cello.jni.SlimJni__Cello_GetAccountAndUserSettingsCallback.call(PG:1)
07-19 07:22:26.801 31290   967 E CelloAccountMetadataUpd: 	at com.google.android.libraries.drive.core.impl.cello.jni.SlimJni__HttpRequestContext.native_onError(Native Method)
07-19 07:22:26.801 31290   967 E CelloAccountMetadataUpd: 	at com.google.android.libraries.drive.core.impl.cello.jni.SlimJni__HttpRequestContext.onError(Unknown Source:9)
07-19 07:22:26.801 31290   967 E CelloAccountMetadataUpd: 	at gl.run(PG:23)
07-19 07:22:26.801 31290   967 E CelloAccountMetadataUpd: 	at kub.c(PG:1)
07-19 07:22:26.801 31290   967 E CelloAccountMetadataUpd: 	at mqz.call(PG:32)
07-19 07:22:26.801 31290   967 E CelloAccountMetadataUpd: 	at acgl$b.a(Unknown Source:2)
07-19 07:22:26.801 31290   967 E CelloAccountMetadataUpd: 	at acfx.run(PG:3)
07-19 07:22:26.801 31290   967 E CelloAccountMetadataUpd: 	at acgl.run(Unknown Source:4)
07-19 07:22:26.801 31290   967 E CelloAccountMetadataUpd: 	at java.util.concurrent.Executors$RunnableAdapter.call(Executors.java:462)
07-19 07:22:26.801 31290   967 E CelloAccountMetadataUpd: 	at java.util.concurrent.FutureTask.run(FutureTask.java:266)
07-19 07:22:26.801 31290   967 E CelloAccountMetadataUpd: 	at java.util.concurrent.ScheduledThreadPoolExecutor$ScheduledFutureTask.run(ScheduledThreadPoolExecutor.java:301)
07-19 07:22:26.801 31290   967 E CelloAccountMetadataUpd: 	at java.util.concurrent.ThreadPoolExecutor.runWorker(ThreadPoolExecutor.java:1167)
07-19 07:22:26.801 31290   967 E CelloAccountMetadataUpd: 	at java.util.concurrent.ThreadPoolExecutor$Worker.run(ThreadPoolExecutor.java:641)
07-19 07:22:26.801 31290   967 E CelloAccountMetadataUpd: 	at java.lang.Thread.run(Thread.java:922)
07-19 07:22:26.801 31290   967 E CelloAccountMetadataUpd: 	at kno.run(Unknown Source:5)
07-19 07:22:26.805 31290 31575 E Cello   : [31575:NonCelloThread] item_query_handler.cc:78:CheckQueryAgainstInternalItemLocalProperty Querying on internal item local property key: pinned
07-19 07:22:26.820 31290 31866 E Cello   : [31866:NonCelloThread] item_query_handler.cc:78:CheckQueryAgainstInternalItemLocalProperty Querying on internal item local property key: pinned
07-19 07:22:26.837 31290 31888 E Cello   : [31888:NonCelloThread] item_query_handler.cc:78:CheckQueryAgainstInternalItemLocalProperty Querying on internal item local property key: pinned
07-19 07:22:26.849 31290 31788 E Cello   : [31788:NonCelloThread] item_query_handler.cc:78:CheckQueryAgainstInternalItemLocalProperty Querying on internal item local property key: pinned
07-19 07:22:26.860 31290 31750 E Cello   : [31750:NonCelloThread] item_query_handler.cc:78:CheckQueryAgainstInternalItemLocalProperty Querying on internal item local property key: pinned
07-19 07:22:26.871 31290 31721 E Cello   : [31721:NonCelloThread] item_query_handler.cc:78:CheckQueryAgainstInternalItemLocalProperty Querying on internal item local property key: pinned
07-19 07:22:26.882 31290 31929 E Cello   : [31929:NonCelloThread] item_query_handler.cc:78:CheckQueryAgainstInternalItemLocalProperty Querying on internal item local property key: pinned
07-19 07:22:26.889 31290 31408 E Cello   : [31408:NonCelloThread] item_query_handler.cc:78:CheckQueryAgainstInternalItemLocalProperty Querying on internal item local property key: pinned
07-19 07:22:26.922 31290 31668 E Cello   : [31668:NonCelloThread] item_query_handler.cc:78:CheckQueryAgainstInternalItemLocalProperty Querying on internal item local property key: pinned
07-19 07:22:38.771 31290 31929 E Cello   : [31929:NonCelloThread] drive_v2_cloud_store.cc:4865:DumpToLog Request 0xb400006fff318f90: 0 https://drivefrontend-pa.googleapis.com/v1/account transport: drive::ds::Status::CANCELLED reader: drive::ds::Status::SUCCESS
07-19 07:22:38.772 31290 31929 E Cello   : [31929:NonCelloThread] drive_v2_cloud_store.cc:4865:DumpToLog req.hdr 0xb400006fff318f90: Content-Type=application/x-protobuf
07-19 07:22:38.772 31290 31929 E Cello   : [31929:NonCelloThread] drive_v2_cloud_store.cc:4865:DumpToLog req.hdr 0xb400006fff318f90: X-Goog-Ext-472780938-bin=CgRCAEgB
07-19 07:22:38.772 31290 31929 E Cello   : [31929:NonCelloThread] drive_v2_cloud_store.cc:4865:DumpToLog req.hdr 0xb400006fff318f90: X-Goog-FieldMask=account.metadata.quota.quota_bytes_total,account.metadata.quota.individual_bytes_limit,account.metadata.quota.quota_bytes_used,account.metadata.quota.quota_bytes_used_aggregate,account.metadata.quota.service_usage.bytes_used,account.metadata.quota.service_usage.service_key,account.metadata.quota.bytes_used_by_user,account.metadata.quota.bytes_used_by_team,account.metadata.quota.bytes_used_by_all_services,account.metadata.quota.quota_type,account.metadata.quota.quota_status,account.metadata.quota.grace_period_info.active,account.metadata.quota.grace_period_info.end_timestamp_millis,account.metadata.export_format,account.metadata.import_format,account.metadata.max_upload_size,account.user.domain,account.enterprise_settings.is_dasher_user,account.shared_drives_settings.can_create_shared_drives,account.shared_drives_settings.has_shared_drives,account.shared_drives_settings.can_interact_with_shared_drives,ac
07-19 07:22:38.772 31290 31929 E Cello   : [31929:NonCelloThread] drive_v2_cloud_store.cc:4865:DumpToLog Response body 0xb400006fff318f90: (no response body)
07-19 07:22:38.773 31290  1708 E CelloAccountMetadataUpd: Failed to get account data.
07-19 07:22:38.773 31290  1708 E CelloAccountMetadataUpd: kkt: Cello error 8. Error. Failed task: getAccountAndUserSettings_57123472(Proto=# com.google.apps.drive.dataservice.AccountAndUserSettingsRequest@810936ed,)
07-19 07:22:38.773 31290  1708 E CelloAccountMetadataUpd: 	at ksv.a(PG:3)
07-19 07:22:38.773 31290  1708 E CelloAccountMetadataUpd: 	at ksz.f(PG:7)
07-19 07:22:38.773 31290  1708 E CelloAccountMetadataUpd: 	at kti$1.a(Unknown Source:2)
07-19 07:22:38.773 31290  1708 E CelloAccountMetadataUpd: 	at com.google.android.libraries.drive.core.impl.cello.jni.SlimJni__Cello_GetAccountAndUserSettingsCallback.call(PG:1)
07-19 07:22:38.773 31290  1708 E CelloAccountMetadataUpd: 	at com.google.android.libraries.drive.core.impl.cello.jni.SlimJni__HttpRequestContext.native_onError(Native Method)
07-19 07:22:38.773 31290  1708 E CelloAccountMetadataUpd: 	at com.google.android.libraries.drive.core.impl.cello.jni.SlimJni__HttpRequestContext.onError(Unknown Source:9)
07-19 07:22:38.773 31290  1708 E CelloAccountMetadataUpd: 	at gl.run(PG:23)
07-19 07:22:38.773 31290  1708 E CelloAccountMetadataUpd: 	at kub.c(PG:1)
07-19 07:22:38.773 31290  1708 E CelloAccountMetadataUpd: 	at mqz.call(PG:32)
07-19 07:22:38.773 31290  1708 E CelloAccountMetadataUpd: 	at acgl$b.a(Unknown Source:2)
07-19 07:22:38.773 31290  1708 E CelloAccountMetadataUpd: 	at acfx.run(PG:3)
07-19 07:22:38.773 31290  1708 E CelloAccountMetadataUpd: 	at acgl.run(Unknown Source:4)
07-19 07:22:38.773 31290  1708 E CelloAccountMetadataUpd: 	at java.util.concurrent.Executors$RunnableAdapter.call(Executors.java:462)
07-19 07:22:38.773 31290  1708 E CelloAccountMetadataUpd: 	at java.util.concurrent.FutureTask.run(FutureTask.java:266)
07-19 07:22:38.773 31290  1708 E CelloAccountMetadataUpd: 	at java.util.concurrent.ScheduledThreadPoolExecutor$ScheduledFutureTask.run(ScheduledThreadPoolExecutor.java:301)
07-19 07:22:38.773 31290  1708 E CelloAccountMetadataUpd: 	at java.util.concurrent.ThreadPoolExecutor.runWorker(ThreadPoolExecutor.java:1167)
07-19 07:22:38.773 31290  1708 E CelloAccountMetadataUpd: 	at java.util.concurrent.ThreadPoolExecutor$Worker.run(ThreadPoolExecutor.java:641)
07-19 07:22:38.773 31290  1708 E CelloAccountMetadataUpd: 	at java.lang.Thread.run(Thread.java:922)
07-19 07:22:38.773 31290  1708 E CelloAccountMetadataUpd: 	at kno.run(Unknown Source:5)
07-19 07:22:39.046 31290 31929 E Cello   : [31929:NonCelloThread] drive_v2_cloud_store.cc:4865:DumpToLog Request 0xb400006fff31be50: 0 https://drivefrontend-pa.googleapis.com/v1/account transport: drive::ds::Status::CANCELLED reader: drive::ds::Status::SUCCESS
07-19 07:22:39.046 31290 31929 E Cello   : [31929:NonCelloThread] drive_v2_cloud_store.cc:4865:DumpToLog req.hdr 0xb400006fff31be50: Content-Type=application/x-protobuf
07-19 07:22:39.047 31290 31929 E Cello   : [31929:NonCelloThread] drive_v2_cloud_store.cc:4865:DumpToLog req.hdr 0xb400006fff31be50: X-Goog-Ext-472780938-bin=CgRCAEgB
07-19 07:22:39.047 31290 31929 E Cello   : [31929:NonCelloThread] drive_v2_cloud_store.cc:4865:DumpToLog req.hdr 0xb400006fff31be50: X-Goog-FieldMask=account.metadata.quota.quota_bytes_total,account.metadata.quota.individual_bytes_limit,account.metadata.quota.quota_bytes_used,account.metadata.quota.quota_bytes_used_aggregate,account.metadata.quota.service_usage.bytes_used,account.metadata.quota.service_usage.service_key,account.metadata.quota.bytes_used_by_user,account.metadata.quota.bytes_used_by_team,account.metadata.quota.bytes_used_by_all_services,account.metadata.quota.quota_type,account.metadata.quota.quota_status,account.metadata.quota.grace_period_info.active,account.metadata.quota.grace_period_info.end_timestamp_millis,account.metadata.export_format,account.metadata.import_format,account.metadata.max_upload_size,account.user.domain,account.enterprise_settings.is_dasher_user,account.shared_drives_settings.can_create_shared_drives,account.shared_drives_settings.has_shared_drives,account.shared_drives_settings.can_interact_with_shared_drives,ac
07-19 07:22:39.047 31290 31929 E Cello   : [31929:NonCelloThread] drive_v2_cloud_store.cc:4865:DumpToLog Response body 0xb400006fff31be50: (no response body)
07-19 07:22:39.049 31290  1708 E CelloAccountMetadataUpd: Failed to get account settings.
07-19 07:22:39.049 31290  1708 E CelloAccountMetadataUpd: kkt: Cello error 8. Error. Failed task: getAccountAndUserSettings_241757791(Proto=# com.google.apps.drive.dataservice.AccountAndUserSettingsRequest@810936ed,)
07-19 07:22:39.049 31290  1708 E CelloAccountMetadataUpd: 	at ksv.a(PG:3)
07-19 07:22:39.049 31290  1708 E CelloAccountMetadataUpd: 	at ksz.f(PG:7)
07-19 07:22:39.049 31290  1708 E CelloAccountMetadataUpd: 	at kti$1.a(Unknown Source:2)
07-19 07:22:39.049 31290  1708 E CelloAccountMetadataUpd: 	at com.google.android.libraries.drive.core.impl.cello.jni.SlimJni__Cello_GetAccountAndUserSettingsCallback.call(PG:1)
07-19 07:22:39.049 31290  1708 E CelloAccountMetadataUpd: 	at com.google.android.libraries.drive.core.impl.cello.jni.SlimJni__HttpRequestContext.native_onError(Native Method)
07-19 07:22:39.049 31290  1708 E CelloAccountMetadataUpd: 	at com.google.android.libraries.drive.core.impl.cello.jni.SlimJni__HttpRequestContext.onError(Unknown Source:9)
07-19 07:22:39.049 31290  1708 E CelloAccountMetadataUpd: 	at gl.run(PG:23)
07-19 07:22:39.049 31290  1708 E CelloAccountMetadataUpd: 	at kub.c(PG:1)
07-19 07:22:39.049 31290  1708 E CelloAccountMetadataUpd: 	at mqz.call(PG:32)
07-19 07:22:39.049 31290  1708 E CelloAccountMetadataUpd: 	at acgl$b.a(Unknown Source:2)
07-19 07:22:39.049 31290  1708 E CelloAccountMetadataUpd: 	at acfx.run(PG:3)
07-19 07:22:39.049 31290  1708 E CelloAccountMetadataUpd: 	at acgl.run(Unknown Source:4)
07-19 07:22:39.049 31290  1708 E CelloAccountMetadataUpd: 	at java.util.concurrent.Executors$RunnableAdapter.call(Executors.java:462)
07-19 07:22:39.049 31290  1708 E CelloAccountMetadataUpd: 	at java.util.concurrent.FutureTask.run(FutureTask.java:266)
07-19 07:22:39.049 31290  1708 E CelloAccountMetadataUpd: 	at java.util.concurrent.ScheduledThreadPoolExecutor$ScheduledFutureTask.run(ScheduledThreadPoolExecutor.java:301)
07-19 07:22:39.049 31290  1708 E CelloAccountMetadataUpd: 	at java.util.concurrent.ThreadPoolExecutor.runWorker(ThreadPoolExecutor.java:1167)
07-19 07:22:39.049 31290  1708 E CelloAccountMetadataUpd: 	at java.util.concurrent.ThreadPoolExecutor$Worker.run(ThreadPoolExecutor.java:641)
07-19 07:22:39.049 31290  1708 E CelloAccountMetadataUpd: 	at java.lang.Thread.run(Thread.java:922)
07-19 07:22:39.049 31290  1708 E CelloAccountMetadataUpd: 	at kno.run(Unknown Source:5)
07-19 07:22:39.052 31290 31575 E Cello   : [31575:NonCelloThread] item_query_handler.cc:78:CheckQueryAgainstInternalItemLocalProperty Querying on internal item local property key: pinned
07-19 07:22:39.062 31290 31866 E Cello   : [31866:NonCelloThread] item_query_handler.cc:78:CheckQueryAgainstInternalItemLocalProperty Querying on internal item local property key: pinned
07-19 07:22:39.087 31290 31888 E Cello   : [31888:NonCelloThread] item_query_handler.cc:78:CheckQueryAgainstInternalItemLocalProperty Querying on internal item local property key: pinned
07-19 07:22:39.103 31290 31788 E Cello   : [31788:NonCelloThread] item_query_handler.cc:78:CheckQueryAgainstInternalItemLocalProperty Querying on internal item local property key: pinned
07-19 07:22:39.117 31290 31750 E Cello   : [31750:NonCelloThread] item_query_handler.cc:78:CheckQueryAgainstInternalItemLocalProperty Querying on internal item local property key: pinned
07-19 07:22:39.129 31290 31721 E Cello   : [31721:NonCelloThread] item_query_handler.cc:78:CheckQueryAgainstInternalItemLocalProperty Querying on internal item local property key: pinned
07-19 07:22:39.140 31290 31929 E Cello   : [31929:NonCelloThread] item_query_handler.cc:78:CheckQueryAgainstInternalItemLocalProperty Querying on internal item local property key: pinned
07-19 07:22:39.153 31290 31408 E Cello   : [31408:NonCelloThread] item_query_handler.cc:78:CheckQueryAgainstInternalItemLocalProperty Querying on internal item local property key: pinned
07-19 07:22:39.193 31290 31668 E Cello   : [31668:NonCelloThread] item_query_handler.cc:78:CheckQueryAgainstInternalItemLocalProperty Querying on internal item local property key: pinned
07-19 07:22:48.692 31290 31929 E Cello   : [31929:NonCelloThread] drive_v2_cloud_store.cc:4865:DumpToLog Request 0xb400006fff30bff0: 0 https://drivefrontend-pa.googleapis.com/v1/account transport: drive::ds::Status::CANCELLED reader: drive::ds::Status::SUCCESS
07-19 07:22:48.692 31290 31929 E Cello   : [31929:NonCelloThread] drive_v2_cloud_store.cc:4865:DumpToLog req.hdr 0xb400006fff30bff0: Content-Type=application/x-protobuf
07-19 07:22:48.692 31290 31929 E Cello   : [31929:NonCelloThread] drive_v2_cloud_store.cc:4865:DumpToLog req.hdr 0xb400006fff30bff0: X-Goog-Ext-472780938-bin=CgRCAEgB
07-19 07:22:48.692 31290 31929 E Cello   : [31929:NonCelloThread] drive_v2_cloud_store.cc:4865:DumpToLog req.hdr 0xb400006fff30bff0: X-Goog-FieldMask=account.metadata.quota.quota_bytes_total,account.metadata.quota.individual_bytes_limit,account.metadata.quota.quota_bytes_used,account.metadata.quota.quota_bytes_used_aggregate,account.metadata.quota.service_usage.bytes_used,account.metadata.quota.service_usage.service_key,account.metadata.quota.bytes_used_by_user,account.metadata.quota.bytes_used_by_team,account.metadata.quota.bytes_used_by_all_services,account.metadata.quota.quota_type,account.metadata.quota.quota_status,account.metadata.quota.grace_period_info.active,account.metadata.quota.grace_period_info.end_timestamp_millis,account.metadata.export_format,account.metadata.import_format,account.metadata.max_upload_size,account.user.domain,account.enterprise_settings.is_dasher_user,account.shared_drives_settings.can_create_shared_drives,account.shared_drives_settings.has_shared_drives,account.shared_drives_settings.can_interact_with_shared_drives,ac
07-19 07:22:48.692 31290 31929 E Cello   : [31929:NonCelloThread] drive_v2_cloud_store.cc:4865:DumpToLog Response body 0xb400006fff30bff0: (no response body)
07-19 07:22:48.694 31290  1959 E CelloAccountMetadataUpd: Failed to get account data.
07-19 07:22:48.694 31290  1959 E CelloAccountMetadataUpd: kkt: Cello error 8. Error. Failed task: getAccountAndUserSettings_64514025(Proto=# com.google.apps.drive.dataservice.AccountAndUserSettingsRequest@810936ed,)
07-19 07:22:48.694 31290  1959 E CelloAccountMetadataUpd: 	at ksv.a(PG:3)
07-19 07:22:48.694 31290  1959 E CelloAccountMetadataUpd: 	at ksz.f(PG:7)
07-19 07:22:48.694 31290  1959 E CelloAccountMetadataUpd: 	at kti$1.a(Unknown Source:2)
07-19 07:22:48.694 31290  1959 E CelloAccountMetadataUpd: 	at com.google.android.libraries.drive.core.impl.cello.jni.SlimJni__Cello_GetAccountAndUserSettingsCallback.call(PG:1)
07-19 07:22:48.694 31290  1959 E CelloAccountMetadataUpd: 	at com.google.android.libraries.drive.core.impl.cello.jni.SlimJni__HttpRequestContext.native_onError(Native Method)
07-19 07:22:48.694 31290  1959 E CelloAccountMetadataUpd: 	at com.google.android.libraries.drive.core.impl.cello.jni.SlimJni__HttpRequestContext.onError(Unknown Source:9)
07-19 07:22:48.694 31290  1959 E CelloAccountMetadataUpd: 	at gl.run(PG:23)
07-19 07:22:48.694 31290  1959 E CelloAccountMetadataUpd: 	at kub.c(PG:1)
