07-19 07:26:21.954   576   689 I libPowerHal: [perfNotifyAppState] pack:com.google.android.apps.docs.editors.docs, act:com.google.android.apps.docs.editors.kix.KixEditorActivity, state:5, pid:31290, uid:10195, fps:-1
07-19 07:26:22.954   576   667 I libPowerHal: [updateFPS] pid(31290) : -1 => 60
07-19 07:26:22.954   576   689 I libPowerHal: [perfNotifyAppState] pack:com.google.android.apps.docs.editors.docs, act:com.google.android.apps.docs.editors.kix.KixEditorActivity, state:5, pid:31290, uid:10195, fps:60
07-19 07:26:23.954   576   667 I libPowerHal: [updateFPS] pid(31290) : 60 => -1
07-19 07:26:23.955   576   689 I libPowerHal: [perfNotifyAppState] pack:com.google.android.apps.docs.editors.docs, act:com.google.android.apps.docs.editors.kix.KixEditorActivity, state:5, pid:31290, uid:10195, fps:-1
07-19 07:26:38.958   576   667 I libPowerHal: [updateFPS] pid(31290) : -1 => 60
07-19 07:26:38.958   576   689 I libPowerHal: [perfNotifyAppState] pack:com.google.android.apps.docs.editors.docs, act:com.google.android.apps.docs.editors.kix.KixEditorActivity, state:5, pid:31290, uid:10195, fps:60
07-19 07:26:41.959   576   667 I libPowerHal: [updateFPS] pid(31290) : 60 => -1
07-19 07:26:41.959   576   689 I libPowerHal: [perfNotifyAppState] pack:com.google.android.apps.docs.editors.docs, act:com.google.android.apps.docs.editors.kix.KixEditorActivity, state:5, pid:31290, uid:10195, fps:-1
07-19 07:27:10.142 31290 32516 E DefaultHttpIssuer: Attempt to consume entity of HttpIssuer when no request is executing.
07-19 07:27:10.142 31290 32516 E DefaultHttpIssuer: Attempt to close HttpIssuer when no request is executing.
07-19 07:27:10.144 31290 32516 E XmlHttpRequestRelay: (10) Thread interrupted
07-19 07:27:10.144 31290 32516 E XmlHttpRequestRelay: java.lang.InterruptedException
07-19 07:27:10.144 31290 32516 E XmlHttpRequestRelay: 	at iqi$3.run(PG:118)
07-19 07:27:10.144 31290 32516 E XmlHttpRequestRelay: 	at java.util.concurrent.ThreadPoolExecutor.runWorker(ThreadPoolExecutor.java:1167)
07-19 07:27:10.144 31290 32516 E XmlHttpRequestRelay: 	at java.util.concurrent.ThreadPoolExecutor$Worker.run(ThreadPoolExecutor.java:641)
07-19 07:27:10.144 31290 32516 E XmlHttpRequestRelay: 	at java.lang.Thread.run(Thread.java:922)
07-19 07:27:11.298 31290  5270 E XmlHttpRequestRelay: (13) Thread interrupted
07-19 07:27:11.298 31290  5270 E XmlHttpRequestRelay: java.lang.InterruptedException
07-19 07:27:11.298 31290  5270 E XmlHttpRequestRelay: 	at iqi$3.run(PG:118)
07-19 07:27:11.298 31290  5270 E XmlHttpRequestRelay: 	at java.util.concurrent.ThreadPoolExecutor.runWorker(ThreadPoolExecutor.java:1167)
07-19 07:27:11.298 31290  5270 E XmlHttpRequestRelay: 	at java.util.concurrent.ThreadPoolExecutor$Worker.run(ThreadPoolExecutor.java:641)
07-19 07:27:11.298 31290  5270 E XmlHttpRequestRelay: 	at java.lang.Thread.run(Thread.java:922)
07-19 07:28:39.601   576   689 I libPowerHal: [perfNotifyAppState] pack:com.google.android.apps.docs.editors.docs, act:com.google.android.apps.docs.editors.kix.KixEditorActivity, state:0, pid:31290, uid:10195, fps:-1
07-19 07:28:39.637   576   689 I libPowerHal: [perfNotifyAppState] pack:com.google.android.apps.docs.editors.docs, act:com.google.android.apps.docs.editors.kix.KixEditorActivity, state:0, pid:31290, uid:10195, fps:-1
07-19 07:28:40.515 31290  5271 E XmlHttpRequestRelay: (21) Thread interrupted
07-19 07:28:40.515 31290  5271 E XmlHttpRequestRelay: java.lang.InterruptedException
07-19 07:28:40.515 31290  5271 E XmlHttpRequestRelay: 	at iqi$3.run(PG:122)
07-19 07:28:40.515 31290  5271 E XmlHttpRequestRelay: 	at java.util.concurrent.ThreadPoolExecutor.runWorker(ThreadPoolExecutor.java:1167)
07-19 07:28:40.515 31290  5271 E XmlHttpRequestRelay: 	at java.util.concurrent.ThreadPoolExecutor$Worker.run(ThreadPoolExecutor.java:641)
07-19 07:28:40.515 31290  5271 E XmlHttpRequestRelay: 	at java.lang.Thread.run(Thread.java:922)
07-19 07:29:19.723   576   689 I libPowerHal: [perfNotifyAppState] pack:com.google.android.apps.docs.editors.docs, act:com.google.android.apps.docs.editors.kix.KixEditorActivity, state:1, pid:31290, uid:10195, fps:-1
07-19 07:29:21.230   576   667 I libPowerHal: [updateFPS] pid(31290) : -1 => 60
07-19 07:29:21.230   576   689 I libPowerHal: [perfNotifyAppState] pack:com.google.android.apps.docs.editors.docs, act:com.google.android.apps.docs.editors.kix.KixEditorActivity, state:5, pid:31290, uid:10195, fps:60
07-19 07:29:22.230   576   667 I libPowerHal: [updateFPS] pid(31290) : 60 => -1
07-19 07:29:22.231   576   689 I libPowerHal: [perfNotifyAppState] pack:com.google.android.apps.docs.editors.docs, act:com.google.android.apps.docs.editors.kix.KixEditorActivity, state:5, pid:31290, uid:10195, fps:-1
07-19 07:29:25.230   576   667 I libPowerHal: [updateFPS] pid(31290) : -1 => 60
07-19 07:29:25.231   576   689 I libPowerHal: [perfNotifyAppState] pack:com.google.android.apps.docs.editors.docs, act:com.google.android.apps.docs.editors.kix.KixEditorActivity, state:5, pid:31290, uid:10195, fps:60
07-19 07:29:31.232   576   667 I libPowerHal: [updateFPS] pid(31290) : 60 => -1
07-19 07:29:31.233   576   689 I libPowerHal: [perfNotifyAppState] pack:com.google.android.apps.docs.editors.docs, act:com.google.android.apps.docs.editors.kix.KixEditorActivity, state:5, pid:31290, uid:10195, fps:-1
07-19 07:29:32.232   576   667 I libPowerHal: [updateFPS] pid(31290) : -1 => 60
07-19 07:29:32.233   576   689 I libPowerHal: [perfNotifyAppState] pack:com.google.android.apps.docs.editors.docs, act:com.google.android.apps.docs.editors.kix.KixEditorActivity, state:5, pid:31290, uid:10195, fps:60
07-19 07:29:33.232   576   667 I libPowerHal: [updateFPS] pid(31290) : 60 => -1
07-19 07:29:33.233   576   689 I libPowerHal: [perfNotifyAppState] pack:com.google.android.apps.docs.editors.docs, act:com.google.android.apps.docs.editors.kix.KixEditorActivity, state:5, pid:31290, uid:10195, fps:-1
07-19 07:29:45.235   576   667 I libPowerHal: [updateFPS] pid(31290) : -1 => 60
07-19 07:29:45.235   576   689 I libPowerHal: [perfNotifyAppState] pack:com.google.android.apps.docs.editors.docs, act:com.google.android.apps.docs.editors.kix.KixEditorActivity, state:5, pid:31290, uid:10195, fps:60
07-19 07:29:46.235   576   667 I libPowerHal: [updateFPS] pid(31290) : 60 => -1
07-19 07:29:46.235   576   689 I libPowerHal: [perfNotifyAppState] pack:com.google.android.apps.docs.editors.docs, act:com.google.android.apps.docs.editors.kix.KixEditorActivity, state:5, pid:31290, uid:10195, fps:-1
07-19 07:29:47.235   576   667 I libPowerHal: [updateFPS] pid(31290) : -1 => 60
07-19 07:29:47.236   576   689 I libPowerHal: [perfNotifyAppState] pack:com.google.android.apps.docs.editors.docs, act:com.google.android.apps.docs.editors.kix.KixEditorActivity, state:5, pid:31290, uid:10195, fps:60
07-19 07:29:48.235   576   667 I libPowerHal: [updateFPS] pid(31290) : 60 => -1
07-19 07:29:48.236   576   689 I libPowerHal: [perfNotifyAppState] pack:com.google.android.apps.docs.editors.docs, act:com.google.android.apps.docs.editors.kix.KixEditorActivity, state:5, pid:31290, uid:10195, fps:-1
07-19 07:29:50.235   576   667 I libPowerHal: [updateFPS] pid(31290) : -1 => 60
07-19 07:29:50.236   576   689 I libPowerHal: [perfNotifyAppState] pack:com.google.android.apps.docs.editors.docs, act:com.google.android.apps.docs.editors.kix.KixEditorActivity, state:5, pid:31290, uid:10195, fps:60
07-19 07:29:51.236   576   667 I libPowerHal: [updateFPS] pid(31290) : 60 => -1
07-19 07:29:51.236   576   689 I libPowerHal: [perfNotifyAppState] pack:com.google.android.apps.docs.editors.docs, act:com.google.android.apps.docs.editors.kix.KixEditorActivity, state:5, pid:31290, uid:10195, fps:-1
07-19 07:29:52.236   576   667 I libPowerHal: [updateFPS] pid(31290) : -1 => 60
07-19 07:29:52.236   576   689 I libPowerHal: [perfNotifyAppState] pack:com.google.android.apps.docs.editors.docs, act:com.google.android.apps.docs.editors.kix.KixEditorActivity, state:5, pid:31290, uid:10195, fps:60
07-19 07:29:54.236   576   667 I libPowerHal: [updateFPS] pid(31290) : 60 => -1
07-19 07:29:54.237   576   689 I libPowerHal: [perfNotifyAppState] pack:com.google.android.apps.docs.editors.docs, act:com.google.android.apps.docs.editors.kix.KixEditorActivity, state:5, pid:31290, uid:10195, fps:-1
07-19 07:30:00.238   576   667 I libPowerHal: [updateFPS] pid(31290) : -1 => 60
07-19 07:30:00.238   576   689 I libPowerHal: [perfNotifyAppState] pack:com.google.android.apps.docs.editors.docs, act:com.google.android.apps.docs.editors.kix.KixEditorActivity, state:5, pid:31290, uid:10195, fps:60
07-19 07:30:03.238   576   667 I libPowerHal: [updateFPS] pid(31290) : 60 => 90
07-19 07:30:03.239   576   689 I libPowerHal: [perfNotifyAppState] pack:com.google.android.apps.docs.editors.docs, act:com.google.android.apps.docs.editors.kix.KixEditorActivity, state:5, pid:31290, uid:10195, fps:90
07-19 07:30:04.239   576   667 I libPowerHal: [updateFPS] pid(31290) : 90 => 60
07-19 07:30:04.239   576   689 I libPowerHal: [perfNotifyAppState] pack:com.google.android.apps.docs.editors.docs, act:com.google.android.apps.docs.editors.kix.KixEditorActivity, state:5, pid:31290, uid:10195, fps:60
07-19 07:30:05.239   576   667 I libPowerHal: [updateFPS] pid(31290) : 60 => -1
07-19 07:30:05.239   576   689 I libPowerHal: [perfNotifyAppState] pack:com.google.android.apps.docs.editors.docs, act:com.google.android.apps.docs.editors.kix.KixEditorActivity, state:5, pid:31290, uid:10195, fps:-1
07-19 07:30:06.239   576   667 I libPowerHal: [updateFPS] pid(31290) : -1 => 60
07-19 07:30:06.239   576   689 I libPowerHal: [perfNotifyAppState] pack:com.google.android.apps.docs.editors.docs, act:com.google.android.apps.docs.editors.kix.KixEditorActivity, state:5, pid:31290, uid:10195, fps:60
07-19 07:30:07.239   576   667 I libPowerHal: [updateFPS] pid(31290) : 60 => -1
07-19 07:30:07.239   576   689 I libPowerHal: [perfNotifyAppState] pack:com.google.android.apps.docs.editors.docs, act:com.google.android.apps.docs.editors.kix.KixEditorActivity, state:5, pid:31290, uid:10195, fps:-1
07-19 07:30:08.239   576   667 I libPowerHal: [updateFPS] pid(31290) : -1 => 60
07-19 07:30:08.240   576   689 I libPowerHal: [perfNotifyAppState] pack:com.google.android.apps.docs.editors.docs, act:com.google.android.apps.docs.editors.kix.KixEditorActivity, state:5, pid:31290, uid:10195, fps:60
07-19 07:30:12.240   576   667 I libPowerHal: [updateFPS] pid(31290) : 60 => -1
07-19 07:30:12.241   576   689 I libPowerHal: [perfNotifyAppState] pack:com.google.android.apps.docs.editors.docs, act:com.google.android.apps.docs.editors.kix.KixEditorActivity, state:5, pid:31290, uid:10195, fps:-1
07-19 07:30:13.240   576   667 I libPowerHal: [updateFPS] pid(31290) : -1 => 60
07-19 07:30:13.241   576   689 I libPowerHal: [perfNotifyAppState] pack:com.google.android.apps.docs.editors.docs, act:com.google.android.apps.docs.editors.kix.KixEditorActivity, state:5, pid:31290, uid:10195, fps:60
07-19 07:30:14.240   576   667 I libPowerHal: [updateFPS] pid(31290) : 60 => -1
07-19 07:30:14.241   576   689 I libPowerHal: [perfNotifyAppState] pack:com.google.android.apps.docs.editors.docs, act:com.google.android.apps.docs.editors.kix.KixEditorActivity, state:5, pid:31290, uid:10195, fps:-1
07-19 07:30:16.241   576   667 I libPowerHal: [updateFPS] pid(31290) : -1 => 60
07-19 07:30:16.242   576   689 I libPowerHal: [perfNotifyAppState] pack:com.google.android.apps.docs.editors.docs, act:com.google.android.apps.docs.editors.kix.KixEditorActivity, state:5, pid:31290, uid:10195, fps:60
07-19 07:30:18.241   576   667 I libPowerHal: [updateFPS] pid(31290) : 60 => -1
07-19 07:30:18.241   576   689 I libPowerHal: [perfNotifyAppState] pack:com.google.android.apps.docs.editors.docs, act:com.google.android.apps.docs.editors.kix.KixEditorActivity, state:5, pid:31290, uid:10195, fps:-1
07-19 07:30:19.241   576   667 I libPowerHal: [updateFPS] pid(31290) : -1 => 60
07-19 07:30:19.241   576   689 I libPowerHal: [perfNotifyAppState] pack:com.google.android.apps.docs.editors.docs, act:com.google.android.apps.docs.editors.kix.KixEditorActivity, state:5, pid:31290, uid:10195, fps:60
07-19 07:30:20.843 31290  5271 E XmlHttpRequestRelay: (26) Thread interrupted
07-19 07:30:20.843 31290  5271 E XmlHttpRequestRelay: java.lang.InterruptedException
07-19 07:30:20.843 31290  5271 E XmlHttpRequestRelay: 	at iqi$3.run(PG:118)
07-19 07:30:20.843 31290  5271 E XmlHttpRequestRelay: 	at java.util.concurrent.ThreadPoolExecutor.runWorker(ThreadPoolExecutor.java:1167)
07-19 07:30:20.843 31290  5271 E XmlHttpRequestRelay: 	at java.util.concurrent.ThreadPoolExecutor$Worker.run(ThreadPoolExecutor.java:641)
07-19 07:30:20.843 31290  5271 E XmlHttpRequestRelay: 	at java.lang.Thread.run(Thread.java:922)
07-19 07:30:23.242   576   667 I libPowerHal: [updateFPS] pid(31290) : 60 => 90
07-19 07:30:23.242   576   689 I libPowerHal: [perfNotifyAppState] pack:com.google.android.apps.docs.editors.docs, act:com.google.android.apps.docs.editors.kix.KixEditorActivity, state:5, pid:31290, uid:10195, fps:90
07-19 07:30:24.243   576   667 I libPowerHal: [updateFPS] pid(31290) : 90 => -1
07-19 07:30:24.244   576   689 I libPowerHal: [perfNotifyAppState] pack:com.google.android.apps.docs.editors.docs, act:com.google.android.apps.docs.editors.kix.KixEditorActivity, state:5, pid:31290, uid:10195, fps:-1
07-19 07:30:25.242   576   667 I libPowerHal: [updateFPS] pid(31290) : -1 => 60
07-19 07:30:25.243   576   689 I libPowerHal: [perfNotifyAppState] pack:com.google.android.apps.docs.editors.docs, act:com.google.android.apps.docs.editors.kix.KixEditorActivity, state:5, pid:31290, uid:10195, fps:60
07-19 07:30:31.244   576   667 I libPowerHal: [updateFPS] pid(31290) : 60 => -1
07-19 07:30:31.244   576   689 I libPowerHal: [perfNotifyAppState] pack:com.google.android.apps.docs.editors.docs, act:com.google.android.apps.docs.editors.kix.KixEditorActivity, state:5, pid:31290, uid:10195, fps:-1
07-19 07:30:32.244   576   667 I libPowerHal: [updateFPS] pid(31290) : -1 => 60
07-19 07:30:32.244   576   689 I libPowerHal: [perfNotifyAppState] pack:com.google.android.apps.docs.editors.docs, act:com.google.android.apps.docs.editors.kix.KixEditorActivity, state:5, pid:31290, uid:10195, fps:60
07-19 07:30:33.244   576   667 I libPowerHal: [updateFPS] pid(31290) : 60 => -1
07-19 07:30:33.244   576   689 I libPowerHal: [perfNotifyAppState] pack:com.google.android.apps.docs.editors.docs, act:com.google.android.apps.docs.editors.kix.KixEditorActivity, state:5, pid:31290, uid:10195, fps:-1
07-19 07:30:34.244   576   667 I libPowerHal: [updateFPS] pid(31290) : -1 => 60
07-19 07:30:34.244   576   689 I libPowerHal: [perfNotifyAppState] pack:com.google.android.apps.docs.editors.docs, act:com.google.android.apps.docs.editors.kix.KixEditorActivity, state:5, pid:31290, uid:10195, fps:60
07-19 07:30:37.244   576   667 I libPowerHal: [updateFPS] pid(31290) : 60 => -1
07-19 07:30:37.245   576   689 I libPowerHal: [perfNotifyAppState] pack:com.google.android.apps.docs.editors.docs, act:com.google.android.apps.docs.editors.kix.KixEditorActivity, state:5, pid:31290, uid:10195, fps:-1
07-19 07:30:38.245   576   667 I libPowerHal: [updateFPS] pid(31290) : -1 => 60
07-19 07:30:38.245   576   689 I libPowerHal: [perfNotifyAppState] pack:com.google.android.apps.docs.editors.docs, act:com.google.android.apps.docs.editors.kix.KixEditorActivity, state:5, pid:31290, uid:10195, fps:60
07-19 07:30:39.245   576   667 I libPowerHal: [updateFPS] pid(31290) : 60 => -1
07-19 07:30:39.245   576   689 I libPowerHal: [perfNotifyAppState] pack:com.google.android.apps.docs.editors.docs, act:com.google.android.apps.docs.editors.kix.KixEditorActivity, state:5, pid:31290, uid:10195, fps:-1
07-19 07:30:43.245   576   667 I libPowerHal: [updateFPS] pid(31290) : -1 => 90
07-19 07:30:43.246   576   689 I libPowerHal: [perfNotifyAppState] pack:com.google.android.apps.docs.editors.docs, act:com.google.android.apps.docs.editors.kix.KixEditorActivity, state:5, pid:31290, uid:10195, fps:90
07-19 07:30:44.246   576   667 I libPowerHal: [updateFPS] pid(31290) : 90 => 60
07-19 07:30:44.246   576   689 I libPowerHal: [perfNotifyAppState] pack:com.google.android.apps.docs.editors.docs, act:com.google.android.apps.docs.editors.kix.KixEditorActivity, state:5, pid:31290, uid:10195, fps:60
07-19 07:30:47.246   576   667 I libPowerHal: [updateFPS] pid(31290) : 60 => -1
07-19 07:30:47.247   576   689 I libPowerHal: [perfNotifyAppState] pack:com.google.android.apps.docs.editors.docs, act:com.google.android.apps.docs.editors.kix.KixEditorActivity, state:5, pid:31290, uid:10195, fps:-1
07-19 07:30:48.246   576   667 I libPowerHal: [updateFPS] pid(31290) : -1 => 60
07-19 07:30:48.247   576   689 I libPowerHal: [perfNotifyAppState] pack:com.google.android.apps.docs.editors.docs, act:com.google.android.apps.docs.editors.kix.KixEditorActivity, state:5, pid:31290, uid:10195, fps:60
07-19 07:30:49.247   576   667 I libPowerHal: [updateFPS] pid(31290) : 60 => -1
07-19 07:30:49.247   576   689 I libPowerHal: [perfNotifyAppState] pack:com.google.android.apps.docs.editors.docs, act:com.google.android.apps.docs.editors.kix.KixEditorActivity, state:5, pid:31290, uid:10195, fps:-1
07-19 07:30:50.247   576   667 I libPowerHal: [updateFPS] pid(31290) : -1 => 60
07-19 07:30:50.247   576   689 I libPowerHal: [perfNotifyAppState] pack:com.google.android.apps.docs.editors.docs, act:com.google.android.apps.docs.editors.kix.KixEditorActivity, state:5, pid:31290, uid:10195, fps:60
07-19 07:30:59.249   576   667 I libPowerHal: [updateFPS] pid(31290) : 60 => 90
07-19 07:30:59.250   576   689 I libPowerHal: [perfNotifyAppState] pack:com.google.android.apps.docs.editors.docs, act:com.google.android.apps.docs.editors.kix.KixEditorActivity, state:5, pid:31290, uid:10195, fps:90
07-19 07:31:00.250   576   667 I libPowerHal: [updateFPS] pid(31290) : 90 => 60
07-19 07:31:00.250   576   689 I libPowerHal: [perfNotifyAppState] pack:com.google.android.apps.docs.editors.docs, act:com.google.android.apps.docs.editors.kix.KixEditorActivity, state:5, pid:31290, uid:10195, fps:60
07-19 07:31:01.250   576   667 I libPowerHal: [updateFPS] pid(31290) : 60 => -1
07-19 07:31:01.250   576   689 I libPowerHal: [perfNotifyAppState] pack:com.google.android.apps.docs.editors.docs, act:com.google.android.apps.docs.editors.kix.KixEditorActivity, state:5, pid:31290, uid:10195, fps:-1
07-19 07:31:04.250   576   667 I libPowerHal: [updateFPS] pid(31290) : -1 => 60
07-19 07:31:04.251   576   689 I libPowerHal: [perfNotifyAppState] pack:com.google.android.apps.docs.editors.docs, act:com.google.android.apps.docs.editors.kix.KixEditorActivity, state:5, pid:31290, uid:10195, fps:60
07-19 07:31:05.251   576   667 I libPowerHal: [updateFPS] pid(31290) : 60 => -1
07-19 07:31:05.252   576   689 I libPowerHal: [perfNotifyAppState] pack:com.google.android.apps.docs.editors.docs, act:com.google.android.apps.docs.editors.kix.KixEditorActivity, state:5, pid:31290, uid:10195, fps:-1
07-19 07:31:06.251   576   667 I libPowerHal: [updateFPS] pid(31290) : -1 => 60
07-19 07:31:06.252   576   689 I libPowerHal: [perfNotifyAppState] pack:com.google.android.apps.docs.editors.docs, act:com.google.android.apps.docs.editors.kix.KixEditorActivity, state:5, pid:31290, uid:10195, fps:60
07-19 07:31:07.128   576   689 I libPowerHal: [perfNotifyAppState] pack:com.google.android.apps.docs.editors.docs, act:com.google.android.apps.docs.editors.kix.KixEditorActivity, state:0, pid:31290, uid:10195, fps:60
07-19 07:31:07.822 31290  5270 E XmlHttpRequestRelay: (32) Thread interrupted
07-19 07:31:07.822 31290  5270 E XmlHttpRequestRelay: java.lang.InterruptedException
07-19 07:31:07.822 31290  5270 E XmlHttpRequestRelay: 	at iqi$3.run(PG:122)
07-19 07:31:07.822 31290  5270 E XmlHttpRequestRelay: 	at java.util.concurrent.ThreadPoolExecutor.runWorker(ThreadPoolExecutor.java:1167)
07-19 07:31:07.822 31290  5270 E XmlHttpRequestRelay: 	at java.util.concurrent.ThreadPoolExecutor$Worker.run(ThreadPoolExecutor.java:641)
07-19 07:31:07.822 31290  5270 E XmlHttpRequestRelay: 	at java.lang.Thread.run(Thread.java:922)
07-19 07:32:55.379   576   689 I libPowerHal: [perfNotifyAppState] pack:com.google.android.apps.docs.editors.docs, act:com.google.android.apps.docs.editors.kix.KixEditorActivity, state:1, pid:31290, uid:10195, fps:60
07-19 07:32:55.379   576   689 I libPowerHal: [perfNotifyAppState] foreground:com.google.android.apps.docs.editors.docs, pid:31290, uid:10195
07-19 07:32:55.928 31290  7521 E DefaultHttpIssuer: Attempt to consume entity of HttpIssuer when no request is executing.
07-19 07:32:55.928 31290  7521 E DefaultHttpIssuer: Attempt to close HttpIssuer when no request is executing.
07-19 07:32:55.928 31290  7521 E XmlHttpRequestRelay: (34) Thread interrupted
07-19 07:32:55.928 31290  7521 E XmlHttpRequestRelay: java.lang.InterruptedException
07-19 07:32:55.928 31290  7521 E XmlHttpRequestRelay: 	at iqi$3.run(PG:122)
07-19 07:32:55.928 31290  7521 E XmlHttpRequestRelay: 	at java.util.concurrent.ThreadPoolExecutor.runWorker(ThreadPoolExecutor.java:1167)
07-19 07:32:55.928 31290  7521 E XmlHttpRequestRelay: 	at java.util.concurrent.ThreadPoolExecutor$Worker.run(ThreadPoolExecutor.java:641)
07-19 07:32:55.928 31290  7521 E XmlHttpRequestRelay: 	at java.lang.Thread.run(Thread.java:922)
07-19 07:32:55.935   576   667 I libPowerHal: [updateFPS] pid(31290) : 60 => -1
07-19 07:32:55.935   576   689 I libPowerHal: [perfNotifyAppState] pack:com.google.android.apps.docs.editors.docs, act:com.google.android.apps.docs.editors.kix.KixEditorActivity, state:5, pid:31290, uid:10195, fps:-1
07-19 07:32:56.935   576   667 I libPowerHal: [updateFPS] pid(31290) : -1 => 60
07-19 07:32:56.936   576   689 I libPowerHal: [perfNotifyAppState] pack:com.google.android.apps.docs.editors.docs, act:com.google.android.apps.docs.editors.kix.KixEditorActivity, state:5, pid:31290, uid:10195, fps:60
07-19 07:32:58.916   576   689 I libPowerHal: [perfNotifyAppState] pack:com.google.android.apps.docs.editors.docs, act:com.google.android.apps.docs.editors.kix.KixEditorActivity, state:0, pid:31290, uid:10195, fps:60
07-19 07:32:59.043   576   689 I libPowerHal: [perfNotifyAppState] pack:com.google.android.apps.docs.editors.docs, act:com.google.android.apps.docs.editors.homescreen.HomescreenActivity, state:1, pid:31290, uid:10195, fps:-1
07-19 07:32:59.043   576   689 I libPowerHal: [perfNotifyAppState] foreground:com.google.android.apps.docs.editors.docs, pid:31290, uid:10195
07-19 07:32:59.083 31290 31290 E DoclistPresenter: onStart, refresh model but skip content
07-19 07:32:59.085 31290 31290 E DoclistPresenter: onStart, refresh model but skip content
07-19 07:32:59.648 31290  5839 E acet    : Got more than one input Future failure. Logging failures after the first
07-19 07:32:59.648 31290  5839 E acet    : java.lang.UnsupportedOperationException: Unknown LogAuthSpec or Missing Module.
07-19 07:32:59.648 31290  5839 E acet    : 	at kol.call(PG:15)
07-19 07:32:59.648 31290  5839 E acet    : 	at acfa$b.a(Unknown Source:2)
07-19 07:32:59.648 31290  5839 E acet    : 	at acfx.run(PG:3)
07-19 07:32:59.648 31290  5839 E acet    : 	at java.util.concurrent.ThreadPoolExecutor.runWorker(ThreadPoolExecutor.java:1167)
07-19 07:32:59.648 31290  5839 E acet    : 	at java.util.concurrent.ThreadPoolExecutor$Worker.run(ThreadPoolExecutor.java:641)
07-19 07:32:59.648 31290  5839 E acet    : 	at java.lang.Thread.run(Thread.java:922)
07-19 07:32:59.648 31290  5839 E acet    : Got more than one input Future failure. Logging failures after the first
07-19 07:32:59.648 31290  5839 E acet    : java.lang.NullPointerException: Attempt to invoke virtual method 'java.lang.Class java.lang.Object.getClass()' on a null object reference
07-19 07:32:59.648 31290  5839 E acet    : 	at ltj.g(PG:15)
07-19 07:32:59.648 31290  5839 E acet    : 	at lsm.b(PG:21)
07-19 07:32:59.648 31290  5839 E acet    : 	at lqv.a(PG:4)
07-19 07:32:59.648 31290  5839 E acet    : 	at acey.a(PG:5)
07-19 07:32:59.648 31290  5839 E acet    : 	at aceq$a.f(PG:2)
07-19 07:32:59.648 31290  5839 E acet    : 	at aceq.run(PG:11)
07-19 07:32:59.648 31290  5839 E acet    : 	at acgh$a.run(PG:5)
07-19 07:32:59.648 31290  5839 E acet    : 	at java.util.concurrent.ThreadPoolExecutor.runWorker(ThreadPoolExecutor.java:1167)
07-19 07:32:59.648 31290  5839 E acet    : 	at java.util.concurrent.ThreadPoolExecutor$Worker.run(ThreadPoolExecutor.java:641)
07-19 07:32:59.648 31290  5839 E acet    : 	at java.lang.Thread.run(Thread.java:922)
07-19 07:32:59.649 31290  5839 E acet    : Got more than one input Future failure. Logging failures after the first
07-19 07:32:59.649 31290  5839 E acet    : java.lang.UnsupportedOperationException: Unknown LogAuthSpec or Missing Module.
07-19 07:32:59.649 31290  5839 E acet    : 	at kol.call(PG:15)
07-19 07:32:59.649 31290  5839 E acet    : 	at acfa$b.a(Unknown Source:2)
07-19 07:32:59.649 31290  5839 E acet    : 	at acfx.run(PG:3)
07-19 07:32:59.649 31290  5839 E acet    : 	at java.util.concurrent.ThreadPoolExecutor.runWorker(ThreadPoolExecutor.java:1167)
07-19 07:32:59.649 31290  5839 E acet    : 	at java.util.concurrent.ThreadPoolExecutor$Worker.run(ThreadPoolExecutor.java:641)
07-19 07:32:59.649 31290  5839 E acet    : 	at java.lang.Thread.run(Thread.java:922)
07-19 07:32:59.650 31290  7546 E GIL     : java.lang.NullPointerException: Attempt to invoke virtual method 'java.lang.Class java.lang.Object.getClass()' on a null object reference
07-19 07:32:59.650 31290  7546 E GIL     : 	at ltj.g(PG:15)
07-19 07:32:59.650 31290  7546 E GIL     : 	at lsm.b(PG:21)
07-19 07:32:59.650 31290  7546 E GIL     : 	at lqv.a(PG:4)
07-19 07:32:59.650 31290  7546 E GIL     : 	at acey.a(PG:5)
07-19 07:32:59.650 31290  7546 E GIL     : 	at aceq$a.f(PG:2)
07-19 07:32:59.650 31290  7546 E GIL     : 	at aceq.run(PG:11)
07-19 07:32:59.650 31290  7546 E GIL     : 	at acgh$a.run(PG:5)
07-19 07:32:59.650 31290  7546 E GIL     : 	at java.util.concurrent.ThreadPoolExecutor.runWorker(ThreadPoolExecutor.java:1167)
07-19 07:32:59.650 31290  7546 E GIL     : 	at java.util.concurrent.ThreadPoolExecutor$Worker.run(ThreadPoolExecutor.java:641)
07-19 07:32:59.650 31290  7546 E GIL     : 	at java.lang.Thread.run(Thread.java:922)
07-19 07:32:59.936   576   667 I libPowerHal: [updateFPS] pid(31290) : -1 => 60
07-19 07:32:59.936   576   689 I libPowerHal: [perfNotifyAppState] pack:com.google.android.apps.docs.editors.docs, act:com.google.android.apps.docs.editors.homescreen.HomescreenActivity, state:5, pid:31290, uid:10195, fps:60
07-19 07:33:00.020 31290  7550 E XmlHttpRequestRelay: (39) Thread interrupted
07-19 07:33:00.020 31290  7550 E XmlHttpRequestRelay: java.lang.InterruptedException
07-19 07:33:00.020 31290  7550 E XmlHttpRequestRelay: 	at iqi$3.run(PG:122)
07-19 07:33:00.020 31290  7550 E XmlHttpRequestRelay: 	at java.util.concurrent.ThreadPoolExecutor.runWorker(ThreadPoolExecutor.java:1167)
07-19 07:33:00.020 31290  7550 E XmlHttpRequestRelay: 	at java.util.concurrent.ThreadPoolExecutor$Worker.run(ThreadPoolExecutor.java:641)
07-19 07:33:00.020 31290  7550 E XmlHttpRequestRelay: 	at java.lang.Thread.run(Thread.java:922)
07-19 07:33:00.021 31290  7521 E DefaultHttpIssuer: Attempt to consume entity of HttpIssuer when no request is executing.
07-19 07:33:00.021 31290  7521 E DefaultHttpIssuer: Attempt to close HttpIssuer when no request is executing.
07-19 07:33:00.021 31290  7521 E XmlHttpRequestRelay: (41) Thread interrupted
07-19 07:33:00.021 31290  7521 E XmlHttpRequestRelay: java.lang.InterruptedException
07-19 07:33:00.021 31290  7521 E XmlHttpRequestRelay: 	at iqi$3.run(PG:118)
07-19 07:33:00.021 31290  7521 E XmlHttpRequestRelay: 	at java.util.concurrent.ThreadPoolExecutor.runWorker(ThreadPoolExecutor.java:1167)
07-19 07:33:00.021 31290  7521 E XmlHttpRequestRelay: 	at java.util.concurrent.ThreadPoolExecutor$Worker.run(ThreadPoolExecutor.java:641)
07-19 07:33:00.021 31290  7521 E XmlHttpRequestRelay: 	at java.lang.Thread.run(Thread.java:922)
07-19 07:33:00.936   576   667 I libPowerHal: [updateFPS] pid(31290) : 60 => -1
07-19 07:33:00.936   576   689 I libPowerHal: [perfNotifyAppState] pack:com.google.android.apps.docs.editors.docs, act:com.google.android.apps.docs.editors.homescreen.HomescreenActivity, state:5, pid:31290, uid:10195, fps:-1
07-19 07:33:01.936   576   667 I libPowerHal: [updateFPS] pid(31290) : -1 => 60
07-19 07:33:01.937   576   689 I libPowerHal: [perfNotifyAppState] pack:com.google.android.apps.docs.editors.docs, act:com.google.android.apps.docs.editors.homescreen.HomescreenActivity, state:5, pid:31290, uid:10195, fps:60
07-19 07:33:03.937   576   667 I libPowerHal: [updateFPS] pid(31290) : 60 => -1
07-19 07:33:03.937   576   689 I libPowerHal: [perfNotifyAppState] pack:com.google.android.apps.docs.editors.docs, act:com.google.android.apps.docs.editors.homescreen.HomescreenActivity, state:5, pid:31290, uid:10195, fps:-1
07-19 07:33:04.937   576   667 I libPowerHal: [updateFPS] pid(31290) : -1 => 60
07-19 07:33:04.938   576   689 I libPowerHal: [perfNotifyAppState] pack:com.google.android.apps.docs.editors.docs, act:com.google.android.apps.docs.editors.homescreen.HomescreenActivity, state:5, pid:31290, uid:10195, fps:60
07-19 07:33:12.941   576   667 I libPowerHal: [updateFPS] pid(31290) : 60 => -1
07-19 07:33:12.942   576   689 I libPowerHal: [perfNotifyAppState] pack:com.google.android.apps.docs.editors.docs, act:com.google.android.apps.docs.editors.homescreen.HomescreenActivity, state:5, pid:31290, uid:10195, fps:-1
07-19 07:33:13.942   576   667 I libPowerHal: [updateFPS] pid(31290) : -1 => 60
07-19 07:33:13.942   576   689 I libPowerHal: [perfNotifyAppState] pack:com.google.android.apps.docs.editors.docs, act:com.google.android.apps.docs.editors.homescreen.HomescreenActivity, state:5, pid:31290, uid:10195, fps:60
07-19 07:33:21.944   576   667 I libPowerHal: [updateFPS] pid(31290) : 60 => -1
07-19 07:33:21.945   576   689 I libPowerHal: [perfNotifyAppState] pack:com.google.android.apps.docs.editors.docs, act:com.google.android.apps.docs.editors.homescreen.HomescreenActivity, state:5, pid:31290, uid:10195, fps:-1
07-19 07:33:24.490   576   689 I libPowerHal: [perfNotifyAppState] pack:com.google.android.apps.docs.editors.docs, act:com.google.android.apps.docs.editors.kix.KixEditorActivity, state:1, pid:31290, uid:10195, fps:-1
07-19 07:33:24.499   576   689 I libPowerHal: [perfNotifyAppState] pack:com.google.android.apps.docs.editors.docs, act:com.google.android.apps.docs.editors.homescreen.HomescreenActivity, state:0, pid:31290, uid:10195, fps:-1
07-19 07:33:24.922   576   689 I libPowerHal: [perfNotifyAppState] pack:com.google.android.apps.docs.editors.docs, act:com.google.android.apps.docs.editors.homescreen.HomescreenActivity, state:0, pid:31290, uid:10195, fps:-1
07-19 07:33:24.945   576   667 I libPowerHal: [updateFPS] pid(31290) : -1 => 60
07-19 07:33:24.945   576   689 I libPowerHal: [perfNotifyAppState] pack:com.google.android.apps.docs.editors.docs, act:com.google.android.apps.docs.editors.kix.KixEditorActivity, state:5, pid:31290, uid:10195, fps:60
07-19 07:33:26.945   576   667 I libPowerHal: [updateFPS] pid(31290) : 60 => -1
07-19 07:33:26.946   576   689 I libPowerHal: [perfNotifyAppState] pack:com.google.android.apps.docs.editors.docs, act:com.google.android.apps.docs.editors.kix.KixEditorActivity, state:5, pid:31290, uid:10195, fps:-1
07-19 07:33:27.945   576   667 I libPowerHal: [updateFPS] pid(31290) : -1 => 60
07-19 07:33:27.945   576   689 I libPowerHal: [perfNotifyAppState] pack:com.google.android.apps.docs.editors.docs, act:com.google.android.apps.docs.editors.kix.KixEditorActivity, state:5, pid:31290, uid:10195, fps:60
07-19 07:33:31.946   576   667 I libPowerHal: [updateFPS] pid(31290) : 60 => -1
07-19 07:33:31.947   576   689 I libPowerHal: [perfNotifyAppState] pack:com.google.android.apps.docs.editors.docs, act:com.google.android.apps.docs.editors.kix.KixEditorActivity, state:5, pid:31290, uid:10195, fps:-1
07-19 07:33:35.276   576   689 I libPowerHal: [perfNotifyAppState] pack:com.google.android.apps.docs.editors.docs, act:com.google.android.apps.docs.editors.kix.KixEditorActivity, state:0, pid:31290, uid:10195, fps:-1
07-19 07:33:35.830 31290  7644 E XmlHttpRequestRelay: (6) Thread interrupted
07-19 07:33:35.830 31290  7644 E XmlHttpRequestRelay: java.lang.InterruptedException
07-19 07:33:35.830 31290  7644 E XmlHttpRequestRelay: 	at iqi$3.run(PG:122)
07-19 07:33:35.830 31290  7644 E XmlHttpRequestRelay: 	at java.util.concurrent.ThreadPoolExecutor.runWorker(ThreadPoolExecutor.java:1167)
07-19 07:33:35.830 31290  7644 E XmlHttpRequestRelay: 	at java.util.concurrent.ThreadPoolExecutor$Worker.run(ThreadPoolExecutor.java:641)
07-19 07:33:35.830 31290  7644 E XmlHttpRequestRelay: 	at java.lang.Thread.run(Thread.java:922)
07-19 07:33:45.871   576   689 I libPowerHal: [perfNotifyAppState] pack:com.google.android.apps.docs.editors.docs, act:com.google.android.apps.docs.editors.kix.KixEditorActivity, state:1, pid:31290, uid:10195, fps:60
07-19 07:33:45.872   576   689 I libPowerHal: [perfNotifyAppState] foreground:com.google.android.apps.docs.editors.docs, pid:31290, uid:10195
07-19 07:33:45.949   576   667 I libPowerHal: [updateFPS] pid(31290) : 60 => -1
07-19 07:33:45.949   576   689 I libPowerHal: [perfNotifyAppState] pack:com.google.android.apps.docs.editors.docs, act:com.google.android.apps.docs.editors.kix.KixEditorActivity, state:5, pid:31290, uid:10195, fps:-1
07-19 07:33:48.950   576   667 I libPowerHal: [updateFPS] pid(31290) : -1 => 60
07-19 07:33:48.950   576   689 I libPowerHal: [perfNotifyAppState] pack:com.google.android.apps.docs.editors.docs, act:com.google.android.apps.docs.editors.kix.KixEditorActivity, state:5, pid:31290, uid:10195, fps:60
07-19 07:33:50.950   576   667 I libPowerHal: [updateFPS] pid(31290) : 60 => -1
07-19 07:33:50.951   576   689 I libPowerHal: [perfNotifyAppState] pack:com.google.android.apps.docs.editors.docs, act:com.google.android.apps.docs.editors.kix.KixEditorActivity, state:5, pid:31290, uid:10195, fps:-1
07-19 07:33:51.951   576   667 I libPowerHal: [updateFPS] pid(31290) : -1 => 60
07-19 07:33:51.951   576   689 I libPowerHal: [perfNotifyAppState] pack:com.google.android.apps.docs.editors.docs, act:com.google.android.apps.docs.editors.kix.KixEditorActivity, state:5, pid:31290, uid:10195, fps:60
07-19 07:33:52.951   576   667 I libPowerHal: [updateFPS] pid(31290) : 60 => -1
07-19 07:33:52.952   576   689 I libPowerHal: [perfNotifyAppState] pack:com.google.android.apps.docs.editors.docs, act:com.google.android.apps.docs.editors.kix.KixEditorActivity, state:5, pid:31290, uid:10195, fps:-1
07-19 07:33:53.951   576   667 I libPowerHal: [updateFPS] pid(31290) : -1 => 60
07-19 07:33:53.952   576   689 I libPowerHal: [perfNotifyAppState] pack:com.google.android.apps.docs.editors.docs, act:com.google.android.apps.docs.editors.kix.KixEditorActivity, state:5, pid:31290, uid:10195, fps:60
07-19 07:33:54.952   576   667 I libPowerHal: [updateFPS] pid(31290) : 60 => -1
07-19 07:33:54.953   576   689 I libPowerHal: [perfNotifyAppState] pack:com.google.android.apps.docs.editors.docs, act:com.google.android.apps.docs.editors.kix.KixEditorActivity, state:5, pid:31290, uid:10195, fps:-1
07-19 07:33:55.952   576   667 I libPowerHal: [updateFPS] pid(31290) : -1 => 60
07-19 07:33:55.952   576   689 I libPowerHal: [perfNotifyAppState] pack:com.google.android.apps.docs.editors.docs, act:com.google.android.apps.docs.editors.kix.KixEditorActivity, state:5, pid:31290, uid:10195, fps:60
07-19 07:33:56.846 31290  7549 E XmlHttpRequestRelay: (37) Thread interrupted
07-19 07:33:56.846 31290  7549 E XmlHttpRequestRelay: java.lang.InterruptedException
07-19 07:33:56.846 31290  7549 E XmlHttpRequestRelay: 	at iqi$3.run(PG:118)
07-19 07:33:56.846 31290  7549 E XmlHttpRequestRelay: 	at java.util.concurrent.ThreadPoolExecutor.runWorker(ThreadPoolExecutor.java:1167)
07-19 07:33:56.846 31290  7549 E XmlHttpRequestRelay: 	at java.util.concurrent.ThreadPoolExecutor$Worker.run(ThreadPoolExecutor.java:641)
07-19 07:33:56.846 31290  7549 E XmlHttpRequestRelay: 	at java.lang.Thread.run(Thread.java:922)
07-19 07:33:56.952   576   667 I libPowerHal: [updateFPS] pid(31290) : 60 => -1
07-19 07:33:56.953   576   689 I libPowerHal: [perfNotifyAppState] pack:com.google.android.apps.docs.editors.docs, act:com.google.android.apps.docs.editors.kix.KixEditorActivity, state:5, pid:31290, uid:10195, fps:-1
07-19 07:33:57.953   576   667 I libPowerHal: [updateFPS] pid(31290) : -1 => 60
07-19 07:33:57.953   576   689 I libPowerHal: [perfNotifyAppState] pack:com.google.android.apps.docs.editors.docs, act:com.google.android.apps.docs.editors.kix.KixEditorActivity, state:5, pid:31290, uid:10195, fps:60
07-19 07:34:02.953   576   667 I libPowerHal: [updateFPS] pid(31290) : 60 => -1
07-19 07:34:02.954   576   689 I libPowerHal: [perfNotifyAppState] pack:com.google.android.apps.docs.editors.docs, act:com.google.android.apps.docs.editors.kix.KixEditorActivity, state:5, pid:31290, uid:10195, fps:-1
07-19 07:34:03.954   576   667 I libPowerHal: [updateFPS] pid(31290) : -1 => 60
07-19 07:34:03.954   576   689 I libPowerHal: [perfNotifyAppState] pack:com.google.android.apps.docs.editors.docs, act:com.google.android.apps.docs.editors.kix.KixEditorActivity, state:5, pid:31290, uid:10195, fps:60
07-19 07:34:04.954   576   667 I libPowerHal: [updateFPS] pid(31290) : 60 => -1
07-19 07:34:04.955   576   689 I libPowerHal: [perfNotifyAppState] pack:com.google.android.apps.docs.editors.docs, act:com.google.android.apps.docs.editors.kix.KixEditorActivity, state:5, pid:31290, uid:10195, fps:-1
07-19 07:34:05.954   576   667 I libPowerHal: [updateFPS] pid(31290) : -1 => 60
07-19 07:34:05.955   576   689 I libPowerHal: [perfNotifyAppState] pack:com.google.android.apps.docs.editors.docs, act:com.google.android.apps.docs.editors.kix.KixEditorActivity, state:5, pid:31290, uid:10195, fps:60
07-19 07:34:06.954   576   667 I libPowerHal: [updateFPS] pid(31290) : 60 => -1
07-19 07:34:06.955   576   689 I libPowerHal: [perfNotifyAppState] pack:com.google.android.apps.docs.editors.docs, act:com.google.android.apps.docs.editors.kix.KixEditorActivity, state:5, pid:31290, uid:10195, fps:-1
07-19 07:34:07.925 31290 31408 E Cello   : [31408:NonCelloThread] drive_v2_cloud_store.cc:4865:DumpToLog Request 0xb400006fff2528b0: 412 https://www.googleapis.com/drive/v2internal/files/1Ncay3CR7m1X0-1sF0qFMZkcbyHXQ37tHY3qDuwL1nhM?enforceSingleParent=true&languageCode=en-US&modifiedDateBehavior=DRIVE_UI_OFFLINE&supportsAllDrives=true&updateViewedDate=false&fields=customerId%2cactionItems%2chasAugmentedPermissions%2ccreatedDate%2cmodifiedDate%2creadersCanSeeComments%2cabuseNoticeReason%2ccapabilities%28canReadDrive%2ccanBlockOwner%2ccanMoveChildrenWithinDrive%2ccanTrash%2ccanAcceptOwnership%2ccanDeleteChildren%2ccanDownload%2ccanMoveChildrenOutOfDrive%2ccanRemoveChildren%2ccanModifyContent%2ccanShare%2ccanComment%2ccanShareChildFiles%2ccanShareToAllUsers%2ccanRequestApproval%2ccanUntrash%2ccanDelete%2ccanMoveItemWithinDrive%2ccanListChildren%2ccanReportSpamOrAbuse%2ccanChangePermissionExpiration%2ccanShareChildFolders%2ccanManageVisitors%2ccanPrint%2ccanAddMyDriveParent%2ccanMoveItemOutOfDrive%2ccanShareAsCommenter%2ccanShareAsFileOrganizer%2ccanShar
07-19 07:34:07.925 31290 31408 E Cello   : [31408:NonCelloThread] drive_v2_cloud_store.cc:4865:DumpToLog req.hdr 0xb400006fff2528b0: Content-Type=application/json
07-19 07:34:07.925 31290 31408 E Cello   : [31408:NonCelloThread] drive_v2_cloud_store.cc:4865:DumpToLog req.hdr 0xb400006fff2528b0: If-Match="1689492344302"
07-19 07:34:07.926 31290 31408 E Cello   : [31408:NonCelloThread] drive_v2_cloud_store.cc:4865:DumpToLog resp.hdr 0xb400006fff2528b0: content-encoding=gzip
07-19 07:34:07.926 31290 31408 E Cello   : [31408:NonCelloThread] drive_v2_cloud_store.cc:4865:DumpToLog resp.hdr 0xb400006fff2528b0: expires=Tue, 18 Jul 2023 23:34:08 GMT
07-19 07:34:07.926 31290 31408 E Cello   : [31408:NonCelloThread] drive_v2_cloud_store.cc:4865:DumpToLog resp.hdr 0xb400006fff2528b0: server=ESF
07-19 07:34:07.926 31290 31408 E Cello   : [31408:NonCelloThread] drive_v2_cloud_store.cc:4865:DumpToLog resp.hdr 0xb400006fff2528b0: x-content-type-options=nosniff
07-19 07:34:07.926 31290 31408 E Cello   : [31408:NonCelloThread] drive_v2_cloud_store.cc:4865:DumpToLog resp.hdr 0xb400006fff2528b0: content-type=application/json; charset=UTF-8
07-19 07:34:07.926 31290 31408 E Cello   : [31408:NonCelloThread] drive_v2_cloud_store.cc:4865:DumpToLog resp.hdr 0xb400006fff2528b0: cache-control=private, max-age=0
07-19 07:34:07.926 31290 31408 E Cello   : [31408:NonCelloThread] drive_v2_cloud_store.cc:4865:DumpToLog resp.hdr 0xb400006fff2528b0: date=Tue, 18 Jul 2023 23:34:08 GMT
07-19 07:34:07.926 31290 31408 E Cello   : [31408:NonCelloThread] drive_v2_cloud_store.cc:4865:DumpToLog resp.hdr 0xb400006fff2528b0: alt-svc=h3=":443"; ma=2592000,h3-29=":443"; ma=2592000
07-19 07:34:07.926 31290 31408 E Cello   : [31408:NonCelloThread] drive_v2_cloud_store.cc:4865:DumpToLog resp.hdr 0xb400006fff2528b0: vary=Origin, X-Origin
07-19 07:34:07.926 31290 31408 E Cello   : [31408:NonCelloThread] drive_v2_cloud_store.cc:4865:DumpToLog resp.hdr 0xb400006fff2528b0: x-frame-options=SAMEORIGIN
07-19 07:34:07.927 31290 31408 E Cello   : [31408:NonCelloThread] drive_v2_cloud_store.cc:4865:DumpToLog resp.hdr 0xb400006fff2528b0: x-xss-protection=0
07-19 07:34:07.927 31290 31408 E Cello   : [31408:NonCelloThread] drive_v2_cloud_store.cc:4865:DumpToLog resp.hdr 0xb400006fff2528b0: content-length=165
07-19 07:34:07.927 31290 31408 E Cello   : [31408:NonCelloThread] drive_v2_cloud_store.cc:4865:DumpToLog Response body 0xb400006fff2528b0: {
07-19 07:34:07.927 31290 31408 E Cello   :   "error": {
07-19 07:34:07.927 31290 31408 E Cello   :     "code": 412,
07-19 07:34:07.927 31290 31408 E Cello   :     "message": "Precondition Failed",
07-19 07:34:07.927 31290 31408 E Cello   :     "errors": [
07-19 07:34:07.927 31290 31408 E Cello   :       {
07-19 07:34:07.927 31290 31408 E Cello   :         "message": "Precondition Failed",
07-19 07:34:07.927 31290 31408 E Cello   :         "domain": "global",
07-19 07:34:07.927 31290 31408 E Cello   :         "reason": "conditionNotMet",
07-19 07:34:07.927 31290 31408 E Cello   :         "location": "If-Match",
07-19 07:34:07.927 31290 31408 E Cello   :         "locationType": "header"
07-19 07:34:07.927 31290 31408 E Cello   :       }
07-19 07:34:07.927 31290 31408 E Cello   :     ]
07-19 07:34:07.927 31290 31408 E Cello   :   }
07-19 07:34:07.927 31290 31408 E Cello   : }
07-19 07:34:07.927 31290 31408 E Cello   : 
07-19 07:34:07.931 31290 31408 E Cello   : [31408:NonCelloThread] push_task.cc:2484:ProcessSingleBatchResponse Batched update failed. Response:
07-19 07:34:07.931 31290 31408 E Cello   : MessageLite at 0xb400006fbf3a8be0
07-19 07:34:07.932 31290 31408 E Cello   : [31408:NonCelloThread] push_task.cc:2506:ProcessSingleBatchResponse Precondition failed, etag sent was: "1689492344302"
07-19 07:34:07.954   576   667 I libPowerHal: [updateFPS] pid(31290) : -1 => 60
07-19 07:34:07.955   576   689 I libPowerHal: [perfNotifyAppState] pack:com.google.android.apps.docs.editors.docs, act:com.google.android.apps.docs.editors.kix.KixEditorActivity, state:5, pid:31290, uid:10195, fps:60
07-19 07:34:08.955   576   667 I libPowerHal: [updateFPS] pid(31290) : 60 => -1
07-19 07:34:08.955   576   689 I libPowerHal: [perfNotifyAppState] pack:com.google.android.apps.docs.editors.docs, act:com.google.android.apps.docs.editors.kix.KixEditorActivity, state:5, pid:31290, uid:10195, fps:-1
07-19 07:34:09.955   576   667 I libPowerHal: [updateFPS] pid(31290) : -1 => 60
07-19 07:34:09.955   576   689 I libPowerHal: [perfNotifyAppState] pack:com.google.android.apps.docs.editors.docs, act:com.google.android.apps.docs.editors.kix.KixEditorActivity, state:5, pid:31290, uid:10195, fps:60
07-19 07:34:15.956   576   667 I libPowerHal: [updateFPS] pid(31290) : 60 => -1
07-19 07:34:15.957   576   689 I libPowerHal: [perfNotifyAppState] pack:com.google.android.apps.docs.editors.docs, act:com.google.android.apps.docs.editors.kix.KixEditorActivity, state:5, pid:31290, uid:10195, fps:-1
07-19 07:34:16.957   576   667 I libPowerHal: [updateFPS] pid(31290) : -1 => 60
07-19 07:34:16.957   576   689 I libPowerHal: [perfNotifyAppState] pack:com.google.android.apps.docs.editors.docs, act:com.google.android.apps.docs.editors.kix.KixEditorActivity, state:5, pid:31290, uid:10195, fps:60
07-19 07:34:17.957   576   667 I libPowerHal: [updateFPS] pid(31290) : 60 => -1
07-19 07:34:17.958   576   689 I libPowerHal: [perfNotifyAppState] pack:com.google.android.apps.docs.editors.docs, act:com.google.android.apps.docs.editors.kix.KixEditorActivity, state:5, pid:31290, uid:10195, fps:-1
07-19 07:34:26.619 31290  7521 E XmlHttpRequestRelay: (2) Thread interrupted
07-19 07:34:26.619 31290  7521 E XmlHttpRequestRelay: java.lang.InterruptedException
07-19 07:34:26.619 31290  7521 E XmlHttpRequestRelay: 	at iqi$3.run(PG:118)
07-19 07:34:26.619 31290  7521 E XmlHttpRequestRelay: 	at java.util.concurrent.ThreadPoolExecutor.runWorker(ThreadPoolExecutor.java:1167)
07-19 07:34:26.619 31290  7521 E XmlHttpRequestRelay: 	at java.util.concurrent.ThreadPoolExecutor$Worker.run(ThreadPoolExecutor.java:641)
07-19 07:34:26.619 31290  7521 E XmlHttpRequestRelay: 	at java.lang.Thread.run(Thread.java:922)
07-19 07:34:45.976 31290  7644 E DefaultHttpIssuer: Attempt to consume entity of HttpIssuer when no request is executing.
07-19 07:34:45.977 31290  7644 E DefaultHttpIssuer: Attempt to close HttpIssuer when no request is executing.
07-19 07:34:45.978 31290  7644 E XmlHttpRequestRelay: (8) Thread interrupted
07-19 07:34:45.978 31290  7644 E XmlHttpRequestRelay: java.lang.InterruptedException
07-19 07:34:45.978 31290  7644 E XmlHttpRequestRelay: 	at iqi$3.run(PG:118)
07-19 07:34:45.978 31290  7644 E XmlHttpRequestRelay: 	at java.util.concurrent.ThreadPoolExecutor.runWorker(ThreadPoolExecutor.java:1167)
07-19 07:34:45.978 31290  7644 E XmlHttpRequestRelay: 	at java.util.concurrent.ThreadPoolExecutor$Worker.run(ThreadPoolExecutor.java:641)
07-19 07:34:45.978 31290  7644 E XmlHttpRequestRelay: 	at java.lang.Thread.run(Thread.java:922)
07-19 07:34:47.060 31290  7781 E XmlHttpRequestRelay: (10) Thread interrupted
07-19 07:34:47.060 31290  7781 E XmlHttpRequestRelay: java.lang.InterruptedException
07-19 07:34:47.060 31290  7781 E XmlHttpRequestRelay: 	at iqi$3.run(PG:118)
07-19 07:34:47.060 31290  7781 E XmlHttpRequestRelay: 	at java.util.concurrent.ThreadPoolExecutor.runWorker(ThreadPoolExecutor.java:1167)
07-19 07:34:47.060 31290  7781 E XmlHttpRequestRelay: 	at java.util.concurrent.ThreadPoolExecutor$Worker.run(ThreadPoolExecutor.java:641)
07-19 07:34:47.060 31290  7781 E XmlHttpRequestRelay: 	at java.lang.Thread.run(Thread.java:922)
07-19 07:36:13.989   576   689 I libPowerHal: [perfNotifyAppState] pack:com.google.android.apps.docs.editors.docs, act:com.google.android.apps.docs.editors.kix.KixEditorActivity, state:0, pid:31290, uid:10195, fps:-1
07-19 07:36:14.261   576   689 I libPowerHal: [perfNotifyAppState] pack:com.google.android.apps.docs.editors.docs, act:com.google.android.apps.docs.editors.kix.KixEditorActivity, state:0, pid:31290, uid:10195, fps:-1
07-19 07:36:15.099 31290  7550 E XmlHttpRequestRelay: (20) Thread interrupted
07-19 07:36:15.099 31290  7550 E XmlHttpRequestRelay: java.lang.InterruptedException
07-19 07:36:15.099 31290  7550 E XmlHttpRequestRelay: 	at iqi$3.run(PG:122)
07-19 07:36:15.099 31290  7550 E XmlHttpRequestRelay: 	at java.util.concurrent.ThreadPoolExecutor.runWorker(ThreadPoolExecutor.java:1167)
07-19 07:36:15.099 31290  7550 E XmlHttpRequestRelay: 	at java.util.concurrent.ThreadPoolExecutor$Worker.run(ThreadPoolExecutor.java:641)
07-19 07:36:15.099 31290  7550 E XmlHttpRequestRelay: 	at java.lang.Thread.run(Thread.java:922)
07-19 07:58:27.576   576   689 I libPowerHal: [perfNotifyAppState] pack:com.google.android.apps.docs.editors.docs, act:com.google.android.apps.docs.editors.kix.KixEditorActivity, state:1, pid:31290, uid:10195, fps:-1
07-19 07:58:30.777   576   667 I libPowerHal: [updateFPS] pid(31290) : -1 => 60
07-19 07:58:30.778   576   689 I libPowerHal: [perfNotifyAppState] pack:com.google.android.apps.docs.editors.docs, act:com.google.android.apps.docs.editors.kix.KixEditorActivity, state:5, pid:31290, uid:10195, fps:60
07-19 07:58:30.837 31290 15935 W OkHttp3Executor: Creating an OkHttpClient on the fly for specific request.
07-19 07:58:31.777   576   667 I libPowerHal: [updateFPS] pid(31290) : 60 => -1
07-19 07:58:31.778   576   689 I libPowerHal: [perfNotifyAppState] pack:com.google.android.apps.docs.editors.docs, act:com.google.android.apps.docs.editors.kix.KixEditorActivity, state:5, pid:31290, uid:10195, fps:-1
07-19 07:58:32.334 31290  7747 D Linux   : [Posix_connect Debug]Process com.google.android.apps.docs.editors.docs :443 
07-19 07:58:32.337 31290 16036 W OkHttp3Executor: Creating an OkHttpClient on the fly for specific request.
07-19 07:58:32.383 31290 16107 W OkHttp3Executor: Creating an OkHttpClient on the fly for specific request.
07-19 07:58:32.778   576   667 I libPowerHal: [updateFPS] pid(31290) : -1 => 60
07-19 07:58:32.778   576   689 I libPowerHal: [perfNotifyAppState] pack:com.google.android.apps.docs.editors.docs, act:com.google.android.apps.docs.editors.kix.KixEditorActivity, state:5, pid:31290, uid:10195, fps:60
07-19 07:58:33.778   576   667 I libPowerHal: [updateFPS] pid(31290) : 60 => -1
07-19 07:58:33.778   576   689 I libPowerHal: [perfNotifyAppState] pack:com.google.android.apps.docs.editors.docs, act:com.google.android.apps.docs.editors.kix.KixEditorActivity, state:5, pid:31290, uid:10195, fps:-1
07-19 07:58:35.778   576   667 I libPowerHal: [updateFPS] pid(31290) : -1 => 60
