07-19 08:33:31.189 31290 27099 E ContentSyncWorker: [0] interrupted: ScheduledSyncTaskImpl[CelloEntrySpec[AccountId_3eb7585a, driveFileId=ItemId(email=insectsconnection@gmail.com, stableId=41664)], 0 attempts, 0/0 transferred, completed]
07-19 08:33:31.516 31290 27101 E ContentSyncWorker: [2] interrupted: ScheduledSyncTaskImpl[CelloEntrySpec[AccountId_3eb7585a, driveFileId=ItemId(email=insectsconnection@gmail.com, stableId=41664)], 0 attempts, 0/0 transferred, completed]
07-19 08:33:32.456 31290 27100 E ContentSyncWorker: [1] interrupted: ScheduledSyncTaskImpl[CelloEntrySpec[AccountId_3eb7585a, driveFileId=ItemId(email=insectsconnection@gmail.com, stableId=41664)], 0 attempts, 0/0 transferred, completed]
07-19 08:33:34.357 31290 27100 E ContentSyncWorker: [1] interrupted: ScheduledSyncTaskImpl[CelloEntrySpec[AccountId_3eb7585a, driveFileId=ItemId(email=insectsconnection@gmail.com, stableId=41663)], 0 attempts, 0/0 transferred, completed]
07-19 08:33:35.643 31290 27102 E ContentSyncWorker: [3] interrupted: ScheduledSyncTaskImpl[CelloEntrySpec[AccountId_3eb7585a, driveFileId=ItemId(email=insectsconnection@gmail.com, stableId=41562)], 0 attempts, 0/0 transferred, completed]
07-19 08:33:35.645 31290 27099 E ContentSyncWorker: [0] interrupted: ScheduledSyncTaskImpl[CelloEntrySpec[AccountId_3eb7585a, driveFileId=ItemId(email=insectsconnection@gmail.com, stableId=41461)], 0 attempts, 0/0 transferred, completed]
07-19 08:33:37.537 31290 27102 E ContentSyncWorker: [3] interrupted: ScheduledSyncTaskImpl[CelloEntrySpec[AccountId_3eb7585a, driveFileId=ItemId(email=insectsconnection@gmail.com, stableId=41156)], 0 attempts, 0/0 transferred, completed]
07-19 08:33:37.539 31290 27099 E ContentSyncWorker: [0] interrupted: ScheduledSyncTaskImpl[CelloEntrySpec[AccountId_3eb7585a, driveFileId=ItemId(email=insectsconnection@gmail.com, stableId=40653)], 0 attempts, 0/0 transferred, completed]
07-19 08:33:38.910 31290 27101 E EditorOfflineDbSyncable: Sync of 1Ncay3CR7m1X0-1sF0qFMZkcbyHXQ37tHY3qDuwL1nhM failed. SyncResult: RETRY_DELAYED
07-19 08:33:39.541 31290 27099 E ContentSyncWorker: [0] interrupted: ScheduledSyncTaskImpl[CelloEntrySpec[AccountId_3eb7585a, driveFileId=ItemId(email=insectsconnection@gmail.com, stableId=40958)], 0 attempts, 0/0 transferred, completed]
07-19 08:33:39.548 31290 27102 E ContentSyncWorker: [3] interrupted: ScheduledSyncTaskImpl[CelloEntrySpec[AccountId_3eb7585a, driveFileId=ItemId(email=insectsconnection@gmail.com, stableId=40958)], 0 attempts, 0/0 transferred, completed]
07-19 08:33:40.842 31290 27101 E ContentSyncWorker: [2] interrupted: ScheduledSyncTaskImpl[CelloEntrySpec[AccountId_3eb7585a, driveFileId=ItemId(email=insectsconnection@gmail.com, stableId=40958)], 0 attempts, 0/0 transferred, completed]
07-19 08:33:42.650 31290 27101 E ContentSyncWorker: [2] interrupted: ScheduledSyncTaskImpl[CelloEntrySpec[AccountId_3eb7585a, driveFileId=ItemId(email=insectsconnection@gmail.com, stableId=40956)], 0 attempts, 0/0 transferred, completed]
07-19 08:33:43.225 31290 27100 E ContentSyncWorker: [1] interrupted: ScheduledSyncTaskImpl[CelloEntrySpec[AccountId_3eb7585a, driveFileId=ItemId(email=insectsconnection@gmail.com, stableId=40955)], 0 attempts, 0/0 transferred, completed]
07-19 08:33:43.642 31290 27099 E ContentSyncWorker: [0] interrupted: ScheduledSyncTaskImpl[CelloEntrySpec[AccountId_3eb7585a, driveFileId=ItemId(email=insectsconnection@gmail.com, stableId=18065)], 0 attempts, 0/0 transferred, completed]
07-19 08:33:44.818 31290 27100 E ContentSyncWorker: [1] interrupted: ScheduledSyncTaskImpl[CelloEntrySpec[AccountId_3eb7585a, driveFileId=ItemId(email=insectsconnection@gmail.com, stableId=40552)], 0 attempts, 0/0 transferred, completed]
07-19 08:33:45.390 31290 27099 E ContentSyncWorker: [0] interrupted: ScheduledSyncTaskImpl[CelloEntrySpec[AccountId_3eb7585a, driveFileId=ItemId(email=insectsconnection@gmail.com, stableId=40552)], 0 attempts, 0/0 transferred, completed]
07-19 08:33:46.163 31290 27102 E ContentSyncWorker: [3] interrupted: ScheduledSyncTaskImpl[CelloEntrySpec[AccountId_3eb7585a, driveFileId=ItemId(email=insectsconnection@gmail.com, stableId=40353)], 0 attempts, 0/0 transferred, completed]
07-19 08:33:46.803 31290 27100 E ContentSyncWorker: [1] interrupted: ScheduledSyncTaskImpl[CelloEntrySpec[AccountId_3eb7585a, driveFileId=ItemId(email=insectsconnection@gmail.com, stableId=40353)], 0 attempts, 0/0 transferred, completed]
07-19 08:33:47.841 31290 27102 E ContentSyncWorker: [3] interrupted: ScheduledSyncTaskImpl[CelloEntrySpec[AccountId_3eb7585a, driveFileId=ItemId(email=insectsconnection@gmail.com, stableId=40352)], 0 attempts, 0/0 transferred, completed]
07-19 08:33:48.607 31290 27100 E ContentSyncWorker: [1] interrupted: ScheduledSyncTaskImpl[CelloEntrySpec[AccountId_3eb7585a, driveFileId=ItemId(email=insectsconnection@gmail.com, stableId=40352)], 0 attempts, 0/0 transferred, completed]
07-19 08:33:49.303 31290 27101 E ContentSyncWorker: [2] interrupted: ScheduledSyncTaskImpl[CelloEntrySpec[AccountId_3eb7585a, driveFileId=ItemId(email=insectsconnection@gmail.com, stableId=40351)], 0 attempts, 0/0 transferred, completed]
07-19 08:33:50.921 31290 27101 E ContentSyncWorker: [2] interrupted: ScheduledSyncTaskImpl[CelloEntrySpec[AccountId_3eb7585a, driveFileId=ItemId(email=insectsconnection@gmail.com, stableId=40149)], 0 attempts, 0/0 transferred, completed]
07-19 08:33:52.177 31290 27102 E ContentSyncWorker: [3] interrupted: ScheduledSyncTaskImpl[CelloEntrySpec[AccountId_3eb7585a, driveFileId=ItemId(email=insectsconnection@gmail.com, stableId=39953)], 0 attempts, 0/0 transferred, completed]
07-19 08:33:52.179 31290 27099 E ContentSyncWorker: [0] interrupted: ScheduledSyncTaskImpl[CelloEntrySpec[AccountId_3eb7585a, driveFileId=ItemId(email=insectsconnection@gmail.com, stableId=39954)], 0 attempts, 0/0 transferred, completed]
07-19 08:33:53.872 31290 27102 E ContentSyncWorker: [3] interrupted: ScheduledSyncTaskImpl[CelloEntrySpec[AccountId_3eb7585a, driveFileId=ItemId(email=insectsconnection@gmail.com, stableId=39952)], 0 attempts, 0/0 transferred, completed]
07-19 08:33:53.872 31290 27099 E ContentSyncWorker: [0] interrupted: ScheduledSyncTaskImpl[CelloEntrySpec[AccountId_3eb7585a, driveFileId=ItemId(email=insectsconnection@gmail.com, stableId=39951)], 0 attempts, 0/0 transferred, completed]
07-19 08:33:54.965 31290 27100 E ContentSyncWorker: [1] interrupted: ScheduledSyncTaskImpl[CelloEntrySpec[AccountId_3eb7585a, driveFileId=ItemId(email=insectsconnection@gmail.com, stableId=39952)], 0 attempts, 0/0 transferred, completed]
07-19 08:33:55.736 31290 27102 E ContentSyncWorker: [3] interrupted: ScheduledSyncTaskImpl[CelloEntrySpec[AccountId_3eb7585a, driveFileId=ItemId(email=insectsconnection@gmail.com, stableId=39948)], 0 attempts, 0/0 transferred, canceled]
07-19 08:33:55.737 31290 27099 E ContentSyncWorker: [0] interrupted: ScheduledSyncTaskImpl[CelloEntrySpec[AccountId_3eb7585a, driveFileId=ItemId(email=insectsconnection@gmail.com, stableId=39948)], 0 attempts, 0/0 transferred, completed]
07-19 08:33:56.874 31290 27100 E ContentSyncWorker: [1] interrupted: ScheduledSyncTaskImpl[CelloEntrySpec[AccountId_3eb7585a, driveFileId=ItemId(email=insectsconnection@gmail.com, stableId=39948)], 0 attempts, 0/0 transferred, completed]
07-19 08:33:58.617 31290 27100 E ContentSyncWorker: [1] interrupted: ScheduledSyncTaskImpl[CelloEntrySpec[AccountId_3eb7585a, driveFileId=ItemId(email=insectsconnection@gmail.com, stableId=39847)], 0 attempts, 0/0 transferred, completed]
07-19 08:34:00.716 31290 27101 E EditorOfflineDbSyncable: Sync of 1Ncay3CR7m1X0-1sF0qFMZkcbyHXQ37tHY3qDuwL1nhM failed. SyncResult: RETRY_DELAYED
07-19 08:34:02.459 31290 27102 E ContentSyncWorker: [3] interrupted: ScheduledSyncTaskImpl[CelloEntrySpec[AccountId_3eb7585a, driveFileId=ItemId(email=insectsconnection@gmail.com, stableId=39445)], 0 attempts, 0/0 transferred, completed]
07-19 08:34:02.459 31290 27101 E ContentSyncWorker: [2] interrupted: ScheduledSyncTaskImpl[CelloEntrySpec[AccountId_3eb7585a, driveFileId=ItemId(email=insectsconnection@gmail.com, stableId=39244)], 0 attempts, 0/0 transferred, completed]
07-19 08:34:03.979 31290 27101 E ContentSyncWorker: [2] interrupted: ScheduledSyncTaskImpl[CelloEntrySpec[AccountId_3eb7585a, driveFileId=ItemId(email=insectsconnection@gmail.com, stableId=39243)], 0 attempts, 0/0 transferred, completed]
07-19 08:34:04.036 31290 27102 E ContentSyncWorker: [3] interrupted: ScheduledSyncTaskImpl[CelloEntrySpec[AccountId_3eb7585a, driveFileId=ItemId(email=insectsconnection@gmail.com, stableId=38236)], 0 attempts, 0/0 transferred, completed]
07-19 08:34:04.846 31290 27099 E ContentSyncWorker: [0] interrupted: ScheduledSyncTaskImpl[CelloEntrySpec[AccountId_3eb7585a, driveFileId=ItemId(email=insectsconnection@gmail.com, stableId=38236)], 0 attempts, 0/0 transferred, completed]
07-19 08:34:05.596 31290 27101 E ContentSyncWorker: [2] interrupted: ScheduledSyncTaskImpl[CelloEntrySpec[AccountId_3eb7585a, driveFileId=ItemId(email=insectsconnection@gmail.com, stableId=38638)], 0 attempts, 0/0 transferred, completed]
07-19 08:34:06.503 31290 27099 E ContentSyncWorker: [0] interrupted: ScheduledSyncTaskImpl[CelloEntrySpec[AccountId_3eb7585a, driveFileId=ItemId(email=insectsconnection@gmail.com, stableId=38638)], 0 attempts, 0/0 transferred, completed]
07-19 08:34:07.217 31290 27100 E ContentSyncWorker: [1] interrupted: ScheduledSyncTaskImpl[CelloEntrySpec[AccountId_3eb7585a, driveFileId=ItemId(email=insectsconnection@gmail.com, stableId=39142)], 0 attempts, 0/0 transferred, completed]
07-19 08:34:07.351 31290 27101 E ContentSyncWorker: [2] interrupted: ScheduledSyncTaskImpl[CelloEntrySpec[AccountId_3eb7585a, driveFileId=ItemId(email=insectsconnection@gmail.com, stableId=39142)], 0 attempts, 0/0 transferred, completed]
07-19 08:34:08.784 31290 27100 E ContentSyncWorker: [1] interrupted: ScheduledSyncTaskImpl[CelloEntrySpec[AccountId_3eb7585a, driveFileId=ItemId(email=insectsconnection@gmail.com, stableId=27753)], 0 attempts, 0/0 transferred, completed]
07-19 08:34:08.871 31290 27101 E ContentSyncWorker: [2] interrupted: ScheduledSyncTaskImpl[CelloEntrySpec[AccountId_3eb7585a, driveFileId=ItemId(email=insectsconnection@gmail.com, stableId=27753)], 0 attempts, 0/0 transferred, completed]
07-19 08:34:10.356 31290 27102 E ContentSyncWorker: [3] interrupted: ScheduledSyncTaskImpl[CelloEntrySpec[AccountId_3eb7585a, driveFileId=ItemId(email=insectsconnection@gmail.com, stableId=39041)], 0 attempts, 0/0 transferred, completed]
07-19 08:34:11.938 31290 27102 E ContentSyncWorker: [3] interrupted: ScheduledSyncTaskImpl[CelloEntrySpec[AccountId_3eb7585a, driveFileId=ItemId(email=insectsconnection@gmail.com, stableId=38940)], 0 attempts, 0/0 transferred, completed]
07-19 08:34:13.069 31290 27099 E ContentSyncWorker: [0] interrupted: ScheduledSyncTaskImpl[CelloEntrySpec[AccountId_3eb7585a, driveFileId=ItemId(email=insectsconnection@gmail.com, stableId=38839)], 0 attempts, 0/0 transferred, completed]
07-19 08:34:13.167 31290 27100 E ContentSyncWorker: [1] interrupted: ScheduledSyncTaskImpl[CelloEntrySpec[AccountId_3eb7585a, driveFileId=ItemId(email=insectsconnection@gmail.com, stableId=38642)], 0 attempts, 0/0 transferred, completed]
07-19 08:34:13.926 31290 27102 E ContentSyncWorker: [3] interrupted: ScheduledSyncTaskImpl[CelloEntrySpec[AccountId_3eb7585a, driveFileId=ItemId(email=insectsconnection@gmail.com, stableId=38641)], 0 attempts, 0/0 transferred, completed]
07-19 08:34:14.720 31290 27099 E ContentSyncWorker: [0] interrupted: ScheduledSyncTaskImpl[CelloEntrySpec[AccountId_3eb7585a, driveFileId=ItemId(email=insectsconnection@gmail.com, stableId=38641)], 0 attempts, 0/0 transferred, completed]
07-19 08:34:15.503 31290 27102 E ContentSyncWorker: [3] interrupted: ScheduledSyncTaskImpl[CelloEntrySpec[AccountId_3eb7585a, driveFileId=ItemId(email=insectsconnection@gmail.com, stableId=38640)], 0 attempts, 0/0 transferred, completed]
07-19 08:34:16.413 31290 27099 E ContentSyncWorker: [0] interrupted: ScheduledSyncTaskImpl[CelloEntrySpec[AccountId_3eb7585a, driveFileId=ItemId(email=insectsconnection@gmail.com, stableId=38640)], 0 attempts, 0/0 transferred, completed]
07-19 08:34:17.077 31290 27100 E ContentSyncWorker: [1] interrupted: ScheduledSyncTaskImpl[CelloEntrySpec[AccountId_3eb7585a, driveFileId=ItemId(email=insectsconnection@gmail.com, stableId=38639)], 0 attempts, 0/0 transferred, completed]
07-19 08:34:17.177 31290 27102 E ContentSyncWorker: [3] interrupted: ScheduledSyncTaskImpl[CelloEntrySpec[AccountId_3eb7585a, driveFileId=ItemId(email=insectsconnection@gmail.com, stableId=38639)], 0 attempts, 0/0 transferred, completed]
07-19 08:34:19.009 31290 27100 E ContentSyncWorker: [1] interrupted: ScheduledSyncTaskImpl[CelloEntrySpec[AccountId_3eb7585a, driveFileId=ItemId(email=insectsconnection@gmail.com, stableId=38537)], 0 attempts, 0/0 transferred, completed]
07-19 08:34:19.102 31290 27102 E ContentSyncWorker: [3] interrupted: ScheduledSyncTaskImpl[CelloEntrySpec[AccountId_3eb7585a, driveFileId=ItemId(email=insectsconnection@gmail.com, stableId=38537)], 0 attempts, 0/0 transferred, completed]
07-19 08:34:20.225 31290 27101 E ContentSyncWorker: [2] interrupted: ScheduledSyncTaskImpl[CelloEntrySpec[AccountId_3eb7585a, driveFileId=ItemId(email=insectsconnection@gmail.com, stableId=38436)], 0 attempts, 0/0 transferred, completed]
07-19 08:34:21.567 31290 27102 E EditorOfflineDbSyncable: Sync of 1Ncay3CR7m1X0-1sF0qFMZkcbyHXQ37tHY3qDuwL1nhM failed. SyncResult: RETRY_DELAYED
07-19 08:34:21.950 31290 27101 E ContentSyncWorker: [2] interrupted: ScheduledSyncTaskImpl[CelloEntrySpec[AccountId_3eb7585a, driveFileId=ItemId(email=insectsconnection@gmail.com, stableId=38237)], 0 attempts, 0/0 transferred, completed]
07-19 08:34:22.719 31290 27099 E ContentSyncWorker: [0] interrupted: ScheduledSyncTaskImpl[CelloEntrySpec[AccountId_3eb7585a, driveFileId=ItemId(email=insectsconnection@gmail.com, stableId=38235)], 0 attempts, 0/0 transferred, completed]
07-19 08:34:24.101 31290 27099 E ContentSyncWorker: [0] interrupted: ScheduledSyncTaskImpl[CelloEntrySpec[AccountId_3eb7585a, driveFileId=ItemId(email=insectsconnection@gmail.com, stableId=38134)], 0 attempts, 0/0 transferred, completed]
07-19 08:34:25.417 31290 27100 E ContentSyncWorker: [1] interrupted: ScheduledSyncTaskImpl[CelloEntrySpec[AccountId_3eb7585a, driveFileId=ItemId(email=insectsconnection@gmail.com, stableId=37635)], 0 attempts, 0/0 transferred, completed]
07-19 08:34:25.517 31290 27102 E ContentSyncWorker: [3] interrupted: ScheduledSyncTaskImpl[CelloEntrySpec[AccountId_3eb7585a, driveFileId=ItemId(email=insectsconnection@gmail.com, stableId=37833)], 0 attempts, 0/0 transferred, completed]
07-19 08:34:26.816 31290 27100 E ContentSyncWorker: [1] interrupted: ScheduledSyncTaskImpl[CelloEntrySpec[AccountId_3eb7585a, driveFileId=ItemId(email=insectsconnection@gmail.com, stableId=37832)], 0 attempts, 0/0 transferred, completed]
07-19 08:34:26.928 31290 27102 E ContentSyncWorker: [3] interrupted: ScheduledSyncTaskImpl[CelloEntrySpec[AccountId_3eb7585a, driveFileId=ItemId(email=insectsconnection@gmail.com, stableId=37832)], 0 attempts, 0/0 transferred, completed]
07-19 08:34:27.945 31290 27101 E ContentSyncWorker: [2] interrupted: ScheduledSyncTaskImpl[CelloEntrySpec[AccountId_3eb7585a, driveFileId=ItemId(email=insectsconnection@gmail.com, stableId=37637)], 0 attempts, 0/0 transferred, completed]
07-19 08:34:29.482 31290 27101 E ContentSyncWorker: [2] interrupted: ScheduledSyncTaskImpl[CelloEntrySpec[AccountId_3eb7585a, driveFileId=ItemId(email=insectsconnection@gmail.com, stableId=37636)], 0 attempts, 0/0 transferred, completed]
07-19 08:34:30.107 31290 27099 E ContentSyncWorker: [0] interrupted: ScheduledSyncTaskImpl[CelloEntrySpec[AccountId_3eb7585a, driveFileId=ItemId(email=insectsconnection@gmail.com, stableId=37634)], 0 attempts, 0/0 transferred, completed]
07-19 08:34:30.665 31290 27100 E ContentSyncWorker: [1] interrupted: ScheduledSyncTaskImpl[CelloEntrySpec[AccountId_3eb7585a, driveFileId=ItemId(email=insectsconnection@gmail.com, stableId=37631)], 0 attempts, 0/0 transferred, completed]
07-19 08:34:31.704 31290 27099 E ContentSyncWorker: [0] interrupted: ScheduledSyncTaskImpl[CelloEntrySpec[AccountId_3eb7585a, driveFileId=ItemId(email=insectsconnection@gmail.com, stableId=37632)], 0 attempts, 0/0 transferred, completed]
07-19 08:34:32.189 31290 27100 E ContentSyncWorker: [1] interrupted: ScheduledSyncTaskImpl[CelloEntrySpec[AccountId_3eb7585a, driveFileId=ItemId(email=insectsconnection@gmail.com, stableId=37632)], 0 attempts, 0/0 transferred, completed]
07-19 08:34:33.014 31290 27102 E ContentSyncWorker: [3] interrupted: ScheduledSyncTaskImpl[CelloEntrySpec[AccountId_3eb7585a, driveFileId=ItemId(email=insectsconnection@gmail.com, stableId=35517)], 0 attempts, 0/0 transferred, completed]
07-19 08:34:34.466 31290 27102 E ContentSyncWorker: [3] interrupted: ScheduledSyncTaskImpl[CelloEntrySpec[AccountId_3eb7585a, driveFileId=ItemId(email=insectsconnection@gmail.com, stableId=37433)], 0 attempts, 0/0 transferred, completed]
07-19 08:34:35.277 31290 27101 E ContentSyncWorker: [2] interrupted: ScheduledSyncTaskImpl[CelloEntrySpec[AccountId_3eb7585a, driveFileId=ItemId(email=insectsconnection@gmail.com, stableId=37432)], 0 attempts, 0/0 transferred, completed]
07-19 08:34:35.337 31290 27099 E ContentSyncWorker: [0] interrupted: ScheduledSyncTaskImpl[CelloEntrySpec[AccountId_3eb7585a, driveFileId=ItemId(email=insectsconnection@gmail.com, stableId=37431)], 0 attempts, 0/0 transferred, completed]
07-19 08:34:36.805 31290 27101 E ContentSyncWorker: [2] interrupted: ScheduledSyncTaskImpl[CelloEntrySpec[AccountId_3eb7585a, driveFileId=ItemId(email=insectsconnection@gmail.com, stableId=37430)], 0 attempts, 0/0 transferred, completed]
07-19 08:34:36.871 31290 27099 E ContentSyncWorker: [0] interrupted: ScheduledSyncTaskImpl[CelloEntrySpec[AccountId_3eb7585a, driveFileId=ItemId(email=insectsconnection@gmail.com, stableId=37430)], 0 attempts, 0/0 transferred, completed]
07-19 08:34:38.026 31290 27100 E ContentSyncWorker: [1] interrupted: ScheduledSyncTaskImpl[CelloEntrySpec[AccountId_3eb7585a, driveFileId=ItemId(email=insectsconnection@gmail.com, stableId=37329)], 0 attempts, 0/0 transferred, completed]
07-19 08:34:39.584 31290 27100 E ContentSyncWorker: [1] interrupted: ScheduledSyncTaskImpl[CelloEntrySpec[AccountId_3eb7585a, driveFileId=ItemId(email=insectsconnection@gmail.com, stableId=37129)], 0 attempts, 0/0 transferred, completed]
07-19 08:34:40.311 31290 27102 E ContentSyncWorker: [3] interrupted: ScheduledSyncTaskImpl[CelloEntrySpec[AccountId_3eb7585a, driveFileId=ItemId(email=insectsconnection@gmail.com, stableId=37128)], 0 attempts, 0/0 transferred, completed]
07-19 08:34:40.526 31290 27101 E ContentSyncWorker: [2] interrupted: ScheduledSyncTaskImpl[CelloEntrySpec[AccountId_3eb7585a, driveFileId=ItemId(email=insectsconnection@gmail.com, stableId=37027)], 0 attempts, 0/0 transferred, completed]
07-19 08:34:42.232 31290 27101 E ContentSyncWorker: [2] interrupted: ScheduledSyncTaskImpl[CelloEntrySpec[AccountId_3eb7585a, driveFileId=ItemId(email=insectsconnection@gmail.com, stableId=36827)], 0 attempts, 0/0 transferred, completed]
07-19 08:34:42.736 31290 27102 E EditorOfflineDbSyncable: Sync of 1Ncay3CR7m1X0-1sF0qFMZkcbyHXQ37tHY3qDuwL1nhM failed. SyncResult: RETRY_DELAYED
07-19 08:34:43.170 31290 27099 E ContentSyncWorker: [0] interrupted: ScheduledSyncTaskImpl[CelloEntrySpec[AccountId_3eb7585a, driveFileId=ItemId(email=insectsconnection@gmail.com, stableId=36826)], 0 attempts, 0/0 transferred, completed]
07-19 08:34:44.157 31290 27102 E ContentSyncWorker: [3] interrupted: ScheduledSyncTaskImpl[CelloEntrySpec[AccountId_3eb7585a, driveFileId=ItemId(email=insectsconnection@gmail.com, stableId=36626)], 0 attempts, 0/0 transferred, completed]
07-19 08:34:44.567 31290 27099 E ContentSyncWorker: [0] interrupted: ScheduledSyncTaskImpl[CelloEntrySpec[AccountId_3eb7585a, driveFileId=ItemId(email=insectsconnection@gmail.com, stableId=36626)], 0 attempts, 0/0 transferred, completed]
07-19 08:34:45.542 31290 27100 E ContentSyncWorker: [1] interrupted: ScheduledSyncTaskImpl[CelloEntrySpec[AccountId_3eb7585a, driveFileId=ItemId(email=insectsconnection@gmail.com, stableId=36625)], 0 attempts, 0/0 transferred, completed]
07-19 08:34:45.738 31290 27102 E ContentSyncWorker: [3] interrupted: ScheduledSyncTaskImpl[CelloEntrySpec[AccountId_3eb7585a, driveFileId=ItemId(email=insectsconnection@gmail.com, stableId=36625)], 0 attempts, 0/0 transferred, completed]
07-19 08:34:46.957 31290 27100 E ContentSyncWorker: [1] interrupted: ScheduledSyncTaskImpl[CelloEntrySpec[AccountId_3eb7585a, driveFileId=ItemId(email=insectsconnection@gmail.com, stableId=36524)], 0 attempts, 0/0 transferred, completed]
07-19 08:34:47.109 31290 27102 E ContentSyncWorker: [3] interrupted: ScheduledSyncTaskImpl[CelloEntrySpec[AccountId_3eb7585a, driveFileId=ItemId(email=insectsconnection@gmail.com, stableId=36524)], 0 attempts, 0/0 transferred, completed]
07-19 08:34:48.060 31290 27101 E ContentSyncWorker: [2] interrupted: ScheduledSyncTaskImpl[CelloEntrySpec[AccountId_3eb7585a, driveFileId=ItemId(email=insectsconnection@gmail.com, stableId=35818)], 0 attempts, 0/0 transferred, completed]
07-19 08:34:49.467 31290 27101 E ContentSyncWorker: [2] interrupted: ScheduledSyncTaskImpl[CelloEntrySpec[AccountId_3eb7585a, driveFileId=ItemId(email=insectsconnection@gmail.com, stableId=36423)], 0 attempts, 0/0 transferred, completed]
07-19 08:34:50.066 31290 27099 E ContentSyncWorker: [0] interrupted: ScheduledSyncTaskImpl[CelloEntrySpec[AccountId_3eb7585a, driveFileId=ItemId(email=insectsconnection@gmail.com, stableId=36222)], 0 attempts, 0/0 transferred, completed]
07-19 08:34:50.513 31290 27100 E ContentSyncWorker: [1] interrupted: ScheduledSyncTaskImpl[CelloEntrySpec[AccountId_3eb7585a, driveFileId=ItemId(email=insectsconnection@gmail.com, stableId=36224)], 0 attempts, 0/0 transferred, completed]
07-19 08:34:51.672 31290 27099 E ContentSyncWorker: [0] interrupted: ScheduledSyncTaskImpl[CelloEntrySpec[AccountId_3eb7585a, driveFileId=ItemId(email=insectsconnection@gmail.com, stableId=36223)], 0 attempts, 0/0 transferred, completed]
07-19 08:34:52.047 31290 27100 E ContentSyncWorker: [1] interrupted: ScheduledSyncTaskImpl[CelloEntrySpec[AccountId_3eb7585a, driveFileId=ItemId(email=insectsconnection@gmail.com, stableId=36223)], 0 attempts, 0/0 transferred, completed]
07-19 08:34:52.802 31290 27102 E ContentSyncWorker: [3] interrupted: ScheduledSyncTaskImpl[CelloEntrySpec[AccountId_3eb7585a, driveFileId=ItemId(email=insectsconnection@gmail.com, stableId=36121)], 0 attempts, 0/0 transferred, completed]
07-19 08:34:54.137 31290 27102 E ContentSyncWorker: [3] interrupted: ScheduledSyncTaskImpl[CelloEntrySpec[AccountId_3eb7585a, driveFileId=ItemId(email=insectsconnection@gmail.com, stableId=35717)], 0 attempts, 0/0 transferred, completed]
07-19 08:34:55.389 31290 27101 E ContentSyncWorker: [2] interrupted: ScheduledSyncTaskImpl[CelloEntrySpec[AccountId_3eb7585a, driveFileId=ItemId(email=insectsconnection@gmail.com, stableId=35415)], 0 attempts, 0/0 transferred, completed]
07-19 08:34:55.446 31290 27099 E ContentSyncWorker: [0] interrupted: ScheduledSyncTaskImpl[CelloEntrySpec[AccountId_3eb7585a, driveFileId=ItemId(email=insectsconnection@gmail.com, stableId=35415)], 0 attempts, 0/0 transferred, completed]
07-19 08:34:56.791 31290 27101 E ContentSyncWorker: [2] interrupted: ScheduledSyncTaskImpl[CelloEntrySpec[AccountId_3eb7585a, driveFileId=ItemId(email=insectsconnection@gmail.com, stableId=35212)], 0 attempts, 0/0 transferred, completed]
07-19 08:34:56.791 31290 27099 E ContentSyncWorker: [0] interrupted: ScheduledSyncTaskImpl[CelloEntrySpec[AccountId_3eb7585a, driveFileId=ItemId(email=insectsconnection@gmail.com, stableId=35111)], 0 attempts, 0/0 transferred, completed]
07-19 08:34:57.540 31290 27100 E ContentSyncWorker: [1] interrupted: ScheduledSyncTaskImpl[CelloEntrySpec[AccountId_3eb7585a, driveFileId=ItemId(email=insectsconnection@gmail.com, stableId=35111)], 0 attempts, 0/0 transferred, completed]
07-19 08:34:59.563 31290 27102 E ContentSyncWorker: [3] interrupted: ScheduledSyncTaskImpl[CelloEntrySpec[AccountId_3eb7585a, driveFileId=ItemId(email=insectsconnection@gmail.com, stableId=34709)], 0 attempts, 0/0 transferred, completed]
07-19 08:35:00.099 31290 27099 E ContentSyncWorker: [0] interrupted: ScheduledSyncTaskImpl[CelloEntrySpec[AccountId_3eb7585a, driveFileId=ItemId(email=insectsconnection@gmail.com, stableId=34709)], 0 attempts, 0/0 transferred, completed]
07-19 08:35:01.028 31290 27102 E ContentSyncWorker: [3] interrupted: ScheduledSyncTaskImpl[CelloEntrySpec[AccountId_3eb7585a, driveFileId=ItemId(email=insectsconnection@gmail.com, stableId=34506)], 0 attempts, 0/0 transferred, completed]
07-19 08:35:01.587 31290 27099 E ContentSyncWorker: [0] interrupted: ScheduledSyncTaskImpl[CelloEntrySpec[AccountId_3eb7585a, driveFileId=ItemId(email=insectsconnection@gmail.com, stableId=34506)], 0 attempts, 0/0 transferred, completed]
07-19 08:35:02.156 31290 27101 E ContentSyncWorker: [2] interrupted: ScheduledSyncTaskImpl[CelloEntrySpec[AccountId_3eb7585a, driveFileId=ItemId(email=insectsconnection@gmail.com, stableId=30781)], 0 attempts, 0/0 transferred, completed]
07-19 08:35:02.477 31290 27102 E ContentSyncWorker: [3] interrupted: ScheduledSyncTaskImpl[CelloEntrySpec[AccountId_3eb7585a, driveFileId=ItemId(email=insectsconnection@gmail.com, stableId=30781)], 0 attempts, 0/0 transferred, completed]
07-19 08:35:03.594 31290 27100 E EditorOfflineDbSyncable: Sync of 1Ncay3CR7m1X0-1sF0qFMZkcbyHXQ37tHY3qDuwL1nhM failed. SyncResult: RETRY_DELAYED
07-19 08:35:03.825 31290 27102 E ContentSyncWorker: [3] interrupted: ScheduledSyncTaskImpl[CelloEntrySpec[AccountId_3eb7585a, driveFileId=ItemId(email=insectsconnection@gmail.com, stableId=34405)], 0 attempts, 0/0 transferred, completed]
07-19 08:35:04.966 31290 27100 E ContentSyncWorker: [1] interrupted: ScheduledSyncTaskImpl[CelloEntrySpec[AccountId_3eb7585a, driveFileId=ItemId(email=insectsconnection@gmail.com, stableId=34207)], 0 attempts, 0/0 transferred, completed]
07-19 08:35:05.185 31290 27102 E ContentSyncWorker: [3] interrupted: ScheduledSyncTaskImpl[CelloEntrySpec[AccountId_3eb7585a, driveFileId=ItemId(email=insectsconnection@gmail.com, stableId=34207)], 0 attempts, 0/0 transferred, completed]
07-19 08:35:06.193 31290 27100 E ContentSyncWorker: [1] interrupted: ScheduledSyncTaskImpl[CelloEntrySpec[AccountId_3eb7585a, driveFileId=ItemId(email=insectsconnection@gmail.com, stableId=34206)], 0 attempts, 0/0 transferred, completed]
07-19 08:35:06.747 31290 27102 E ContentSyncWorker: [3] interrupted: ScheduledSyncTaskImpl[CelloEntrySpec[AccountId_3eb7585a, driveFileId=ItemId(email=insectsconnection@gmail.com, stableId=34206)], 0 attempts, 0/0 transferred, completed]
07-19 08:35:07.208 31290 27099 E ContentSyncWorker: [0] interrupted: ScheduledSyncTaskImpl[CelloEntrySpec[AccountId_3eb7585a, driveFileId=ItemId(email=insectsconnection@gmail.com, stableId=32693)], 0 attempts, 0/0 transferred, completed]
07-19 08:35:10.036 31290 27101 E ContentSyncWorker: [2] interrupted: ScheduledSyncTaskImpl[CelloEntrySpec[AccountId_3eb7585a, driveFileId=ItemId(email=insectsconnection@gmail.com, stableId=34103)], 0 attempts, 0/0 transferred, canceled]
07-19 08:35:10.036 31290 27100 E ContentSyncWorker: [1] interrupted: ScheduledSyncTaskImpl[CelloEntrySpec[AccountId_3eb7585a, driveFileId=ItemId(email=insectsconnection@gmail.com, stableId=34103)], 0 attempts, 0/0 transferred, completed]
07-19 08:35:10.167 31290 27102 E ContentSyncWorker: [3] interrupted: ScheduledSyncTaskImpl[CelloEntrySpec[AccountId_3eb7585a, driveFileId=ItemId(email=insectsconnection@gmail.com, stableId=34002)], 0 attempts, 0/0 transferred, completed]
07-19 08:35:11.333 31290 27100 E ContentSyncWorker: [1] interrupted: ScheduledSyncTaskImpl[CelloEntrySpec[AccountId_3eb7585a, driveFileId=ItemId(email=insectsconnection@gmail.com, stableId=33804)], 0 attempts, 0/0 transferred, completed]
07-19 08:35:12.633 31290 27100 E ContentSyncWorker: [1] interrupted: ScheduledSyncTaskImpl[CelloEntrySpec[AccountId_3eb7585a, driveFileId=ItemId(email=insectsconnection@gmail.com, stableId=33803)], 0 attempts, 0/0 transferred, completed]
07-19 08:35:13.393 31290 27101 E ContentSyncWorker: [2] interrupted: ScheduledSyncTaskImpl[CelloEntrySpec[AccountId_3eb7585a, driveFileId=ItemId(email=insectsconnection@gmail.com, stableId=33802)], 0 attempts, 0/0 transferred, completed]
07-19 08:35:13.403 31290 27102 E ContentSyncWorker: [3] interrupted: ScheduledSyncTaskImpl[CelloEntrySpec[AccountId_3eb7585a, driveFileId=ItemId(email=insectsconnection@gmail.com, stableId=33801)], 0 attempts, 0/0 transferred, completed]
07-19 08:35:13.949 31290 27100 E ContentSyncWorker: [1] interrupted: ScheduledSyncTaskImpl[CelloEntrySpec[AccountId_3eb7585a, driveFileId=ItemId(email=insectsconnection@gmail.com, stableId=33801)], 0 attempts, 0/0 transferred, completed]
07-19 08:35:14.712 31290 27102 E ContentSyncWorker: [3] interrupted: ScheduledSyncTaskImpl[CelloEntrySpec[AccountId_3eb7585a, driveFileId=ItemId(email=insectsconnection@gmail.com, stableId=32995)], 0 attempts, 0/0 transferred, completed]
07-19 08:35:15.115 31290 27100 E ContentSyncWorker: [1] interrupted: ScheduledSyncTaskImpl[CelloEntrySpec[AccountId_3eb7585a, driveFileId=ItemId(email=insectsconnection@gmail.com, stableId=32995)], 0 attempts, 0/0 transferred, completed]
07-19 08:35:16.111 31290 27099 E ContentSyncWorker: [0] interrupted: ScheduledSyncTaskImpl[CelloEntrySpec[AccountId_3eb7585a, driveFileId=ItemId(email=insectsconnection@gmail.com, stableId=33700)], 0 attempts, 0/0 transferred, completed]
07-19 08:35:16.248 31290 27102 E ContentSyncWorker: [3] interrupted: ScheduledSyncTaskImpl[CelloEntrySpec[AccountId_3eb7585a, driveFileId=ItemId(email=insectsconnection@gmail.com, stableId=33700)], 0 attempts, 0/0 transferred, completed]
07-19 08:35:16.843 31290 27100 E ContentSyncWorker: [1] interrupted: ScheduledSyncTaskImpl[CelloEntrySpec[AccountId_3eb7585a, driveFileId=ItemId(email=insectsconnection@gmail.com, stableId=33700)], 0 attempts, 0/0 transferred, completed]
07-19 08:35:17.735 31290 27102 E ContentSyncWorker: [3] interrupted: ScheduledSyncTaskImpl[CelloEntrySpec[AccountId_3eb7585a, driveFileId=ItemId(email=insectsconnection@gmail.com, stableId=33499)], 0 attempts, 0/0 transferred, completed]
07-19 08:35:18.420 31290 27100 E ContentSyncWorker: [1] interrupted: ScheduledSyncTaskImpl[CelloEntrySpec[AccountId_3eb7585a, driveFileId=ItemId(email=insectsconnection@gmail.com, stableId=33499)], 0 attempts, 0/0 transferred, completed]
07-19 08:35:19.281 31290 27101 E ContentSyncWorker: [2] interrupted: ScheduledSyncTaskImpl[CelloEntrySpec[AccountId_3eb7585a, driveFileId=ItemId(email=insectsconnection@gmail.com, stableId=33398)], 0 attempts, 0/0 transferred, completed]
07-19 08:35:19.403 31290 27102 E ContentSyncWorker: [3] interrupted: ScheduledSyncTaskImpl[CelloEntrySpec[AccountId_3eb7585a, driveFileId=ItemId(email=insectsconnection@gmail.com, stableId=33398)], 0 attempts, 0/0 transferred, completed]
07-19 08:35:20.600 31290 27101 E ContentSyncWorker: [2] interrupted: ScheduledSyncTaskImpl[CelloEntrySpec[AccountId_3eb7585a, driveFileId=ItemId(email=insectsconnection@gmail.com, stableId=33198)], 0 attempts, 0/0 transferred, completed]
07-19 08:35:20.717 31290 27102 E ContentSyncWorker: [3] interrupted: ScheduledSyncTaskImpl[CelloEntrySpec[AccountId_3eb7585a, driveFileId=ItemId(email=insectsconnection@gmail.com, stableId=33198)], 0 attempts, 0/0 transferred, completed]
07-19 08:35:22.074 31290 27099 E ContentSyncWorker: [0] interrupted: ScheduledSyncTaskImpl[CelloEntrySpec[AccountId_3eb7585a, driveFileId=ItemId(email=insectsconnection@gmail.com, stableId=33197)], 0 attempts, 0/0 transferred, completed]
07-19 08:35:26.781 31290 27100 E ContentSyncWorker: [1] interrupted: ScheduledSyncTaskImpl[CelloEntrySpec[AccountId_3eb7585a, driveFileId=ItemId(email=insectsconnection@gmail.com, stableId=32190)], 0 attempts, 0/0 transferred, completed]
07-19 08:36:36.085 31290 31408 E Cello   : [31408:NonCelloThread] drive_v2_cloud_store.cc:4865:DumpToLog Request 0xb400006fff285290: 0 https://www.googleapis.com/drive/v2internal/files/1Ncay3CR7m1X0-1sF0qFMZkcbyHXQ37tHY3qDuwL1nhM?fields=customerId%2cactionItems%2chasAugmentedPermissions%2ccreatedDate%2cmodifiedDate%2creadersCanSeeComments%2cabuseNoticeReason%2ccapabilities%28canReadDrive%2ccanBlockOwner%2ccanMoveChildrenWithinDrive%2ccanTrash%2ccanAcceptOwnership%2ccanDeleteChildren%2ccanDownload%2ccanMoveChildrenOutOfDrive%2ccanRemoveChildren%2ccanModifyContent%2ccanShare%2ccanComment%2ccanShareChildFiles%2ccanShareToAllUsers%2ccanRequestApproval%2ccanUntrash%2ccanDelete%2ccanMoveItemWithinDrive%2ccanListChildren%2ccanReportSpamOrAbuse%2ccanChangePermissionExpiration%2ccanShareChildFolders%2ccanManageVisitors%2ccanPrint%2ccanAddMyDriveParent%2ccanMoveItemOutOfDrive%2ccanShareAsCommenter%2ccanShareAsFileOrganizer%2ccanShareAsOrganizer%2ccanShareAsReader%2ccanShareAsWriter%2ccanShareAsOwner%2ccanSharePublishedViewAsReader%2ccanCopy%2ccanEdit%2ccanChan
07-19 08:36:36.086 31290 31408 E Cello   : [31408:NonCelloThread] drive_v2_cloud_store.cc:4865:DumpToLog Response body 0xb400006fff285290: (no response body)
07-19 08:36:36.087 31290 31408 E Cello   : [31408:NonCelloThread] item_query_handler.cc:1108:OnCloudByIdQuery Failed to get items from the cloud: MessageLite at 0xb400006fcf1c8f10
07-19 08:36:36.107 31290 27099 E ContentSyncWorker: [0] failed: fdl: Failed to get sync item metadata..
07-19 08:36:36.107 31290 27099 E ContentSyncWorker: fdl: Failed to get sync item metadata.
07-19 08:36:36.107 31290 27099 E ContentSyncWorker: 	at ezh.a(PG:21)
07-19 08:36:36.107 31290 27099 E ContentSyncWorker: 	at eyw.run(PG:17)
07-19 08:36:36.107 31290 27099 E ContentSyncWorker: 	at java.util.concurrent.Executors$RunnableAdapter.call(Executors.java:462)
07-19 08:36:36.107 31290 27099 E ContentSyncWorker: 	at java.util.concurrent.FutureTask.run(FutureTask.java:266)
07-19 08:36:36.107 31290 27099 E ContentSyncWorker: 	at java.util.concurrent.ThreadPoolExecutor.runWorker(ThreadPoolExecutor.java:1167)
07-19 08:36:36.107 31290 27099 E ContentSyncWorker: 	at java.util.concurrent.ThreadPoolExecutor$Worker.run(ThreadPoolExecutor.java:641)
07-19 08:36:36.107 31290 27099 E ContentSyncWorker: 	at java.lang.Thread.run(Thread.java:922)
07-19 08:36:36.107 31290 27099 E ContentSyncWorker: Caused by: kkt: Cello error 2. Network error Cleared request. Failed task: getFiles_2489664(FindByIdsRequest={"id": ["1Ncay3CR7m1X0-1sF0qFMZkcbyHXQ37tHY3qDuwL1nhM"],"requestDescriptor": {"reason": 1406},"skipLocalstore": true},)
07-19 08:36:36.107 31290 27099 E ContentSyncWorker: 	at ksv.a(PG:3)
07-19 08:36:36.107 31290 27099 E ContentSyncWorker: 	at ksz.f(PG:7)
07-19 08:36:36.107 31290 27099 E ContentSyncWorker: 	at kwk.d(PG:4)
07-19 08:36:36.107 31290 27099 E ContentSyncWorker: 	at kwh.a(PG:2)
07-19 08:36:36.107 31290 27099 E ContentSyncWorker: 	at com.google.android.libraries.drive.core.impl.cello.jni.SlimJni__Cello_ItemQueryCallback.call(PG:1)
07-19 08:36:36.107 31290 27099 E ContentSyncWorker: 	at com.google.android.libraries.drive.core.impl.cello.jni.SlimJni__HttpRequestContext.native_onError(Native Method)
07-19 08:36:36.107 31290 27099 E ContentSyncWorker: 	at com.google.android.libraries.drive.core.impl.cello.jni.SlimJni__HttpRequestContext.onError(Unknown Source:9)
07-19 08:36:36.107 31290 27099 E ContentSyncWorker: 	at gl.run(PG:23)
07-19 08:36:36.107 31290 27099 E ContentSyncWorker: 	at kub.c(PG:1)
07-19 08:36:36.107 31290 27099 E ContentSyncWorker: 	at mqz.call(PG:32)
07-19 08:36:36.107 31290 27099 E ContentSyncWorker: 	at acgl$b.a(Unknown Source:2)
07-19 08:36:36.107 31290 27099 E ContentSyncWorker: 	at acfx.run(PG:3)
07-19 08:36:36.107 31290 27099 E ContentSyncWorker: 	at acgl.run(Unknown Source:4)
07-19 08:36:36.107 31290 27099 E ContentSyncWorker: 	at java.util.concurrent.Executors$RunnableAdapter.call(Executors.java:462)
07-19 08:36:36.107 31290 27099 E ContentSyncWorker: 	at java.util.concurrent.FutureTask.run(FutureTask.java:266)
07-19 08:36:36.107 31290 27099 E ContentSyncWorker: 	at java.util.concurrent.ScheduledThreadPoolExecutor$ScheduledFutureTask.run(ScheduledThreadPoolExecutor.java:301)
07-19 08:36:36.107 31290 27099 E ContentSyncWorker: 	at java.util.concurrent.ThreadPoolExecutor.runWorker(ThreadPoolExecutor.java:1167)
07-19 08:36:36.107 31290 27099 E ContentSyncWorker: 	at java.util.concurrent.ThreadPoolExecutor$Worker.run(ThreadPoolExecutor.java:641)
07-19 08:36:36.107 31290 27099 E ContentSyncWorker: 	at java.lang.Thread.run(Thread.java:922)
07-19 08:36:36.107 31290 27099 E ContentSyncWorker: 	at kno.run(Unknown Source:5)
07-19 08:37:23.041 31290 27100 E EditorOfflineDbSyncable: Sync of 1Ncay3CR7m1X0-1sF0qFMZkcbyHXQ37tHY3qDuwL1nhM failed. SyncResult: RETRY_DELAYED
07-19 08:37:24.341 31290 27101 E ContentSyncWorker: [8] interrupted: ScheduledSyncTaskImpl[CelloEntrySpec[AccountId_3eb7585a, driveFileId=ItemId(email=insectsconnection@gmail.com, stableId=32794)], 0 attempts, 0/0 transferred, completed]
07-19 08:37:27.133 31290 27100 E ContentSyncWorker: [10] interrupted: ScheduledSyncTaskImpl[CelloEntrySpec[AccountId_3eb7585a, driveFileId=ItemId(email=insectsconnection@gmail.com, stableId=32089)], 0 attempts, 0/0 transferred, completed]
07-19 08:37:27.562 31290 27102 E ContentSyncWorker: [11] interrupted: ScheduledSyncTaskImpl[CelloEntrySpec[AccountId_3eb7585a, driveFileId=ItemId(email=insectsconnection@gmail.com, stableId=31889)], 0 attempts, 0/0 transferred, completed]
07-19 08:37:28.586 31290 27100 E ContentSyncWorker: [10] interrupted: ScheduledSyncTaskImpl[CelloEntrySpec[AccountId_3eb7585a, driveFileId=ItemId(email=insectsconnection@gmail.com, stableId=31888)], 0 attempts, 0/0 transferred, completed]
07-19 08:37:28.747 31290 27102 E ContentSyncWorker: [11] interrupted: ScheduledSyncTaskImpl[CelloEntrySpec[AccountId_3eb7585a, driveFileId=ItemId(email=insectsconnection@gmail.com, stableId=31888)], 0 attempts, 0/0 transferred, completed]
07-19 08:37:29.547 31290 27099 E ContentSyncWorker: [9] interrupted: ScheduledSyncTaskImpl[CelloEntrySpec[AccountId_3eb7585a, driveFileId=ItemId(email=insectsconnection@gmail.com, stableId=31787)], 0 attempts, 0/0 transferred, completed]
07-19 08:37:29.622 31290 27100 E ContentSyncWorker: [10] interrupted: ScheduledSyncTaskImpl[CelloEntrySpec[AccountId_3eb7585a, driveFileId=ItemId(email=insectsconnection@gmail.com, stableId=31787)], 0 attempts, 0/0 transferred, completed]
07-19 08:37:30.493 31290 27099 E ContentSyncWorker: [9] interrupted: ScheduledSyncTaskImpl[CelloEntrySpec[AccountId_3eb7585a, driveFileId=ItemId(email=insectsconnection@gmail.com, stableId=31686)], 0 attempts, 0/0 transferred, completed]
07-19 08:37:31.801 31290 27101 E ContentSyncWorker: [8] interrupted: ScheduledSyncTaskImpl[CelloEntrySpec[AccountId_3eb7585a, driveFileId=ItemId(email=insectsconnection@gmail.com, stableId=31585)], 0 attempts, 0/0 transferred, completed]
07-19 08:37:31.959 31290 27099 E ContentSyncWorker: [9] interrupted: ScheduledSyncTaskImpl[CelloEntrySpec[AccountId_3eb7585a, driveFileId=ItemId(email=insectsconnection@gmail.com, stableId=31585)], 0 attempts, 0/0 transferred, completed]
07-19 08:37:34.146 31290 27102 E ContentSyncWorker: [11] interrupted: ScheduledSyncTaskImpl[CelloEntrySpec[AccountId_3eb7585a, driveFileId=ItemId(email=insectsconnection@gmail.com, stableId=31383)], 0 attempts, 0/0 transferred, completed]
07-19 08:37:34.251 31290 27100 E ContentSyncWorker: [10] interrupted: ScheduledSyncTaskImpl[CelloEntrySpec[AccountId_3eb7585a, driveFileId=ItemId(email=insectsconnection@gmail.com, stableId=31282)], 0 attempts, 0/0 transferred, completed]
07-19 08:37:34.969 31290 27101 E ContentSyncWorker: [8] interrupted: ScheduledSyncTaskImpl[CelloEntrySpec[AccountId_3eb7585a, driveFileId=ItemId(email=insectsconnection@gmail.com, stableId=30980)], 0 attempts, 0/0 transferred, completed]
07-19 08:37:35.862 31290 27101 E ContentSyncWorker: [8] interrupted: ScheduledSyncTaskImpl[CelloEntrySpec[AccountId_3eb7585a, driveFileId=ItemId(email=insectsconnection@gmail.com, stableId=30780)], 0 attempts, 0/0 transferred, completed]
07-19 08:37:36.798 31290 27099 E ContentSyncWorker: [9] interrupted: ScheduledSyncTaskImpl[CelloEntrySpec[AccountId_3eb7585a, driveFileId=ItemId(email=insectsconnection@gmail.com, stableId=30779)], 0 attempts, 0/0 transferred, completed]
07-19 08:37:37.088 31290 27101 E ContentSyncWorker: [8] interrupted: ScheduledSyncTaskImpl[CelloEntrySpec[AccountId_3eb7585a, driveFileId=ItemId(email=insectsconnection@gmail.com, stableId=30779)], 0 attempts, 0/0 transferred, completed]
07-19 08:37:37.477 31290 27102 E ContentSyncWorker: [11] interrupted: ScheduledSyncTaskImpl[CelloEntrySpec[AccountId_3eb7585a, driveFileId=ItemId(email=insectsconnection@gmail.com, stableId=21793)], 0 attempts, 0/0 transferred, completed]
07-19 08:37:38.305 31290 27102 E ContentSyncWorker: [11] interrupted: ScheduledSyncTaskImpl[CelloEntrySpec[AccountId_3eb7585a, driveFileId=ItemId(email=insectsconnection@gmail.com, stableId=30478)], 0 attempts, 0/0 transferred, completed]
07-19 08:37:38.999 31290 27100 E ContentSyncWorker: [10] interrupted: ScheduledSyncTaskImpl[CelloEntrySpec[AccountId_3eb7585a, driveFileId=ItemId(email=insectsconnection@gmail.com, stableId=30477)], 0 attempts, 0/0 transferred, completed]
07-19 08:37:39.428 31290 27102 E ContentSyncWorker: [11] interrupted: ScheduledSyncTaskImpl[CelloEntrySpec[AccountId_3eb7585a, driveFileId=ItemId(email=insectsconnection@gmail.com, stableId=30477)], 0 attempts, 0/0 transferred, completed]
07-19 08:37:40.100 31290 27099 E ContentSyncWorker: [9] interrupted: ScheduledSyncTaskImpl[CelloEntrySpec[AccountId_3eb7585a, driveFileId=ItemId(email=insectsconnection@gmail.com, stableId=30376)], 0 attempts, 0/0 transferred, completed]
07-19 08:37:41.026 31290 27099 E ContentSyncWorker: [9] interrupted: ScheduledSyncTaskImpl[CelloEntrySpec[AccountId_3eb7585a, driveFileId=ItemId(email=insectsconnection@gmail.com, stableId=30174)], 0 attempts, 0/0 transferred, completed]
07-19 08:37:42.018 31290 27100 E ContentSyncWorker: [10] interrupted: ScheduledSyncTaskImpl[CelloEntrySpec[AccountId_3eb7585a, driveFileId=ItemId(email=insectsconnection@gmail.com, stableId=29869)], 0 attempts, 0/0 transferred, completed]
07-19 08:37:42.018 31290 27101 E ContentSyncWorker: [8] interrupted: ScheduledSyncTaskImpl[CelloEntrySpec[AccountId_3eb7585a, driveFileId=ItemId(email=insectsconnection@gmail.com, stableId=29974)], 0 attempts, 0/0 transferred, completed]
07-19 08:37:42.142 31290 27099 E ContentSyncWorker: [9] interrupted: ScheduledSyncTaskImpl[CelloEntrySpec[AccountId_3eb7585a, driveFileId=ItemId(email=insectsconnection@gmail.com, stableId=29869)], 0 attempts, 0/0 transferred, completed]
07-19 08:37:43.788 31290 27101 E ContentSyncWorker: [8] interrupted: ScheduledSyncTaskImpl[CelloEntrySpec[AccountId_3eb7585a, driveFileId=ItemId(email=insectsconnection@gmail.com, stableId=29567)], 0 attempts, 0/0 transferred, completed]
07-19 08:37:43.920 31290 27099 E ContentSyncWorker: [9] interrupted: ScheduledSyncTaskImpl[CelloEntrySpec[AccountId_3eb7585a, driveFileId=ItemId(email=insectsconnection@gmail.com, stableId=29567)], 0 attempts, 0/0 transferred, completed]
07-19 08:37:44.835 31290 27100 E EditorOfflineDbSyncable: Sync of 1Ncay3CR7m1X0-1sF0qFMZkcbyHXQ37tHY3qDuwL1nhM failed. SyncResult: RETRY_DELAYED
07-19 08:37:45.939 31290 27100 E ContentSyncWorker: [10] interrupted: ScheduledSyncTaskImpl[CelloEntrySpec[AccountId_3eb7585a, driveFileId=ItemId(email=insectsconnection@gmail.com, stableId=29466)], 0 attempts, 0/0 transferred, completed]
07-19 08:37:46.481 31290 27102 E ContentSyncWorker: [11] interrupted: ScheduledSyncTaskImpl[CelloEntrySpec[AccountId_3eb7585a, driveFileId=ItemId(email=insectsconnection@gmail.com, stableId=29266)], 0 attempts, 0/0 transferred, completed]
07-19 08:37:46.963 31290 27101 E ContentSyncWorker: [8] interrupted: ScheduledSyncTaskImpl[CelloEntrySpec[AccountId_3eb7585a, driveFileId=ItemId(email=insectsconnection@gmail.com, stableId=29265)], 0 attempts, 0/0 transferred, completed]
07-19 08:37:47.196 31290 27100 E ContentSyncWorker: [10] interrupted: ScheduledSyncTaskImpl[CelloEntrySpec[AccountId_3eb7585a, driveFileId=ItemId(email=insectsconnection@gmail.com, stableId=29265)], 0 attempts, 0/0 transferred, completed]
07-19 08:37:49.399 31290 27099 E ContentSyncWorker: [9] interrupted: ScheduledSyncTaskImpl[CelloEntrySpec[AccountId_3eb7585a, driveFileId=ItemId(email=insectsconnection@gmail.com, stableId=28363)], 0 attempts, 0/0 transferred, completed]
07-19 08:37:49.627 31290 27102 E ContentSyncWorker: [11] interrupted: ScheduledSyncTaskImpl[CelloEntrySpec[AccountId_3eb7585a, driveFileId=ItemId(email=insectsconnection@gmail.com, stableId=28766)], 0 attempts, 0/0 transferred, completed]
07-19 08:37:49.901 31290 27101 E ContentSyncWorker: [8] interrupted: ScheduledSyncTaskImpl[CelloEntrySpec[AccountId_3eb7585a, driveFileId=ItemId(email=insectsconnection@gmail.com, stableId=28160)], 0 attempts, 0/0 transferred, completed]
07-19 08:37:52.160 31290 27100 E ContentSyncWorker: [10] interrupted: ScheduledSyncTaskImpl[CelloEntrySpec[AccountId_3eb7585a, driveFileId=ItemId(email=insectsconnection@gmail.com, stableId=28159)], 0 attempts, 0/0 transferred, completed]
07-19 08:37:52.573 31290 27099 E ContentSyncWorker: [9] interrupted: ScheduledSyncTaskImpl[CelloEntrySpec[AccountId_3eb7585a, driveFileId=ItemId(email=insectsconnection@gmail.com, stableId=28058)], 0 attempts, 0/0 transferred, completed]
07-19 08:37:52.717 31290 27102 E ContentSyncWorker: [11] interrupted: ScheduledSyncTaskImpl[CelloEntrySpec[AccountId_3eb7585a, driveFileId=ItemId(email=insectsconnection@gmail.com, stableId=27652)], 0 attempts, 0/0 transferred, completed]
07-19 08:37:55.307 31290 27101 E ContentSyncWorker: [8] interrupted: ScheduledSyncTaskImpl[CelloEntrySpec[AccountId_3eb7585a, driveFileId=ItemId(email=insectsconnection@gmail.com, stableId=27452)], 0 attempts, 0/0 transferred, completed]
07-19 08:37:55.694 31290 27100 E ContentSyncWorker: [10] interrupted: ScheduledSyncTaskImpl[CelloEntrySpec[AccountId_3eb7585a, driveFileId=ItemId(email=insectsconnection@gmail.com, stableId=27452)], 0 attempts, 0/0 transferred, completed]
07-19 08:37:55.889 31290 27099 E ContentSyncWorker: [9] interrupted: ScheduledSyncTaskImpl[CelloEntrySpec[AccountId_3eb7585a, driveFileId=ItemId(email=insectsconnection@gmail.com, stableId=27451)], 0 attempts, 0/0 transferred, completed]
07-19 08:37:59.161 31290 27102 E ContentSyncWorker: [11] interrupted: ScheduledSyncTaskImpl[CelloEntrySpec[AccountId_3eb7585a, driveFileId=ItemId(email=insectsconnection@gmail.com, stableId=27250)], 0 attempts, 0/0 transferred, completed]
07-19 08:37:59.248 31290 27101 E ContentSyncWorker: [8] interrupted: ScheduledSyncTaskImpl[CelloEntrySpec[AccountId_3eb7585a, driveFileId=ItemId(email=insectsconnection@gmail.com, stableId=27045)], 0 attempts, 0/0 transferred, completed]
07-19 08:37:59.248 31290 27100 E ContentSyncWorker: [10] interrupted: ScheduledSyncTaskImpl[CelloEntrySpec[AccountId_3eb7585a, driveFileId=ItemId(email=insectsconnection@gmail.com, stableId=26845)], 0 attempts, 0/0 transferred, completed]
07-19 08:38:00.740 31290 27101 E ContentSyncWorker: [8] interrupted: ScheduledSyncTaskImpl[CelloEntrySpec[AccountId_3eb7585a, driveFileId=ItemId(email=insectsconnection@gmail.com, stableId=26844)], 0 attempts, 0/0 transferred, completed]
07-19 08:38:00.751 31290 27102 E ContentSyncWorker: [11] interrupted: ScheduledSyncTaskImpl[CelloEntrySpec[AccountId_3eb7585a, driveFileId=ItemId(email=insectsconnection@gmail.com, stableId=26844)], 0 attempts, 0/0 transferred, completed]
07-19 08:38:00.917 31290 27100 E ContentSyncWorker: [10] interrupted: ScheduledSyncTaskImpl[CelloEntrySpec[AccountId_3eb7585a, driveFileId=ItemId(email=insectsconnection@gmail.com, stableId=26844)], 0 attempts, 0/0 transferred, completed]
07-19 08:38:04.040 31290 27099 E ContentSyncWorker: [9] interrupted: ScheduledSyncTaskImpl[CelloEntrySpec[AccountId_3eb7585a, driveFileId=ItemId(email=insectsconnection@gmail.com, stableId=26644)], 0 attempts, 0/0 transferred, completed]
07-19 08:38:04.191 31290 27101 E ContentSyncWorker: [8] interrupted: ScheduledSyncTaskImpl[CelloEntrySpec[AccountId_3eb7585a, driveFileId=ItemId(email=insectsconnection@gmail.com, stableId=26643)], 0 attempts, 0/0 transferred, completed]
07-19 08:38:04.877 31290 27102 E ContentSyncWorker: [11] interrupted: ScheduledSyncTaskImpl[CelloEntrySpec[AccountId_3eb7585a, driveFileId=ItemId(email=insectsconnection@gmail.com, stableId=26441)], 0 attempts, 0/0 transferred, completed]
07-19 08:38:05.813 31290 27100 E EditorOfflineDbSyncable: Sync of 1Ncay3CR7m1X0-1sF0qFMZkcbyHXQ37tHY3qDuwL1nhM failed. SyncResult: RETRY_DELAYED
07-19 08:38:06.911 31290 27100 E ContentSyncWorker: [10] interrupted: ScheduledSyncTaskImpl[CelloEntrySpec[AccountId_3eb7585a, driveFileId=ItemId(email=insectsconnection@gmail.com, stableId=26240)], 0 attempts, 0/0 transferred, completed]
07-19 08:38:07.451 31290 27099 E ContentSyncWorker: [9] interrupted: ScheduledSyncTaskImpl[CelloEntrySpec[AccountId_3eb7585a, driveFileId=ItemId(email=insectsconnection@gmail.com, stableId=25838)], 0 attempts, 0/0 transferred, completed]
07-19 08:38:07.451 31290 27101 E ContentSyncWorker: [8] interrupted: ScheduledSyncTaskImpl[CelloEntrySpec[AccountId_3eb7585a, driveFileId=ItemId(email=insectsconnection@gmail.com, stableId=26038)], 0 attempts, 0/0 transferred, completed]
07-19 08:38:07.924 31290 27100 E ContentSyncWorker: [10] interrupted: ScheduledSyncTaskImpl[CelloEntrySpec[AccountId_3eb7585a, driveFileId=ItemId(email=insectsconnection@gmail.com, stableId=25838)], 0 attempts, 0/0 transferred, completed]
