07-19 07:58:35.778   576   689 I libPowerHal: [perfNotifyAppState] pack:com.google.android.apps.docs.editors.docs, act:com.google.android.apps.docs.editors.kix.KixEditorActivity, state:5, pid:31290, uid:10195, fps:60
07-19 07:58:36.778   576   667 I libPowerHal: [updateFPS] pid(31290) : 60 => -1
07-19 07:58:36.779   576   689 I libPowerHal: [perfNotifyAppState] pack:com.google.android.apps.docs.editors.docs, act:com.google.android.apps.docs.editors.kix.KixEditorActivity, state:5, pid:31290, uid:10195, fps:-1
07-19 07:58:37.778   576   667 I libPowerHal: [updateFPS] pid(31290) : -1 => 60
07-19 07:58:37.779   576   689 I libPowerHal: [perfNotifyAppState] pack:com.google.android.apps.docs.editors.docs, act:com.google.android.apps.docs.editors.kix.KixEditorActivity, state:5, pid:31290, uid:10195, fps:60
07-19 07:58:43.378 31290 15802 W Auth    : [GoogleAuthUtil] [GoogleAuthUtil] error status:DM_STALE_SYNC_REQUIRED with method:getTokenWithDetails
07-19 07:58:43.465 31290 14471 E GnpSdk  : job GrowthKitJobScheduler.PeriodicSyncJob failed
07-19 07:58:43.465 31290 14471 E GnpSdk  : java.lang.Exception: Registration to GNP failed, aborting sync.
07-19 07:58:43.465 31290 14471 E GnpSdk  : 	at ksc.a(PG:131)
07-19 07:58:43.465 31290 14471 E GnpSdk  : 	at aceq$a.f(PG:2)
07-19 07:58:43.465 31290 14471 E GnpSdk  : 	at aceq.run(PG:11)
07-19 07:58:43.465 31290 14471 E GnpSdk  : 	at acfb.execute(Unknown Source:0)
07-19 07:58:43.465 31290 14471 E GnpSdk  : 	at aceo.m(PG:1)
07-19 07:58:43.465 31290 14471 E GnpSdk  : 	at aceo.j(PG:11)
07-19 07:58:43.465 31290 14471 E GnpSdk  : 	at aceo.a(Unknown Source:14)
07-19 07:58:43.465 31290 14471 E GnpSdk  : 	at acgi.a(Unknown Source:0)
07-19 07:58:43.465 31290 14471 E GnpSdk  : 	at afif.i(Unknown Source:4)
07-19 07:58:43.465 31290 14471 E GnpSdk  : 	at afbg.l(PG:2)
07-19 07:58:43.465 31290 14471 E GnpSdk  : 	at afdy.i(PG:20)
07-19 07:58:43.465 31290 14471 E GnpSdk  : 	at afdy.B(PG:5)
07-19 07:58:43.465 31290 14471 E GnpSdk  : 	at afbg.k(PG:4)
07-19 07:58:43.465 31290 14471 E GnpSdk  : 	at aexe.k(PG:8)
07-19 07:58:43.465 31290 14471 E GnpSdk  : 	at afer.f(PG:5)
07-19 07:58:43.465 31290 14471 E GnpSdk  : 	at afbg.k(PG:5)
07-19 07:58:43.465 31290 14471 E GnpSdk  : 	at aexe.k(PG:8)
07-19 07:58:43.465 31290 14471 E GnpSdk  : 	at afer.f(PG:5)
07-19 07:58:43.465 31290 14471 E GnpSdk  : 	at afbg.k(PG:5)
07-19 07:58:43.465 31290 14471 E GnpSdk  : 	at aexe.k(PG:8)
07-19 07:58:43.465 31290 14471 E GnpSdk  : 	at afcv.run(PG:8)
07-19 07:58:43.465 31290 14471 E GnpSdk  : 	at java.util.concurrent.ThreadPoolExecutor.runWorker(ThreadPoolExecutor.java:1167)
07-19 07:58:43.465 31290 14471 E GnpSdk  : 	at java.util.concurrent.ThreadPoolExecutor$Worker.run(ThreadPoolExecutor.java:641)
07-19 07:58:43.465 31290 14471 E GnpSdk  : 	at java.lang.Thread.run(Thread.java:922)
07-19 07:58:43.781   576   667 I libPerfCtl: xgfGetFPS pid:31290 fps:61
07-19 07:58:44.212 31290 31290 I Choreographer: Skipped 121 frames!  The application may be doing too much work on its main thread.
07-19 07:58:44.242 31290 31290 W rmv     : This is dummy implementation only intended for use in tests.
07-19 07:58:44.271 31290 31305 I OpenGLRenderer: Davey! duration=2051ms; Flags=0, FrameTimelineVsyncId=2061983, IntendedVsync=51560143834513, Vsync=51562160501220, InputEventId=1058513735, HandleInputStart=51562161453534, AnimationStart=51562161455457, PerformTraversalsStart=51562161747688, DrawStart=51562162418226, FrameDeadline=51560180501180, FrameInterval=51562161322842, FrameStartTime=16666667, SyncQueued=51562167372303, SyncStart=51562169420996, IssueDrawCommandsStart=51562169652380, SwapBuffers=51562181137842, FrameCompleted=51562197323996, DequeueBufferDuration=3280692, QueueBufferDuration=4350462, GpuCompleted=51562197323996, SwapBuffersCompleted=51562193114765, DisplayPresentTime=51560289101226, 
07-19 07:58:46.781   576   667 I libPowerHal: [updateFPS] pid(31290) : 60 => -1
07-19 07:58:46.782   576   689 I libPowerHal: [perfNotifyAppState] pack:com.google.android.apps.docs.editors.docs, act:com.google.android.apps.docs.editors.kix.KixEditorActivity, state:5, pid:31290, uid:10195, fps:-1
07-19 07:58:47.782   576   667 I libPowerHal: [updateFPS] pid(31290) : -1 => 60
07-19 07:58:47.783   576   689 I libPowerHal: [perfNotifyAppState] pack:com.google.android.apps.docs.editors.docs, act:com.google.android.apps.docs.editors.kix.KixEditorActivity, state:5, pid:31290, uid:10195, fps:60
07-19 07:58:48.782   576   667 I libPowerHal: [updateFPS] pid(31290) : 60 => -1
07-19 07:58:48.782   576   689 I libPowerHal: [perfNotifyAppState] pack:com.google.android.apps.docs.editors.docs, act:com.google.android.apps.docs.editors.kix.KixEditorActivity, state:5, pid:31290, uid:10195, fps:-1
07-19 07:58:52.783   576   667 I libPerfCtl: xgfGetFPS pid:31290 fps:-1
07-19 07:59:31.335 31290 15935 E XmlHttpRequestRelay: (26) Thread interrupted
07-19 07:59:31.335 31290 15935 E XmlHttpRequestRelay: java.lang.InterruptedException
07-19 07:59:31.335 31290 15935 E XmlHttpRequestRelay: 	at iqi$3.run(PG:118)
07-19 07:59:31.335 31290 15935 E XmlHttpRequestRelay: 	at java.util.concurrent.ThreadPoolExecutor.runWorker(ThreadPoolExecutor.java:1167)
07-19 07:59:31.335 31290 15935 E XmlHttpRequestRelay: 	at java.util.concurrent.ThreadPoolExecutor$Worker.run(ThreadPoolExecutor.java:641)
07-19 07:59:31.335 31290 15935 E XmlHttpRequestRelay: 	at java.lang.Thread.run(Thread.java:922)
07-19 07:59:37.792   576   667 I libPerfCtl: xgfGetFPS pid:31290 fps:-1
07-19 07:59:38.792   576   667 I libPerfCtl: xgfGetFPS pid:31290 fps:-1
07-19 07:59:42.793   576   667 I libPerfCtl: xgfGetFPS pid:31290 fps:-1
07-19 07:59:43.793   576   667 I libPerfCtl: xgfGetFPS pid:31290 fps:-1
07-19 07:59:44.793   576   667 I libPerfCtl: xgfGetFPS pid:31290 fps:-1
07-19 07:59:45.793   576   667 I libPerfCtl: xgfGetFPS pid:31290 fps:-1
07-19 07:59:49.795   576   667 I libPerfCtl: xgfGetFPS pid:31290 fps:-1
07-19 07:59:50.425 31290 16036 W OkHttp3Executor: Creating an OkHttpClient on the fly for specific request.
07-19 07:59:52.795   576   667 I libPerfCtl: xgfGetFPS pid:31290 fps:-1
07-19 07:59:53.796   576   667 I libPerfCtl: xgfGetFPS pid:31290 fps:-1
07-19 07:59:54.796   576   667 I libPerfCtl: xgfGetFPS pid:31290 fps:-1
07-19 07:59:56.796   576   667 I libPerfCtl: xgfGetFPS pid:31290 fps:-1
07-19 07:59:57.796   576   667 I libPerfCtl: xgfGetFPS pid:31290 fps:-1
07-19 07:59:58.796   576   667 I libPerfCtl: xgfGetFPS pid:31290 fps:-1
07-19 07:59:59.797   576   667 I libPerfCtl: xgfGetFPS pid:31290 fps:-1
07-19 08:00:00.796   576   667 I libPerfCtl: xgfGetFPS pid:31290 fps:-1
07-19 08:00:01.562  4717 16253 I _V_UsageAppManager: deleteDiedAppList_mForgroundInfo_pid=31290,mForgroundInfo_pkgName=com.google.android.apps.docs.editors.docs,mForgroundInfo_uid=10195,mBackgroundInfo_pid=2326,mBackgroundInfo_pkgName=com.bbk.launcher2,mBackgroundInfo_uid=10163
07-19 08:00:01.567  1790  7279 I _V_UsageAppManager: deleteDiedAppList_mForgroundInfo_pid=31290,mForgroundInfo_pkgName=com.google.android.apps.docs.editors.docs,mForgroundInfo_uid=10195,mBackgroundInfo_pid=2326,mBackgroundInfo_pkgName=com.bbk.launcher2,mBackgroundInfo_uid=10163
07-19 08:00:01.583  4717 16253 I _V_UsageAppManager: deleteDiedAppList_mForgroundInfo_pid=31290,mForgroundInfo_pkgName=com.google.android.apps.docs.editors.docs,mForgroundInfo_uid=10195,mBackgroundInfo_pid=2326,mBackgroundInfo_pkgName=com.bbk.launcher2,mBackgroundInfo_uid=10163
07-19 08:00:01.587  1790  7279 I _V_UsageAppManager: deleteDiedAppList_mForgroundInfo_pid=31290,mForgroundInfo_pkgName=com.google.android.apps.docs.editors.docs,mForgroundInfo_uid=10195,mBackgroundInfo_pid=2326,mBackgroundInfo_pkgName=com.bbk.launcher2,mBackgroundInfo_uid=10163
07-19 08:00:01.596  1790  7279 I _V_UsageAppManager: deleteDiedAppList_mForgroundInfo_pid=31290,mForgroundInfo_pkgName=com.google.android.apps.docs.editors.docs,mForgroundInfo_uid=10195,mBackgroundInfo_pid=2326,mBackgroundInfo_pkgName=com.bbk.launcher2,mBackgroundInfo_uid=10163
07-19 08:00:01.797   576   667 I libPerfCtl: xgfGetFPS pid:31290 fps:-1
07-19 08:00:02.797   576   667 I libPerfCtl: xgfGetFPS pid:31290 fps:-1
07-19 08:00:03.472  2360  7235 D _V_NRMS-NORMAL: Total=243563KB, pid=2241 ion=19986KB, pid=1 ion=2903KB, pid=277 ion=7404KB, pid=13973 ion=100KB, pid=2326 ion=24870KB, pid=1880 ion=18057KB, pid=2155 ion=8688KB, pid=625 ion=43936KB, pid=25714 ion=4KB, pid=565 ion=29180KB, pid=567 ion=28KB, pid=31290 ion=12885KB, pid=1404 ion=74592KB, pid=12734 ion=344KB, pid=959 ion=584KB, 
07-19 08:00:03.797   576   667 I libPerfCtl: xgfGetFPS pid:31290 fps:-1
07-19 08:00:04.798   576   667 I libPerfCtl: xgfGetFPS pid:31290 fps:-1
07-19 08:00:05.797   576   667 I libPerfCtl: xgfGetFPS pid:31290 fps:-1
07-19 08:00:48.442   576   689 I libPowerHal: [perfNotifyAppState] pack:com.google.android.apps.docs.editors.docs, act:com.google.android.apps.docs.editors.kix.KixEditorActivity, state:0, pid:31290, uid:10195, fps:-1
07-19 08:00:48.481   576   689 I libPowerHal: [perfNotifyAppState] pack:com.google.android.apps.docs.editors.docs, act:com.google.android.apps.docs.editors.kix.KixEditorActivity, state:0, pid:31290, uid:10195, fps:-1
07-19 08:00:50.230 31290 31408 E Cello   : [31408:NonCelloThread] drive_v2_cloud_store.cc:4865:DumpToLog Request 0xb400006fff237370: 412 https://www.googleapis.com/drive/v2internal/files/1Ncay3CR7m1X0-1sF0qFMZkcbyHXQ37tHY3qDuwL1nhM?enforceSingleParent=true&languageCode=en-US&modifiedDateBehavior=DRIVE_UI_OFFLINE&supportsAllDrives=true&updateViewedDate=false&fields=customerId%2cactionItems%2chasAugmentedPermissions%2ccreatedDate%2cmodifiedDate%2creadersCanSeeComments%2cabuseNoticeReason%2ccapabilities%28canReadDrive%2ccanBlockOwner%2ccanMoveChildrenWithinDrive%2ccanTrash%2ccanAcceptOwnership%2ccanDeleteChildren%2ccanDownload%2ccanMoveChildrenOutOfDrive%2ccanRemoveChildren%2ccanModifyContent%2ccanShare%2ccanComment%2ccanShareChildFiles%2ccanShareToAllUsers%2ccanRequestApproval%2ccanUntrash%2ccanDelete%2ccanMoveItemWithinDrive%2ccanListChildren%2ccanReportSpamOrAbuse%2ccanChangePermissionExpiration%2ccanShareChildFolders%2ccanManageVisitors%2ccanPrint%2ccanAddMyDriveParent%2ccanMoveItemOutOfDrive%2ccanShareAsCommenter%2ccanShareAsFileOrganizer%2ccanShar
07-19 08:00:50.230 31290 31408 E Cello   : [31408:NonCelloThread] drive_v2_cloud_store.cc:4865:DumpToLog req.hdr 0xb400006fff237370: Content-Type=application/json
07-19 08:00:50.230 31290 31408 E Cello   : [31408:NonCelloThread] drive_v2_cloud_store.cc:4865:DumpToLog req.hdr 0xb400006fff237370: If-Match="1689723251206"
07-19 08:00:50.230 31290 31408 E Cello   : [31408:NonCelloThread] drive_v2_cloud_store.cc:4865:DumpToLog resp.hdr 0xb400006fff237370: content-encoding=gzip
07-19 08:00:50.231 31290 31408 E Cello   : [31408:NonCelloThread] drive_v2_cloud_store.cc:4865:DumpToLog resp.hdr 0xb400006fff237370: content-length=165
07-19 08:00:50.231 31290 31408 E Cello   : [31408:NonCelloThread] drive_v2_cloud_store.cc:4865:DumpToLog resp.hdr 0xb400006fff237370: expires=Wed, 19 Jul 2023 00:00:50 GMT
07-19 08:00:50.231 31290 31408 E Cello   : [31408:NonCelloThread] drive_v2_cloud_store.cc:4865:DumpToLog resp.hdr 0xb400006fff237370: server=ESF
07-19 08:00:50.231 31290 31408 E Cello   : [31408:NonCelloThread] drive_v2_cloud_store.cc:4865:DumpToLog resp.hdr 0xb400006fff237370: vary=Origin, X-Origin
07-19 08:00:50.231 31290 31408 E Cello   : [31408:NonCelloThread] drive_v2_cloud_store.cc:4865:DumpToLog resp.hdr 0xb400006fff237370: alt-svc=h3=":443"; ma=2592000,h3-29=":443"; ma=2592000
07-19 08:00:50.231 31290 31408 E Cello   : [31408:NonCelloThread] drive_v2_cloud_store.cc:4865:DumpToLog resp.hdr 0xb400006fff237370: x-content-type-options=nosniff
07-19 08:00:50.231 31290 31408 E Cello   : [31408:NonCelloThread] drive_v2_cloud_store.cc:4865:DumpToLog resp.hdr 0xb400006fff237370: x-frame-options=SAMEORIGIN
07-19 08:00:50.231 31290 31408 E Cello   : [31408:NonCelloThread] drive_v2_cloud_store.cc:4865:DumpToLog resp.hdr 0xb400006fff237370: cache-control=private, max-age=0
07-19 08:00:50.231 31290 31408 E Cello   : [31408:NonCelloThread] drive_v2_cloud_store.cc:4865:DumpToLog resp.hdr 0xb400006fff237370: date=Wed, 19 Jul 2023 00:00:50 GMT
07-19 08:00:50.231 31290 31408 E Cello   : [31408:NonCelloThread] drive_v2_cloud_store.cc:4865:DumpToLog resp.hdr 0xb400006fff237370: content-type=application/json; charset=UTF-8
07-19 08:00:50.231 31290 31408 E Cello   : [31408:NonCelloThread] drive_v2_cloud_store.cc:4865:DumpToLog resp.hdr 0xb400006fff237370: x-xss-protection=0
07-19 08:00:50.231 31290 31408 E Cello   : [31408:NonCelloThread] drive_v2_cloud_store.cc:4865:DumpToLog Response body 0xb400006fff237370: {
07-19 08:00:50.231 31290 31408 E Cello   :   "error": {
07-19 08:00:50.231 31290 31408 E Cello   :     "code": 412,
07-19 08:00:50.231 31290 31408 E Cello   :     "message": "Precondition Failed",
07-19 08:00:50.231 31290 31408 E Cello   :     "errors": [
07-19 08:00:50.231 31290 31408 E Cello   :       {
07-19 08:00:50.231 31290 31408 E Cello   :         "message": "Precondition Failed",
07-19 08:00:50.231 31290 31408 E Cello   :         "domain": "global",
07-19 08:00:50.231 31290 31408 E Cello   :         "reason": "conditionNotMet",
07-19 08:00:50.231 31290 31408 E Cello   :         "location": "If-Match",
07-19 08:00:50.231 31290 31408 E Cello   :         "locationType": "header"
07-19 08:00:50.231 31290 31408 E Cello   :       }
07-19 08:00:50.231 31290 31408 E Cello   :     ]
07-19 08:00:50.231 31290 31408 E Cello   :   }
07-19 08:00:50.231 31290 31408 E Cello   : }
07-19 08:00:50.231 31290 31408 E Cello   : 
07-19 08:00:50.241 31290 31408 E Cello   : [31408:NonCelloThread] push_task.cc:2484:ProcessSingleBatchResponse Batched update failed. Response:
07-19 08:00:50.241 31290 31408 E Cello   : MessageLite at 0xb400006fbf1bbc30
07-19 08:00:50.241 31290 31408 E Cello   : [31408:NonCelloThread] push_task.cc:2506:ProcessSingleBatchResponse Precondition failed, etag sent was: "1689723251206"
07-19 08:00:51.143 31290 31408 E Cello   : [31408:NonCelloThread] drive_v2_cloud_store.cc:4865:DumpToLog Request 0xb400006fff226f90: 412 https://www.googleapis.com/drive/v2internal/files/1Ncay3CR7m1X0-1sF0qFMZkcbyHXQ37tHY3qDuwL1nhM?enforceSingleParent=true&languageCode=en-US&modifiedDateBehavior=DRIVE_UI_OFFLINE&supportsAllDrives=true&updateViewedDate=false&fields=customerId%2cactionItems%2chasAugmentedPermissions%2ccreatedDate%2cmodifiedDate%2creadersCanSeeComments%2cabuseNoticeReason%2ccapabilities%28canReadDrive%2ccanBlockOwner%2ccanMoveChildrenWithinDrive%2ccanTrash%2ccanAcceptOwnership%2ccanDeleteChildren%2ccanDownload%2ccanMoveChildrenOutOfDrive%2ccanRemoveChildren%2ccanModifyContent%2ccanShare%2ccanComment%2ccanShareChildFiles%2ccanShareToAllUsers%2ccanRequestApproval%2ccanUntrash%2ccanDelete%2ccanMoveItemWithinDrive%2ccanListChildren%2ccanReportSpamOrAbuse%2ccanChangePermissionExpiration%2ccanShareChildFolders%2ccanManageVisitors%2ccanPrint%2ccanAddMyDriveParent%2ccanMoveItemOutOfDrive%2ccanShareAsCommenter%2ccanShareAsFileOrganizer%2ccanShar
07-19 08:00:51.143 31290 31408 E Cello   : [31408:NonCelloThread] drive_v2_cloud_store.cc:4865:DumpToLog req.hdr 0xb400006fff226f90: Content-Type=application/json
07-19 08:00:51.143 31290 31408 E Cello   : [31408:NonCelloThread] drive_v2_cloud_store.cc:4865:DumpToLog req.hdr 0xb400006fff226f90: If-Match="1689723251206"
07-19 08:00:51.143 31290 31408 E Cello   : [31408:NonCelloThread] drive_v2_cloud_store.cc:4865:DumpToLog resp.hdr 0xb400006fff226f90: date=Wed, 19 Jul 2023 00:00:51 GMT
07-19 08:00:51.143 31290 31408 E Cello   : [31408:NonCelloThread] drive_v2_cloud_store.cc:4865:DumpToLog resp.hdr 0xb400006fff226f90: vary=Origin, X-Origin
07-19 08:00:51.143 31290 31408 E Cello   : [31408:NonCelloThread] drive_v2_cloud_store.cc:4865:DumpToLog resp.hdr 0xb400006fff226f90: alt-svc=h3=":443"; ma=2592000,h3-29=":443"; ma=2592000
07-19 08:00:51.143 31290 31408 E Cello   : [31408:NonCelloThread] drive_v2_cloud_store.cc:4865:DumpToLog resp.hdr 0xb400006fff226f90: x-xss-protection=0
07-19 08:00:51.143 31290 31408 E Cello   : [31408:NonCelloThread] drive_v2_cloud_store.cc:4865:DumpToLog resp.hdr 0xb400006fff226f90: x-frame-options=SAMEORIGIN
07-19 08:00:51.143 31290 31408 E Cello   : [31408:NonCelloThread] drive_v2_cloud_store.cc:4865:DumpToLog resp.hdr 0xb400006fff226f90: expires=Wed, 19 Jul 2023 00:00:51 GMT
07-19 08:00:51.143 31290 31408 E Cello   : [31408:NonCelloThread] drive_v2_cloud_store.cc:4865:DumpToLog resp.hdr 0xb400006fff226f90: content-length=165
07-19 08:00:51.143 31290 31408 E Cello   : [31408:NonCelloThread] drive_v2_cloud_store.cc:4865:DumpToLog resp.hdr 0xb400006fff226f90: server=ESF
07-19 08:00:51.143 31290 31408 E Cello   : [31408:NonCelloThread] drive_v2_cloud_store.cc:4865:DumpToLog resp.hdr 0xb400006fff226f90: content-encoding=gzip
07-19 08:00:51.143 31290 31408 E Cello   : [31408:NonCelloThread] drive_v2_cloud_store.cc:4865:DumpToLog resp.hdr 0xb400006fff226f90: x-content-type-options=nosniff
07-19 08:00:51.143 31290 31408 E Cello   : [31408:NonCelloThread] drive_v2_cloud_store.cc:4865:DumpToLog resp.hdr 0xb400006fff226f90: content-type=application/json; charset=UTF-8
07-19 08:00:51.144 31290 31408 E Cello   : [31408:NonCelloThread] drive_v2_cloud_store.cc:4865:DumpToLog resp.hdr 0xb400006fff226f90: cache-control=private, max-age=0
07-19 08:00:51.144 31290 31408 E Cello   : [31408:NonCelloThread] drive_v2_cloud_store.cc:4865:DumpToLog Response body 0xb400006fff226f90: {
07-19 08:00:51.144 31290 31408 E Cello   :   "error": {
07-19 08:00:51.144 31290 31408 E Cello   :     "code": 412,
07-19 08:00:51.144 31290 31408 E Cello   :     "message": "Precondition Failed",
07-19 08:00:51.144 31290 31408 E Cello   :     "errors": [
07-19 08:00:51.144 31290 31408 E Cello   :       {
07-19 08:00:51.144 31290 31408 E Cello   :         "message": "Precondition Failed",
07-19 08:00:51.144 31290 31408 E Cello   :         "domain": "global",
07-19 08:00:51.144 31290 31408 E Cello   :         "reason": "conditionNotMet",
07-19 08:00:51.144 31290 31408 E Cello   :         "location": "If-Match",
07-19 08:00:51.144 31290 31408 E Cello   :         "locationType": "header"
07-19 08:00:51.144 31290 31408 E Cello   :       }
07-19 08:00:51.144 31290 31408 E Cello   :     ]
07-19 08:00:51.144 31290 31408 E Cello   :   }
07-19 08:00:51.144 31290 31408 E Cello   : }
07-19 08:00:51.144 31290 31408 E Cello   : 
07-19 08:00:51.145 31290 31408 E Cello   : [31408:NonCelloThread] push_task.cc:2484:ProcessSingleBatchResponse Batched update failed. Response:
07-19 08:00:51.145 31290 31408 E Cello   : MessageLite at 0xb400006fbf3f9390
07-19 08:00:51.145 31290 31408 E Cello   : [31408:NonCelloThread] push_task.cc:2506:ProcessSingleBatchResponse Precondition failed, etag sent was: "1689723251206"
07-19 08:01:35.912 31290 16036 E XmlHttpRequestRelay: (35) Thread interrupted
07-19 08:01:35.912 31290 16036 E XmlHttpRequestRelay: java.lang.InterruptedException
07-19 08:01:35.912 31290 16036 E XmlHttpRequestRelay: 	at iqi$3.run(PG:118)
07-19 08:01:35.912 31290 16036 E XmlHttpRequestRelay: 	at java.util.concurrent.ThreadPoolExecutor.runWorker(ThreadPoolExecutor.java:1167)
07-19 08:01:35.912 31290 16036 E XmlHttpRequestRelay: 	at java.util.concurrent.ThreadPoolExecutor$Worker.run(ThreadPoolExecutor.java:641)
07-19 08:01:35.912 31290 16036 E XmlHttpRequestRelay: 	at java.lang.Thread.run(Thread.java:922)
07-19 08:09:31.106   576   689 I libPowerHal: [perfNotifyAppState] pack:com.google.android.apps.docs.editors.docs, act:com.google.android.apps.docs.editors.kix.KixEditorActivity, state:1, pid:31290, uid:10195, fps:-1
07-19 08:09:32.623 31290 20584 E DefaultHttpIssuer: Attempt to consume entity of HttpIssuer when no request is executing.
07-19 08:09:32.655 31290 20584 E DefaultHttpIssuer: Attempt to close HttpIssuer when no request is executing.
07-19 08:09:32.671 31290 20584 E XmlHttpRequestRelay: (37) Thread interrupted
07-19 08:09:32.671 31290 20584 E XmlHttpRequestRelay: java.lang.InterruptedException
07-19 08:09:32.671 31290 20584 E XmlHttpRequestRelay: 	at iqi$3.run(PG:122)
07-19 08:09:32.671 31290 20584 E XmlHttpRequestRelay: 	at java.util.concurrent.ThreadPoolExecutor.runWorker(ThreadPoolExecutor.java:1167)
07-19 08:09:32.671 31290 20584 E XmlHttpRequestRelay: 	at java.util.concurrent.ThreadPoolExecutor$Worker.run(ThreadPoolExecutor.java:641)
07-19 08:09:32.671 31290 20584 E XmlHttpRequestRelay: 	at java.lang.Thread.run(Thread.java:922)
07-19 08:09:33.110   576   667 I libPowerHal: [updateFPS] pid(31290) : -1 => 60
07-19 08:09:33.111   576   689 I libPowerHal: [perfNotifyAppState] pack:com.google.android.apps.docs.editors.docs, act:com.google.android.apps.docs.editors.kix.KixEditorActivity, state:5, pid:31290, uid:10195, fps:60
07-19 08:09:35.111   576   667 I libPowerHal: [updateFPS] pid(31290) : 60 => -1
07-19 08:09:35.112   576   689 I libPowerHal: [perfNotifyAppState] pack:com.google.android.apps.docs.editors.docs, act:com.google.android.apps.docs.editors.kix.KixEditorActivity, state:5, pid:31290, uid:10195, fps:-1
07-19 08:09:36.112   576   667 I libPowerHal: [updateFPS] pid(31290) : -1 => 60
07-19 08:09:36.112   576   689 I libPowerHal: [perfNotifyAppState] pack:com.google.android.apps.docs.editors.docs, act:com.google.android.apps.docs.editors.kix.KixEditorActivity, state:5, pid:31290, uid:10195, fps:60
07-19 08:09:37.112   576   667 I libPowerHal: [updateFPS] pid(31290) : 60 => -1
07-19 08:09:37.113   576   689 I libPowerHal: [perfNotifyAppState] pack:com.google.android.apps.docs.editors.docs, act:com.google.android.apps.docs.editors.kix.KixEditorActivity, state:5, pid:31290, uid:10195, fps:-1
07-19 08:10:16.198   576   689 I libPowerHal: [perfNotifyAppState] pack:com.google.android.apps.docs.editors.docs, act:com.google.android.apps.docs.editors.kix.KixEditorActivity, state:0, pid:31290, uid:10195, fps:-1
07-19 08:10:17.018 31290 20584 E XmlHttpRequestRelay: (43) Thread interrupted
07-19 08:10:17.018 31290 20584 E XmlHttpRequestRelay: java.lang.InterruptedException
07-19 08:10:17.018 31290 20584 E XmlHttpRequestRelay: 	at iqi$3.run(PG:122)
07-19 08:10:17.018 31290 20584 E XmlHttpRequestRelay: 	at java.util.concurrent.ThreadPoolExecutor.runWorker(ThreadPoolExecutor.java:1167)
07-19 08:10:17.018 31290 20584 E XmlHttpRequestRelay: 	at java.util.concurrent.ThreadPoolExecutor$Worker.run(ThreadPoolExecutor.java:641)
07-19 08:10:17.018 31290 20584 E XmlHttpRequestRelay: 	at java.lang.Thread.run(Thread.java:922)
07-19 08:10:33.628 31290 20660 E XmlHttpRequestRelay: (40) Thread interrupted
07-19 08:10:33.628 31290 20660 E XmlHttpRequestRelay: java.lang.InterruptedException
07-19 08:10:33.628 31290 20660 E XmlHttpRequestRelay: 	at iqi$3.run(PG:118)
07-19 08:10:33.628 31290 20660 E XmlHttpRequestRelay: 	at java.util.concurrent.ThreadPoolExecutor.runWorker(ThreadPoolExecutor.java:1167)
07-19 08:10:33.628 31290 20660 E XmlHttpRequestRelay: 	at java.util.concurrent.ThreadPoolExecutor$Worker.run(ThreadPoolExecutor.java:641)
07-19 08:10:33.628 31290 20660 E XmlHttpRequestRelay: 	at java.lang.Thread.run(Thread.java:922)
07-19 08:24:15.320 31290 31355 E DoclistPresenter: updateDoclistConnectivityChangeListener refresh model, skip content sync
07-19 08:24:15.397 31290 31355 E DoclistPresenter: updateDoclistConnectivityChangeListener refresh model, skip content sync
07-19 08:24:53.592 31290 31355 E DoclistPresenter: updateDoclistConnectivityChangeListener refresh model, skip content sync
07-19 08:24:53.658 31290 31355 E DoclistPresenter: updateDoclistConnectivityChangeListener refresh model, skip content sync
07-19 08:24:56.104 31290 31355 E DoclistPresenter: updateDoclistConnectivityChangeListener refresh model, skip content sync
07-19 08:24:56.108 31290 31355 E DoclistPresenter: updateDoclistConnectivityChangeListener refresh model, skip content sync
07-19 08:24:58.876 31290 31929 E Cello   : [31929:NonCelloThread] drive_v2_cloud_store.cc:4865:DumpToLog Request 0xb400006fff2419d0: 0 https://www.googleapis.com/drive/v2internal/files/generateIds?maxResults=1000&space=drive&type=files&featureLabel=android-sync-native transport: drive::ds::Status::CANCELLED reader: drive::ds::Status::SUCCESS
07-19 08:24:58.877 31290 31929 E Cello   : [31929:NonCelloThread] drive_v2_cloud_store.cc:4865:DumpToLog Response body 0xb400006fff2419d0: (no response body)
07-19 08:25:00.376 31290 31929 E Cello   : [31929:NonCelloThread] drive_v2_cloud_store.cc:4865:DumpToLog Request 0xb400006fff228f30: 0 https://www.googleapis.com/drive/v2internal/files/generateIds?maxResults=1000&space=drive&type=files&featureLabel=android-sync-native transport: drive::ds::Status::CANCELLED reader: drive::ds::Status::SUCCESS
07-19 08:25:00.376 31290 31929 E Cello   : [31929:NonCelloThread] drive_v2_cloud_store.cc:4865:DumpToLog Response body 0xb400006fff228f30: (no response body)
07-19 08:25:26.992 31290 27102 E ContentSyncWorker: [3] interrupted: ScheduledSyncTaskImpl[CelloEntrySpec[AccountId_3eb7585a, driveFileId=ItemId(email=insectsconnection@gmail.com, stableId=65989)], 0 attempts, 0/0 transferred, completed]
07-19 08:25:29.560 31290 27100 E ContentSyncWorker: [1] interrupted: ScheduledSyncTaskImpl[CelloEntrySpec[AccountId_3eb7585a, driveFileId=ItemId(email=insectsconnection@gmail.com, stableId=66182)], 0 attempts, 0/0 transferred, completed]
07-19 08:25:29.729 31290 27101 E ContentSyncWorker: [2] interrupted: ScheduledSyncTaskImpl[CelloEntrySpec[AccountId_3eb7585a, driveFileId=ItemId(email=insectsconnection@gmail.com, stableId=66182)], 0 attempts, 0/0 transferred, completed]
07-19 08:25:30.894 31290 27102 E ContentSyncWorker: [3] interrupted: ScheduledSyncTaskImpl[CelloEntrySpec[AccountId_3eb7585a, driveFileId=ItemId(email=insectsconnection@gmail.com, stableId=65988)], 0 attempts, 0/0 transferred, completed]
07-19 08:25:33.607 31290 27100 E ContentSyncWorker: [1] interrupted: ScheduledSyncTaskImpl[CelloEntrySpec[AccountId_3eb7585a, driveFileId=ItemId(email=insectsconnection@gmail.com, stableId=65988)], 0 attempts, 0/0 transferred, completed]
07-19 08:25:35.208 31290 28101 E ApiarySyncer: Error invoking apiary task
07-19 08:25:35.208 31290 28101 E ApiarySyncer: oej: 404 Not Found
07-19 08:25:35.208 31290 28101 E ApiarySyncer: POST https://www.googleapis.com/discussions/v1/targets/document:1pJ0-YmsEROoym5HE7GNWp0iBjtJIHvkksvaH8h92G_A/discussions/sync?clientModelVersion=3&includeSuggestions=true&oauth_token=ya29.m.CrACAZlPsVgRnc_iHEB_uaMHLkpE9g0iShbBhMp3DlAXcxPgT5B1HU_s_BVJfCMcSGhUbObG8DKOEoePh8RHJPuIdh1BfMVbHfcDpvnA0G-AaHfnn8YqRH20XBPf5uUcmBE9G4UwJwk2uU-cIxVUjmvLN2Hz0XFhnJZL5WTumwxFU6ciSnxcni39vDDX7Ce_TlMYoQG3ngtzxZMvSvoJh8vhdTXVpcGcn6Q_fTQrvBJ_4I5uLnOOCcauGMxIIc0DHEd7iq67aGqvlF-57ODPtiyvkOOibDUyKw1ozXfVfgvY5539AIzFwmbkwbWF3MWt8-bwGTAcgF-mbPD9BvNj8c5YsjqitsCfXlucXW6ZNp_7rpgLahT7dxx5VN3ldg_u79trTquG6CW-BDpXfmQrcqAg5hIfCAESGAoSAQUGBwgJCwwNDhARFBYXGRocEJqbARjOfhogOZLInlnvHEmTDcJirHfJC3y6gAt-RXR16tz4mszgbn8iAggBKithQ2dZS0FXTVNBUk1TRlFGV0t2UGxsazE1bEp6UEI0cU9hbWZkTnVGZ3Fn&platform=2
07-19 08:25:35.208 31290 28101 E ApiarySyncer: 	at oet.c(PG:31)
07-19 08:25:35.208 31290 28101 E ApiarySyncer: 	at afjn.b(PG:2)
07-19 08:25:35.208 31290 28101 E ApiarySyncer: 	at ofk.a(PG:102)
07-19 08:25:35.208 31290 28101 E ApiarySyncer: 	at oep.f(PG:69)
07-19 08:25:35.208 31290 28101 E ApiarySyncer: 	at fky.run(PG:58)
07-19 08:25:35.208 31290 28101 E ApiarySyncer: 	at java.util.concurrent.Executors$RunnableAdapter.call(Executors.java:462)
07-19 08:25:35.208 31290 28101 E ApiarySyncer: 	at java.util.concurrent.FutureTask.run(FutureTask.java:266)
07-19 08:25:35.208 31290 28101 E ApiarySyncer: 	at java.util.concurrent.ScheduledThreadPoolExecutor$ScheduledFutureTask.run(ScheduledThreadPoolExecutor.java:301)
07-19 08:25:35.208 31290 28101 E ApiarySyncer: 	at java.util.concurrent.ThreadPoolExecutor.runWorker(ThreadPoolExecutor.java:1167)
07-19 08:25:35.208 31290 28101 E ApiarySyncer: 	at java.util.concurrent.ThreadPoolExecutor$Worker.run(ThreadPoolExecutor.java:641)
07-19 08:25:35.208 31290 28101 E ApiarySyncer: 	at java.lang.Thread.run(Thread.java:922)
07-19 08:25:35.530 31290 28101 E ApiarySyncer: Error invoking apiary task
07-19 08:25:35.530 31290 28101 E ApiarySyncer: oej: 404 Not Found
07-19 08:25:35.530 31290 28101 E ApiarySyncer: POST https://www.googleapis.com/discussions/v1/targets/document:1pJ0-YmsEROoym5HE7GNWp0iBjtJIHvkksvaH8h92G_A/discussions/sync?clientModelVersion=3&includeSuggestions=true&oauth_token=ya29.m.CrACAZlPsVgRnc_iHEB_uaMHLkpE9g0iShbBhMp3DlAXcxPgT5B1HU_s_BVJfCMcSGhUbObG8DKOEoePh8RHJPuIdh1BfMVbHfcDpvnA0G-AaHfnn8YqRH20XBPf5uUcmBE9G4UwJwk2uU-cIxVUjmvLN2Hz0XFhnJZL5WTumwxFU6ciSnxcni39vDDX7Ce_TlMYoQG3ngtzxZMvSvoJh8vhdTXVpcGcn6Q_fTQrvBJ_4I5uLnOOCcauGMxIIc0DHEd7iq67aGqvlF-57ODPtiyvkOOibDUyKw1ozXfVfgvY5539AIzFwmbkwbWF3MWt8-bwGTAcgF-mbPD9BvNj8c5YsjqitsCfXlucXW6ZNp_7rpgLahT7dxx5VN3ldg_u79trTquG6CW-BDpXfmQrcqAg5hIfCAESGAoSAQUGBwgJCwwNDhARFBYXGRocELGbARjlfhogLBafECLoxu1PWDKinXAsrA01ELPIKA76H82TAhnMxKwiAggBKithQ2dZS0FXTVNBUk1TRlFGV0t2UGxsazE1bEp6UEI0cU9hbWZkTnVGZ3Fn&platform=2
07-19 08:25:35.530 31290 28101 E ApiarySyncer: 	at oet.c(PG:31)
07-19 08:25:35.530 31290 28101 E ApiarySyncer: 	at afjn.b(PG:2)
07-19 08:25:35.530 31290 28101 E ApiarySyncer: 	at ofk.a(PG:102)
07-19 08:25:35.530 31290 28101 E ApiarySyncer: 	at oep.f(PG:69)
07-19 08:25:35.530 31290 28101 E ApiarySyncer: 	at fky.run(PG:58)
07-19 08:25:35.530 31290 28101 E ApiarySyncer: 	at java.util.concurrent.Executors$RunnableAdapter.call(Executors.java:462)
07-19 08:25:35.530 31290 28101 E ApiarySyncer: 	at java.util.concurrent.FutureTask.run(FutureTask.java:266)
07-19 08:25:35.530 31290 28101 E ApiarySyncer: 	at java.util.concurrent.ScheduledThreadPoolExecutor$ScheduledFutureTask.run(ScheduledThreadPoolExecutor.java:301)
07-19 08:25:35.530 31290 28101 E ApiarySyncer: 	at java.util.concurrent.ThreadPoolExecutor.runWorker(ThreadPoolExecutor.java:1167)
07-19 08:25:35.530 31290 28101 E ApiarySyncer: 	at java.util.concurrent.ThreadPoolExecutor$Worker.run(ThreadPoolExecutor.java:641)
07-19 08:25:35.530 31290 28101 E ApiarySyncer: 	at java.lang.Thread.run(Thread.java:922)
07-19 08:25:35.865 31290 28101 E ApiarySyncer: Error invoking apiary task
07-19 08:25:35.865 31290 28101 E ApiarySyncer: oej: 404 Not Found
07-19 08:25:35.865 31290 28101 E ApiarySyncer: POST https://www.googleapis.com/discussions/v1/targets/document:1pJ0-YmsEROoym5HE7GNWp0iBjtJIHvkksvaH8h92G_A/discussions/sync?clientModelVersion=3&includeSuggestions=true&oauth_token=ya29.m.CrACAZlPsVgRnc_iHEB_uaMHLkpE9g0iShbBhMp3DlAXcxPgT5B1HU_s_BVJfCMcSGhUbObG8DKOEoePh8RHJPuIdh1BfMVbHfcDpvnA0G-AaHfnn8YqRH20XBPf5uUcmBE9G4UwJwk2uU-cIxVUjmvLN2Hz0XFhnJZL5WTumwxFU6ciSnxcni39vDDX7Ce_TlMYoQG3ngtzxZMvSvoJh8vhdTXVpcGcn6Q_fTQrvBJ_4I5uLnOOCcauGMxIIc0DHEd7iq67aGqvlF-57ODPtiyvkOOibDUyKw1ozXfVfgvY5539AIzFwmbkwbWF3MWt8-bwGTAcgF-mbPD9BvNj8c5YsjqitsCfXlucXW6ZNp_7rpgLahT7dxx5VN3ldg_u79trTquG6CW-BDpXfmQrcqAg5hIfCAESGAoSAQUGBwgJCwwNDhARFBYXGRocELKbARjmfhog4I16iDSgS7VbjXvrFV13n--pXagCONCVK48ujkU-TRAiAggBKithQ2dZS0FXTVNBUk1TRlFGV0t2UGxsazE1bEp6UEI0cU9hbWZkTnVGZ3Fn&platform=2
07-19 08:25:35.865 31290 28101 E ApiarySyncer: 	at oet.c(PG:31)
07-19 08:25:35.865 31290 28101 E ApiarySyncer: 	at afjn.b(PG:2)
07-19 08:25:35.865 31290 28101 E ApiarySyncer: 	at ofk.a(PG:102)
07-19 08:25:35.865 31290 28101 E ApiarySyncer: 	at oep.f(PG:69)
07-19 08:25:35.865 31290 28101 E ApiarySyncer: 	at fky.run(PG:58)
07-19 08:25:35.865 31290 28101 E ApiarySyncer: 	at java.util.concurrent.Executors$RunnableAdapter.call(Executors.java:462)
07-19 08:25:35.865 31290 28101 E ApiarySyncer: 	at java.util.concurrent.FutureTask.run(FutureTask.java:266)
07-19 08:25:35.865 31290 28101 E ApiarySyncer: 	at java.util.concurrent.ScheduledThreadPoolExecutor$ScheduledFutureTask.run(ScheduledThreadPoolExecutor.java:301)
07-19 08:25:35.865 31290 28101 E ApiarySyncer: 	at java.util.concurrent.ThreadPoolExecutor.runWorker(ThreadPoolExecutor.java:1167)
07-19 08:25:35.865 31290 28101 E ApiarySyncer: 	at java.util.concurrent.ThreadPoolExecutor$Worker.run(ThreadPoolExecutor.java:641)
07-19 08:25:35.865 31290 28101 E ApiarySyncer: 	at java.lang.Thread.run(Thread.java:922)
07-19 08:25:35.873 31290 27101 E EditorOfflineDbSyncable: Sync of 1pJ0-YmsEROoym5HE7GNWp0iBjtJIHvkksvaH8h92G_A failed. SyncResult: FAIL
07-19 08:25:36.040 31290 27101 E ContentSyncWorker: [2] failed: fay: Failed to sync content..
07-19 08:25:36.040 31290 27101 E ContentSyncWorker: fay: Failed to sync content.
07-19 08:25:36.040 31290 27101 E ContentSyncWorker: 	at hpg.b(PG:26)
07-19 08:25:36.040 31290 27101 E ContentSyncWorker: 	at ezh.a(PG:30)
07-19 08:25:36.040 31290 27101 E ContentSyncWorker: 	at eyw.run(PG:17)
07-19 08:25:36.040 31290 27101 E ContentSyncWorker: 	at java.util.concurrent.Executors$RunnableAdapter.call(Executors.java:462)
07-19 08:25:36.040 31290 27101 E ContentSyncWorker: 	at java.util.concurrent.FutureTask.run(FutureTask.java:266)
07-19 08:25:36.040 31290 27101 E ContentSyncWorker: 	at java.util.concurrent.ThreadPoolExecutor.runWorker(ThreadPoolExecutor.java:1167)
07-19 08:25:36.040 31290 27101 E ContentSyncWorker: 	at java.util.concurrent.ThreadPoolExecutor$Worker.run(ThreadPoolExecutor.java:641)
07-19 08:25:36.040 31290 27101 E ContentSyncWorker: 	at java.lang.Thread.run(Thread.java:922)
07-19 08:25:36.858 31290 27100 E ContentSyncWorker: [1] interrupted: ScheduledSyncTaskImpl[CelloEntrySpec[AccountId_3eb7585a, driveFileId=ItemId(email=insectsconnection@gmail.com, stableId=65986)], 0 attempts, 0/0 transferred, completed]
07-19 08:25:37.530 31290 27099 E ContentSyncWorker: [0] interrupted: ScheduledSyncTaskImpl[CelloEntrySpec[AccountId_3eb7585a, driveFileId=ItemId(email=insectsconnection@gmail.com, stableId=65985)], 0 attempts, 0/0 transferred, completed]
07-19 08:25:39.022 31290 28120 E ApiarySyncer: Error invoking apiary task
07-19 08:25:39.022 31290 28120 E ApiarySyncer: oej: 404 Not Found
07-19 08:25:39.022 31290 28120 E ApiarySyncer: POST https://www.googleapis.com/discussions/v1/targets/document:1pJ0-YmsEROoym5HE7GNWp0iBjtJIHvkksvaH8h92G_A/discussions/sync?clientModelVersion=3&includeSuggestions=true&oauth_token=ya29.m.CrACAZlPsVgRnc_iHEB_uaMHLkpE9g0iShbBhMp3DlAXcxPgT5B1HU_s_BVJfCMcSGhUbObG8DKOEoePh8RHJPuIdh1BfMVbHfcDpvnA0G-AaHfnn8YqRH20XBPf5uUcmBE9G4UwJwk2uU-cIxVUjmvLN2Hz0XFhnJZL5WTumwxFU6ciSnxcni39vDDX7Ce_TlMYoQG3ngtzxZMvSvoJh8vhdTXVpcGcn6Q_fTQrvBJ_4I5uLnOOCcauGMxIIc0DHEd7iq67aGqvlF-57ODPtiyvkOOibDUyKw1ozXfVfgvY5539AIzFwmbkwbWF3MWt8-bwGTAcgF-mbPD9BvNj8c5YsjqitsCfXlucXW6ZNp_7rpgLahT7dxx5VN3ldg_u79trTquG6CW-BDpXfmQrcqAg5hIfCAESGAoSAQUGBwgJCwwNDhARFBYXGRocELSbARjofhog2Y-Iou3O6aERc7BKTEvLaaoejjuaf8HxAFKwLGxP_LwiAggBKithQ2dZS0FXTVNBUk1TRlFGV0t2UGxsazE1bEp6UEI0cU9hbWZkTnVGZ3Fn&platform=2
07-19 08:25:39.022 31290 28120 E ApiarySyncer: 	at oet.c(PG:31)
07-19 08:25:39.022 31290 28120 E ApiarySyncer: 	at afjn.b(PG:2)
07-19 08:25:39.022 31290 28120 E ApiarySyncer: 	at ofk.a(PG:102)
07-19 08:25:39.022 31290 28120 E ApiarySyncer: 	at oep.f(PG:69)
07-19 08:25:39.022 31290 28120 E ApiarySyncer: 	at fky.run(PG:58)
07-19 08:25:39.022 31290 28120 E ApiarySyncer: 	at java.util.concurrent.Executors$RunnableAdapter.call(Executors.java:462)
07-19 08:25:39.022 31290 28120 E ApiarySyncer: 	at java.util.concurrent.FutureTask.run(FutureTask.java:266)
07-19 08:25:39.022 31290 28120 E ApiarySyncer: 	at java.util.concurrent.ScheduledThreadPoolExecutor$ScheduledFutureTask.run(ScheduledThreadPoolExecutor.java:301)
07-19 08:25:39.022 31290 28120 E ApiarySyncer: 	at java.util.concurrent.ThreadPoolExecutor.runWorker(ThreadPoolExecutor.java:1167)
07-19 08:25:39.022 31290 28120 E ApiarySyncer: 	at java.util.concurrent.ThreadPoolExecutor$Worker.run(ThreadPoolExecutor.java:641)
07-19 08:25:39.022 31290 28120 E ApiarySyncer: 	at java.lang.Thread.run(Thread.java:922)
07-19 08:25:39.340 31290 28120 E ApiarySyncer: Error invoking apiary task
07-19 08:25:39.340 31290 28120 E ApiarySyncer: oej: 404 Not Found
07-19 08:25:39.340 31290 28120 E ApiarySyncer: POST https://www.googleapis.com/discussions/v1/targets/document:1pJ0-YmsEROoym5HE7GNWp0iBjtJIHvkksvaH8h92G_A/discussions/sync?clientModelVersion=3&includeSuggestions=true&oauth_token=ya29.m.CrACAZlPsVgRnc_iHEB_uaMHLkpE9g0iShbBhMp3DlAXcxPgT5B1HU_s_BVJfCMcSGhUbObG8DKOEoePh8RHJPuIdh1BfMVbHfcDpvnA0G-AaHfnn8YqRH20XBPf5uUcmBE9G4UwJwk2uU-cIxVUjmvLN2Hz0XFhnJZL5WTumwxFU6ciSnxcni39vDDX7Ce_TlMYoQG3ngtzxZMvSvoJh8vhdTXVpcGcn6Q_fTQrvBJ_4I5uLnOOCcauGMxIIc0DHEd7iq67aGqvlF-57ODPtiyvkOOibDUyKw1ozXfVfgvY5539AIzFwmbkwbWF3MWt8-bwGTAcgF-mbPD9BvNj8c5YsjqitsCfXlucXW6ZNp_7rpgLahT7dxx5VN3ldg_u79trTquG6CW-BDpXfmQrcqAg5hIfCAESGAoSAQUGBwgJCwwNDhARFBYXGRocELWbARjpfhogTs1NRdQBqdpD0b95emE0Tfcdb3_eh-h3vm5nM4dLpH8iAggBKithQ2dZS0FXTVNBUk1TRlFGV0t2UGxsazE1bEp6UEI0cU9hbWZkTnVGZ3Fn&platform=2
07-19 08:25:39.340 31290 28120 E ApiarySyncer: 	at oet.c(PG:31)
07-19 08:25:39.340 31290 28120 E ApiarySyncer: 	at afjn.b(PG:2)
07-19 08:25:39.340 31290 28120 E ApiarySyncer: 	at ofk.a(PG:102)
07-19 08:25:39.340 31290 28120 E ApiarySyncer: 	at oep.f(PG:69)
07-19 08:25:39.340 31290 28120 E ApiarySyncer: 	at fky.run(PG:58)
07-19 08:25:39.340 31290 28120 E ApiarySyncer: 	at java.util.concurrent.Executors$RunnableAdapter.call(Executors.java:462)
07-19 08:25:39.340 31290 28120 E ApiarySyncer: 	at java.util.concurrent.FutureTask.run(FutureTask.java:266)
07-19 08:25:39.340 31290 28120 E ApiarySyncer: 	at java.util.concurrent.ScheduledThreadPoolExecutor$ScheduledFutureTask.run(ScheduledThreadPoolExecutor.java:301)
07-19 08:25:39.340 31290 28120 E ApiarySyncer: 	at java.util.concurrent.ThreadPoolExecutor.runWorker(ThreadPoolExecutor.java:1167)
07-19 08:25:39.340 31290 28120 E ApiarySyncer: 	at java.util.concurrent.ThreadPoolExecutor$Worker.run(ThreadPoolExecutor.java:641)
07-19 08:25:39.340 31290 28120 E ApiarySyncer: 	at java.lang.Thread.run(Thread.java:922)
07-19 08:25:39.658 31290 28120 E ApiarySyncer: Error invoking apiary task
07-19 08:25:39.658 31290 28120 E ApiarySyncer: oej: 404 Not Found
07-19 08:25:39.658 31290 28120 E ApiarySyncer: POST https://www.googleapis.com/discussions/v1/targets/document:1pJ0-YmsEROoym5HE7GNWp0iBjtJIHvkksvaH8h92G_A/discussions/sync?clientModelVersion=3&includeSuggestions=true&oauth_token=ya29.m.CrACAZlPsVgRnc_iHEB_uaMHLkpE9g0iShbBhMp3DlAXcxPgT5B1HU_s_BVJfCMcSGhUbObG8DKOEoePh8RHJPuIdh1BfMVbHfcDpvnA0G-AaHfnn8YqRH20XBPf5uUcmBE9G4UwJwk2uU-cIxVUjmvLN2Hz0XFhnJZL5WTumwxFU6ciSnxcni39vDDX7Ce_TlMYoQG3ngtzxZMvSvoJh8vhdTXVpcGcn6Q_fTQrvBJ_4I5uLnOOCcauGMxIIc0DHEd7iq67aGqvlF-57ODPtiyvkOOibDUyKw1ozXfVfgvY5539AIzFwmbkwbWF3MWt8-bwGTAcgF-mbPD9BvNj8c5YsjqitsCfXlucXW6ZNp_7rpgLahT7dxx5VN3ldg_u79trTquG6CW-BDpXfmQrcqAg5hIfCAESGAoSAQUGBwgJCwwNDhARFBYXGRocELabARjqfhogRC45faPtOra9pSSBWr7qxv5QmgZuHhpffsMh-h9ShbgiAggBKithQ2dZS0FXTVNBUk1TRlFGV0t2UGxsazE1bEp6UEI0cU9hbWZkTnVGZ3Fn&platform=2
07-19 08:25:39.658 31290 28120 E ApiarySyncer: 	at oet.c(PG:31)
07-19 08:25:39.658 31290 28120 E ApiarySyncer: 	at afjn.b(PG:2)
07-19 08:25:39.658 31290 28120 E ApiarySyncer: 	at ofk.a(PG:102)
07-19 08:25:39.658 31290 28120 E ApiarySyncer: 	at oep.f(PG:69)
07-19 08:25:39.658 31290 28120 E ApiarySyncer: 	at fky.run(PG:58)
07-19 08:25:39.658 31290 28120 E ApiarySyncer: 	at java.util.concurrent.Executors$RunnableAdapter.call(Executors.java:462)
07-19 08:25:39.658 31290 28120 E ApiarySyncer: 	at java.util.concurrent.FutureTask.run(FutureTask.java:266)
07-19 08:25:39.658 31290 28120 E ApiarySyncer: 	at java.util.concurrent.ScheduledThreadPoolExecutor$ScheduledFutureTask.run(ScheduledThreadPoolExecutor.java:301)
07-19 08:25:39.658 31290 28120 E ApiarySyncer: 	at java.util.concurrent.ThreadPoolExecutor.runWorker(ThreadPoolExecutor.java:1167)
07-19 08:25:39.658 31290 28120 E ApiarySyncer: 	at java.util.concurrent.ThreadPoolExecutor$Worker.run(ThreadPoolExecutor.java:641)
07-19 08:25:39.658 31290 28120 E ApiarySyncer: 	at java.lang.Thread.run(Thread.java:922)
07-19 08:25:39.663 31290 27102 E EditorOfflineDbSyncable: Sync of 1pJ0-YmsEROoym5HE7GNWp0iBjtJIHvkksvaH8h92G_A failed. SyncResult: FAIL
07-19 08:25:39.822 31290 27102 E ContentSyncWorker: [3] failed: fay: Failed to sync content..
07-19 08:25:39.822 31290 27102 E ContentSyncWorker: fay: Failed to sync content.
07-19 08:25:39.822 31290 27102 E ContentSyncWorker: 	at hpg.b(PG:26)
07-19 08:25:39.822 31290 27102 E ContentSyncWorker: 	at ezh.a(PG:30)
07-19 08:25:39.822 31290 27102 E ContentSyncWorker: 	at eyw.run(PG:17)
07-19 08:25:39.822 31290 27102 E ContentSyncWorker: 	at java.util.concurrent.Executors$RunnableAdapter.call(Executors.java:462)
07-19 08:25:39.822 31290 27102 E ContentSyncWorker: 	at java.util.concurrent.FutureTask.run(FutureTask.java:266)
07-19 08:25:39.822 31290 27102 E ContentSyncWorker: 	at java.util.concurrent.ThreadPoolExecutor.runWorker(ThreadPoolExecutor.java:1167)
07-19 08:25:39.822 31290 27102 E ContentSyncWorker: 	at java.util.concurrent.ThreadPoolExecutor$Worker.run(ThreadPoolExecutor.java:641)
07-19 08:25:39.822 31290 27102 E ContentSyncWorker: 	at java.lang.Thread.run(Thread.java:922)
07-19 08:25:47.473 31290 28140 E ApiarySyncer: Error invoking apiary task
07-19 08:25:47.473 31290 28140 E ApiarySyncer: oej: 404 Not Found
07-19 08:25:47.473 31290 28140 E ApiarySyncer: POST https://www.googleapis.com/discussions/v1/targets/document:1pJ0-YmsEROoym5HE7GNWp0iBjtJIHvkksvaH8h92G_A/discussions/sync?clientModelVersion=3&includeSuggestions=true&oauth_token=ya29.m.CrACAZlPsVgRnc_iHEB_uaMHLkpE9g0iShbBhMp3DlAXcxPgT5B1HU_s_BVJfCMcSGhUbObG8DKOEoePh8RHJPuIdh1BfMVbHfcDpvnA0G-AaHfnn8YqRH20XBPf5uUcmBE9G4UwJwk2uU-cIxVUjmvLN2Hz0XFhnJZL5WTumwxFU6ciSnxcni39vDDX7Ce_TlMYoQG3ngtzxZMvSvoJh8vhdTXVpcGcn6Q_fTQrvBJ_4I5uLnOOCcauGMxIIc0DHEd7iq67aGqvlF-57ODPtiyvkOOibDUyKw1ozXfVfgvY5539AIzFwmbkwbWF3MWt8-bwGTAcgF-mbPD9BvNj8c5YsjqitsCfXlucXW6ZNp_7rpgLahT7dxx5VN3ldg_u79trTquG6CW-BDpXfmQrcqAg5hIfCAESGAoSAQUGBwgJCwwNDhARFBYXGRocEL2bARjxfhogsmVggAuIS2ekvwvdBPf8-3inxWNQuhRWKTrRE_gceooiAggBKithQ2dZS0FXTVNBUk1TRlFGV0t2UGxsazE1bEp6UEI0cU9hbWZkTnVGZ3Fn&platform=2
07-19 08:25:47.473 31290 28140 E ApiarySyncer: 	at oet.c(PG:31)
07-19 08:25:47.473 31290 28140 E ApiarySyncer: 	at afjn.b(PG:2)
07-19 08:25:47.473 31290 28140 E ApiarySyncer: 	at ofk.a(PG:102)
07-19 08:25:47.473 31290 28140 E ApiarySyncer: 	at oep.f(PG:69)
07-19 08:25:47.473 31290 28140 E ApiarySyncer: 	at fky.run(PG:58)
07-19 08:25:47.473 31290 28140 E ApiarySyncer: 	at java.util.concurrent.Executors$RunnableAdapter.call(Executors.java:462)
07-19 08:25:47.473 31290 28140 E ApiarySyncer: 	at java.util.concurrent.FutureTask.run(FutureTask.java:266)
07-19 08:25:47.473 31290 28140 E ApiarySyncer: 	at java.util.concurrent.ScheduledThreadPoolExecutor$ScheduledFutureTask.run(ScheduledThreadPoolExecutor.java:301)
07-19 08:25:47.473 31290 28140 E ApiarySyncer: 	at java.util.concurrent.ThreadPoolExecutor.runWorker(ThreadPoolExecutor.java:1167)
07-19 08:25:47.473 31290 28140 E ApiarySyncer: 	at java.util.concurrent.ThreadPoolExecutor$Worker.run(ThreadPoolExecutor.java:641)
07-19 08:25:47.473 31290 28140 E ApiarySyncer: 	at java.lang.Thread.run(Thread.java:922)
07-19 08:25:47.877 31290 28140 E ApiarySyncer: Error invoking apiary task
07-19 08:25:47.877 31290 28140 E ApiarySyncer: oej: 404 Not Found
07-19 08:25:47.877 31290 28140 E ApiarySyncer: POST https://www.googleapis.com/discussions/v1/targets/document:1pJ0-YmsEROoym5HE7GNWp0iBjtJIHvkksvaH8h92G_A/discussions/sync?clientModelVersion=3&includeSuggestions=true&oauth_token=ya29.m.CrACAZlPsVgRnc_iHEB_uaMHLkpE9g0iShbBhMp3DlAXcxPgT5B1HU_s_BVJfCMcSGhUbObG8DKOEoePh8RHJPuIdh1BfMVbHfcDpvnA0G-AaHfnn8YqRH20XBPf5uUcmBE9G4UwJwk2uU-cIxVUjmvLN2Hz0XFhnJZL5WTumwxFU6ciSnxcni39vDDX7Ce_TlMYoQG3ngtzxZMvSvoJh8vhdTXVpcGcn6Q_fTQrvBJ_4I5uLnOOCcauGMxIIc0DHEd7iq67aGqvlF-57ODPtiyvkOOibDUyKw1ozXfVfgvY5539AIzFwmbkwbWF3MWt8-bwGTAcgF-mbPD9BvNj8c5YsjqitsCfXlucXW6ZNp_7rpgLahT7dxx5VN3ldg_u79trTquG6CW-BDpXfmQrcqAg5hIfCAESGAoSAQUGBwgJCwwNDhARFBYXGRocEL6bARjyfhogfhwGKcBRF3d7SE_csPB7THZhadXEwTrM2SfJAjYSK4EiAggBKithQ2dZS0FXTVNBUk1TRlFGV0t2UGxsazE1bEp6UEI0cU9hbWZkTnVGZ3Fn&platform=2
07-19 08:25:47.877 31290 28140 E ApiarySyncer: 	at oet.c(PG:31)
07-19 08:25:47.877 31290 28140 E ApiarySyncer: 	at afjn.b(PG:2)
07-19 08:25:47.877 31290 28140 E ApiarySyncer: 	at ofk.a(PG:102)
07-19 08:25:47.877 31290 28140 E ApiarySyncer: 	at oep.f(PG:69)
07-19 08:25:47.877 31290 28140 E ApiarySyncer: 	at fky.run(PG:58)
07-19 08:25:47.877 31290 28140 E ApiarySyncer: 	at java.util.concurrent.Executors$RunnableAdapter.call(Executors.java:462)
07-19 08:25:47.877 31290 28140 E ApiarySyncer: 	at java.util.concurrent.FutureTask.run(FutureTask.java:266)
07-19 08:25:47.877 31290 28140 E ApiarySyncer: 	at java.util.concurrent.ScheduledThreadPoolExecutor$ScheduledFutureTask.run(ScheduledThreadPoolExecutor.java:301)
07-19 08:25:47.877 31290 28140 E ApiarySyncer: 	at java.util.concurrent.ThreadPoolExecutor.runWorker(ThreadPoolExecutor.java:1167)
07-19 08:25:47.877 31290 28140 E ApiarySyncer: 	at java.util.concurrent.ThreadPoolExecutor$Worker.run(ThreadPoolExecutor.java:641)
07-19 08:25:47.877 31290 28140 E ApiarySyncer: 	at java.lang.Thread.run(Thread.java:922)
07-19 08:25:48.220 31290 28140 E ApiarySyncer: Error invoking apiary task
07-19 08:25:48.220 31290 28140 E ApiarySyncer: oej: 404 Not Found
07-19 08:25:48.220 31290 28140 E ApiarySyncer: POST https://www.googleapis.com/discussions/v1/targets/document:1pJ0-YmsEROoym5HE7GNWp0iBjtJIHvkksvaH8h92G_A/discussions/sync?clientModelVersion=3&includeSuggestions=true&oauth_token=ya29.m.CrACAZlPsVgRnc_iHEB_uaMHLkpE9g0iShbBhMp3DlAXcxPgT5B1HU_s_BVJfCMcSGhUbObG8DKOEoePh8RHJPuIdh1BfMVbHfcDpvnA0G-AaHfnn8YqRH20XBPf5uUcmBE9G4UwJwk2uU-cIxVUjmvLN2Hz0XFhnJZL5WTumwxFU6ciSnxcni39vDDX7Ce_TlMYoQG3ngtzxZMvSvoJh8vhdTXVpcGcn6Q_fTQrvBJ_4I5uLnOOCcauGMxIIc0DHEd7iq67aGqvlF-57ODPtiyvkOOibDUyKw1ozXfVfgvY5539AIzFwmbkwbWF3MWt8-bwGTAcgF-mbPD9BvNj8c5YsjqitsCfXlucXW6ZNp_7rpgLahT7dxx5VN3ldg_u79trTquG6CW-BDpXfmQrcqAg5hIfCAESGAoSAQUGBwgJCwwNDhARFBYXGRocEL6bARjyfhogfhwGKcBRF3d7SE_csPB7THZhadXEwTrM2SfJAjYSK4EiAggBKithQ2dZS0FXTVNBUk1TRlFGV0t2UGxsazE1bEp6UEI0cU9hbWZkTnVGZ3Fn&platform=2
07-19 08:25:48.220 31290 28140 E ApiarySyncer: 	at oet.c(PG:31)
07-19 08:25:48.220 31290 28140 E ApiarySyncer: 	at afjn.b(PG:2)
07-19 08:25:48.220 31290 28140 E ApiarySyncer: 	at ofk.a(PG:102)
07-19 08:25:48.220 31290 28140 E ApiarySyncer: 	at oep.f(PG:69)
07-19 08:25:48.220 31290 28140 E ApiarySyncer: 	at fky.run(PG:58)
07-19 08:25:48.220 31290 28140 E ApiarySyncer: 	at java.util.concurrent.Executors$RunnableAdapter.call(Executors.java:462)
07-19 08:25:48.220 31290 28140 E ApiarySyncer: 	at java.util.concurrent.FutureTask.run(FutureTask.java:266)
07-19 08:25:48.220 31290 28140 E ApiarySyncer: 	at java.util.concurrent.ScheduledThreadPoolExecutor$ScheduledFutureTask.run(ScheduledThreadPoolExecutor.java:301)
07-19 08:25:48.220 31290 28140 E ApiarySyncer: 	at java.util.concurrent.ThreadPoolExecutor.runWorker(ThreadPoolExecutor.java:1167)
07-19 08:25:48.220 31290 28140 E ApiarySyncer: 	at java.util.concurrent.ThreadPoolExecutor$Worker.run(ThreadPoolExecutor.java:641)
07-19 08:25:48.220 31290 28140 E ApiarySyncer: 	at java.lang.Thread.run(Thread.java:922)
07-19 08:25:48.225 31290 27099 E EditorOfflineDbSyncable: Sync of 1pJ0-YmsEROoym5HE7GNWp0iBjtJIHvkksvaH8h92G_A failed. SyncResult: FAIL
07-19 08:25:48.226 31290 27100 E EditorOfflineDbSyncable: Sync of 1Ncay3CR7m1X0-1sF0qFMZkcbyHXQ37tHY3qDuwL1nhM failed. SyncResult: RETRY_DELAYED
07-19 08:25:48.347 31290 27099 E ContentSyncWorker: [0] failed: fay: Failed to sync content..
07-19 08:25:48.347 31290 27099 E ContentSyncWorker: fay: Failed to sync content.
07-19 08:25:48.347 31290 27099 E ContentSyncWorker: 	at hpg.b(PG:26)
07-19 08:25:48.347 31290 27099 E ContentSyncWorker: 	at ezh.a(PG:30)
07-19 08:25:48.347 31290 27099 E ContentSyncWorker: 	at eyw.run(PG:17)
07-19 08:25:48.347 31290 27099 E ContentSyncWorker: 	at java.util.concurrent.Executors$RunnableAdapter.call(Executors.java:462)
07-19 08:25:48.347 31290 27099 E ContentSyncWorker: 	at java.util.concurrent.FutureTask.run(FutureTask.java:266)
07-19 08:25:48.347 31290 27099 E ContentSyncWorker: 	at java.util.concurrent.ThreadPoolExecutor.runWorker(ThreadPoolExecutor.java:1167)
07-19 08:25:48.347 31290 27099 E ContentSyncWorker: 	at java.util.concurrent.ThreadPoolExecutor$Worker.run(ThreadPoolExecutor.java:641)
07-19 08:25:48.347 31290 27099 E ContentSyncWorker: 	at java.lang.Thread.run(Thread.java:922)
07-19 08:25:49.758 31290 27102 E ContentSyncWorker: [3] interrupted: ScheduledSyncTaskImpl[CelloEntrySpec[AccountId_3eb7585a, driveFileId=ItemId(email=insectsconnection@gmail.com, stableId=65880)], 0 attempts, 0/0 transferred, completed]
07-19 08:25:52.105 31290 28170 E ApiarySyncer: Error invoking apiary task
07-19 08:25:52.105 31290 28170 E ApiarySyncer: oej: 404 Not Found
07-19 08:25:52.105 31290 28170 E ApiarySyncer: POST https://www.googleapis.com/discussions/v1/targets/document:1pJ0-YmsEROoym5HE7GNWp0iBjtJIHvkksvaH8h92G_A/discussions/sync?clientModelVersion=3&includeSuggestions=true&oauth_token=ya29.m.CrACAZlPsVgRnc_iHEB_uaMHLkpE9g0iShbBhMp3DlAXcxPgT5B1HU_s_BVJfCMcSGhUbObG8DKOEoePh8RHJPuIdh1BfMVbHfcDpvnA0G-AaHfnn8YqRH20XBPf5uUcmBE9G4UwJwk2uU-cIxVUjmvLN2Hz0XFhnJZL5WTumwxFU6ciSnxcni39vDDX7Ce_TlMYoQG3ngtzxZMvSvoJh8vhdTXVpcGcn6Q_fTQrvBJ_4I5uLnOOCcauGMxIIc0DHEd7iq67aGqvlF-57ODPtiyvkOOibDUyKw1ozXfVfgvY5539AIzFwmbkwbWF3MWt8-bwGTAcgF-mbPD9BvNj8c5YsjqitsCfXlucXW6ZNp_7rpgLahT7dxx5VN3ldg_u79trTquG6CW-BDpXfmQrcqAg5hIfCAESGAoSAQUGBwgJCwwNDhARFBYXGRocEMKbARj2fhogpOoHa50Hr3xsvfUiZsmxVdU9kiLVBx9_cS6LMcN5rW8iAggBKithQ2dZS0FXTVNBUk1TRlFGV0t2UGxsazE1bEp6UEI0cU9hbWZkTnVGZ3Fn&platform=2
07-19 08:25:52.105 31290 28170 E ApiarySyncer: 	at oet.c(PG:31)
07-19 08:25:52.105 31290 28170 E ApiarySyncer: 	at afjn.b(PG:2)
07-19 08:25:52.105 31290 28170 E ApiarySyncer: 	at ofk.a(PG:102)
07-19 08:25:52.105 31290 28170 E ApiarySyncer: 	at oep.f(PG:69)
07-19 08:25:52.105 31290 28170 E ApiarySyncer: 	at fky.run(PG:58)
07-19 08:25:52.105 31290 28170 E ApiarySyncer: 	at java.util.concurrent.Executors$RunnableAdapter.call(Executors.java:462)
07-19 08:25:52.105 31290 28170 E ApiarySyncer: 	at java.util.concurrent.FutureTask.run(FutureTask.java:266)
